Component: ARM Compiler 5.06 update 7 (build 960) Tool: armlink [4d3601]

==============================================================================

Section Cross References

    system_stm32f10x.o(i.SetSysClock) refers to system_stm32f10x.o(i.SetSysClockTo72) for SetSysClockTo72
    system_stm32f10x.o(i.SystemCoreClockUpdate) refers to system_stm32f10x.o(.data) for SystemCoreClock
    system_stm32f10x.o(i.SystemInit) refers to system_stm32f10x.o(i.SetSysClock) for SetSysClock
    main.o(i.GetSysTimeMs) refers to main.o(.data) for last_tick
    main.o(i.TIM2_IRQHandler) refers to stm32f10x_tim.o(i.TIM_GetITStatus) for TIM_GetITStatus
    main.o(i.TIM2_IRQHandler) refers to stm32f10x_tim.o(i.TIM_ClearITPendingBit) for TIM_ClearITPendingBit
    main.o(i.TIM2_IRQHandler) refers to main.o(.data) for TIMER_IT
    main.o(i.main) refers to _printf_percent.o(.ARM.Collect$$_printf_percent$$00000000) for _printf_percent
    main.o(i.main) refers to _printf_d.o(.ARM.Collect$$_printf_percent$$00000009) for _printf_d
    main.o(i.main) refers to _printf_s.o(.ARM.Collect$$_printf_percent$$00000014) for _printf_s
    main.o(i.main) refers to _printf_dec.o(.text) for _printf_int_dec
    main.o(i.main) refers to _printf_str.o(.text) for _printf_str
    main.o(i.main) refers to _scanf_int.o(.text) for _scanf_int
    main.o(i.main) refers to misc.o(i.NVIC_PriorityGroupConfig) for NVIC_PriorityGroupConfig
    main.o(i.main) refers to key.o(i.Key_Init) for Key_Init
    main.o(i.main) refers to oled.o(i.OLED_Init) for OLED_Init
    main.o(i.main) refers to oled.o(i.OLED_Clear) for OLED_Clear
    main.o(i.main) refers to ds1302.o(i.Ds1302_Init) for Ds1302_Init
    main.o(i.main) refers to control.o(i.warm_init) for warm_init
    main.o(i.main) refers to control.o(i.zhileng_init) for zhileng_init
    main.o(i.main) refers to control.o(i.chushi_init) for chushi_init
    main.o(i.main) refers to oled.o(i.OLED_ShowCHinese) for OLED_ShowCHinese
    main.o(i.main) refers to oled.o(i.OLED_ShowString) for OLED_ShowString
    main.o(i.main) refers to key.o(i.KEY_Scan) for KEY_Scan
    main.o(i.main) refers to esp8266.o(i.ESP8266_Init) for ESP8266_Init
    main.o(i.main) refers to timer.o(i.Timer_Init) for Timer_Init
    main.o(i.main) refers to dht22.o(i.DHT22_Init) for DHT22_Init
    main.o(i.main) refers to delay.o(i.delay_ms) for delay_ms
    main.o(i.main) refers to main.o(i.GetSysTimeMs) for GetSysTimeMs
    main.o(i.main) refers to dht22.o(i.Read_DHT22) for Read_DHT22
    main.o(i.main) refers to __2sprintf.o(.text) for __2sprintf
    main.o(i.main) refers to esp8266.o(i.ESP8266_SendData) for ESP8266_SendData
    main.o(i.main) refers to esp8266.o(i.ESP8266_Clear) for ESP8266_Clear
    main.o(i.main) refers to main.o(i.show_mode) for show_mode
    main.o(i.main) refers to ds1302.o(i.TIME) for TIME
    main.o(i.main) refers to main.o(i.show_wendu) for show_wendu
    main.o(i.main) refers to main.o(.data) for key_num
    main.o(i.main) refers to main.o(.bss) for data
    main.o(i.main) refers to oled.o(i.OLED_ShowChar) for OLED_ShowChar
    main.o(i.main) refers to oled.o(i.OLED_ShowNum) for OLED_ShowNum
    main.o(i.main) refers to strstr.o(.text) for strstr
    main.o(i.main) refers to __0sscanf.o(.text) for __0sscanf
    main.o(i.main) refers to esp8266.o(.bss) for esp8266_buf
    main.o(i.show_mode) refers to oled.o(i.OLED_ShowCHinese) for OLED_ShowCHinese
    main.o(i.show_mode) refers to main.o(.data) for mode
    main.o(i.show_wendu) refers to _printf_percent.o(.ARM.Collect$$_printf_percent$$00000000) for _printf_percent
    main.o(i.show_wendu) refers to _printf_d.o(.ARM.Collect$$_printf_percent$$00000009) for _printf_d
    main.o(i.show_wendu) refers to _printf_dec.o(.text) for _printf_int_dec
    main.o(i.show_wendu) refers to __2sprintf.o(.text) for __2sprintf
    main.o(i.show_wendu) refers to oled.o(i.OLED_ShowString) for OLED_ShowString
    main.o(i.show_wendu) refers to main.o(.data) for wendu_display_force_update
    main.o(i.show_wendu) refers to main.o(.bss) for oled_str
    dht11.o(i.DHT11_Check) refers to delay.o(i.delay_us) for delay_us
    dht11.o(i.DHT11_Init) refers to stm32f10x_rcc.o(i.RCC_APB2PeriphClockCmd) for RCC_APB2PeriphClockCmd
    dht11.o(i.DHT11_Init) refers to stm32f10x_gpio.o(i.GPIO_Init) for GPIO_Init
    dht11.o(i.DHT11_Init) refers to stm32f10x_gpio.o(i.GPIO_SetBits) for GPIO_SetBits
    dht11.o(i.DHT11_Init) refers to dht11.o(i.DHT11_Rst) for DHT11_Rst
    dht11.o(i.DHT11_Init) refers to dht11.o(i.DHT11_Check) for DHT11_Check
    dht11.o(i.DHT11_Read_Bit) refers to delay.o(i.delay_us) for delay_us
    dht11.o(i.DHT11_Read_Byte) refers to dht11.o(i.DHT11_Read_Bit) for DHT11_Read_Bit
    dht11.o(i.DHT11_Rst) refers to delay.o(i.delay_ms) for delay_ms
    dht11.o(i.DHT11_Rst) refers to delay.o(i.delay_us) for delay_us
    dht11.o(i.Read_DHT11) refers to dht11.o(i.DHT11_Rst) for DHT11_Rst
    dht11.o(i.Read_DHT11) refers to dht11.o(i.DHT11_Check) for DHT11_Check
[...]
    ../clib/printf_percent.s                 0x00000000   Number         0  _printf_o.o ABSOLUTE
    ../clib/printf_percent.s                 0x00000000   Number         0  _printf_p.o ABSOLUTE
    ../clib/printf_percent.s                 0x00000000   Number         0  _printf_x.o ABSOLUTE
    ../clib/printf_percent.s                 0x00000000   Number         0  _printf_n.o ABSOLUTE
    ../clib/printf_percent.s                 0x00000000   Number         0  _printf_c.o ABSOLUTE
    ../clib/printf_percent.s                 0x00000000   Number         0  _printf_s.o ABSOLUTE
    ../clib/printf_percent.s                 0x00000000   Number         0  _printf_d.o ABSOLUTE
    ../clib/printf_percent.s                 0x00000000   Number         0  _printf_percent.o ABSOLUTE
    ../clib/printf_percent.s                 0x00000000   Number         0  _printf_e.o ABSOLUTE
    ../clib/printf_percent.s                 0x00000000   Number         0  _printf_percent_end.o ABSOLUTE
    ../clib/printf_percent.s                 0x00000000   Number         0  _printf_llx.o ABSOLUTE
    ../clib/printf_percent.s                 0x00000000   Number         0  _printf_llo.o ABSOLUTE
    ../clib/printf_percent.s                 0x00000000   Number         0  _printf_ls.o ABSOLUTE
    ../clib/printf_percent.s                 0x00000000   Number         0  _printf_lc.o ABSOLUTE
    ../clib/printf_percent.s                 0x00000000   Number         0  _printf_l.o ABSOLUTE
    ../clib/printf_percent.s                 0x00000000   Number         0  _printf_ll.o ABSOLUTE
    ../clib/printf_percent.s                 0x00000000   Number         0  _printf_llu.o ABSOLUTE
    ../clib/printf_percent.s                 0x00000000   Number         0  _printf_lld.o ABSOLUTE
    ../clib/printf_percent.s                 0x00000000   Number         0  _printf_lli.o ABSOLUTE
    ../clib/printf_percent.s                 0x00000000   Number         0  _printf_a.o ABSOLUTE
    ../clib/scanf.c                          0x00000000   Number         0  _scanf.o ABSOLUTE
    ../clib/scanf.c                          0x00000000   Number         0  _chval.o ABSOLUTE
    ../clib/scanf.c                          0x00000000   Number         0  scanf_char.o ABSOLUTE
    ../clib/scanf.c                          0x00000000   Number         0  _sgetc.o ABSOLUTE
    ../clib/scanf.c                          0x00000000   Number         0  _scanf_int.o ABSOLUTE
    ../clib/scanf.c                          0x00000000   Number         0  __0sscanf.o ABSOLUTE
    ../clib/signal.c                         0x00000000   Number         0  defsig_other.o ABSOLUTE
    ../clib/signal.c                         0x00000000   Number         0  defsig_segv_inner.o ABSOLUTE
    ../clib/signal.c                         0x00000000   Number         0  defsig_cppl_inner.o ABSOLUTE
    ../clib/signal.c                         0x00000000   Number         0  defsig_pvfn_inner.o ABSOLUTE
    ../clib/signal.c                         0x00000000   Number         0  defsig_stak_inner.o ABSOLUTE
    ../clib/signal.c                         0x00000000   Number         0  defsig_fpe_inner.o ABSOLUTE
    ../clib/signal.c                         0x00000000   Number         0  defsig_rtred_inner.o ABSOLUTE
    ../clib/signal.c                         0x00000000   Number         0  defsig_rtmem_inner.o ABSOLUTE
    ../clib/signal.c                         0x00000000   Number         0  defsig_abrt_inner.o ABSOLUTE
    ../clib/signal.c                         0x00000000   Number         0  defsig_general.o ABSOLUTE
    ../clib/signal.c                         0x00000000   Number         0  __raise.o ABSOLUTE
    ../clib/signal.c                         0x00000000   Number         0  defsig_exit.o ABSOLUTE
    ../clib/signal.c                         0x00000000   Number         0  defsig_rtmem_formal.o ABSOLUTE
    ../clib/signal.c                         0x00000000   Number         0  defsig_rtmem_outer.o ABSOLUTE
    ../clib/signal.s                         0x00000000   Number         0  defsig.o ABSOLUTE
    ../clib/stdlib.c                         0x00000000   Number         0  exit.o ABSOLUTE
    ../clib/string.c                         0x00000000   Number         0  strstr.o ABSOLUTE
    ../clib/string.c                         0x00000000   Number         0  strlen.o ABSOLUTE
    ../fplib/faddsub.s                       0x00000000   Number         0  faddsub_clz.o ABSOLUTE
    ../fplib/fdiv.s                          0x00000000   Number         0  fdiv.o ABSOLUTE
    ../fplib/fflt.s                          0x00000000   Number         0  fflt_clz.o ABSOLUTE
    ../fplib/fmul.s                          0x00000000   Number         0  fmul.o ABSOLUTE
    ../fplib/fnaninf.s                       0x00000000   Number         0  fnaninf.o ABSOLUTE
    ../fplib/fpinit.s                        0x00000000   Number         0  fpinit.o ABSOLUTE
    ../fplib/fretinf.s                       0x00000000   Number         0  fretinf.o ABSOLUTE
    ../fplib/istatus.s                       0x00000000   Number         0  istatus.o ABSOLUTE
    ../fplib/printf1.s                       0x00000000   Number         0  printf1.o ABSOLUTE
    ../fplib/printf2.s                       0x00000000   Number         0  printf2.o ABSOLUTE
    ../fplib/printf2a.s                      0x00000000   Number         0  printf2a.o ABSOLUTE
    ../fplib/printf2b.s                      0x00000000   Number         0  printf2b.o ABSOLUTE
    ../fplib/usenofp.s                       0x00000000   Number         0  usenofp.o ABSOLUTE
    ../mathlib/fpclassify.c                  0x00000000   Number         0  fpclassify.o ABSOLUTE
    ..\CORE\core_cm3.c                       0x00000000   Number         0  core_cm3.o ABSOLUTE
    ..\CORE\startup_stm32f10x_md.s           0x00000000   Number         0  startup_stm32f10x_md.o ABSOLUTE
    ..\HARDWARE\AD\AD.c                      0x00000000   Number         0  ad.o ABSOLUTE
    ..\HARDWARE\DHT11\dht11.c                0x00000000   Number         0  dht11.o ABSOLUTE
    ..\HARDWARE\DHT22\dht22.c                0x00000000   Number         0  dht22.o ABSOLUTE
    ..\HARDWARE\DS1302\DS1302.c              0x00000000   Number         0  ds1302.o ABSOLUTE
    ..\HARDWARE\ESP8266\esp8266.c            0x00000000   Number         0  esp8266.o ABSOLUTE
    ..\HARDWARE\KEY\Key.c                    0x00000000   Number         0  key.o ABSOLUTE
    ..\HARDWARE\Light\Light.c                0x00000000   Number         0  light.o ABSOLUTE
    ..\HARDWARE\OLED\oled.c                  0x00000000   Number         0  oled.o ABSOLUTE
    ..\HARDWARE\STMFLASH\stmflash.c          0x00000000   Number         0  stmflash.o ABSOLUTE
    ..\HARDWARE\Timer\Timer.c                0x00000000   Number         0  timer.o ABSOLUTE
    ..\HARDWARE\Usart\Usart.c                0x00000000   Number         0  usart.o ABSOLUTE
    ..\HARDWARE\control\control.c            0x00000000   Number         0  control.o ABSOLUTE
    ..\STM32F10x_FWLib\src\misc.c            0x00000000   Number         0  misc.o ABSOLUTE
    ..\STM32F10x_FWLib\src\stm32f10x_adc.c   0x00000000   Number         0  stm32f10x_adc.o ABSOLUTE
    ..\STM32F10x_FWLib\src\stm32f10x_bkp.c   0x00000000   Number         0  stm32f10x_bkp.o ABSOLUTE
    ..\STM32F10x_FWLib\src\stm32f10x_can.c   0x00000000   Number         0  stm32f10x_can.o ABSOLUTE
    ..\STM32F10x_FWLib\src\stm32f10x_cec.c   0x00000000   Number         0  stm32f10x_cec.o ABSOLUTE
    ..\STM32F10x_FWLib\src\stm32f10x_crc.c   0x00000000   Number         0  stm32f10x_crc.o ABSOLUTE
    ..\STM32F10x_FWLib\src\stm32f10x_dac.c   0x00000000   Number         0  stm32f10x_dac.o ABSOLUTE
    ..\STM32F10x_FWLib\src\stm32f10x_dbgmcu.c 0x00000000   Number         0  stm32f10x_dbgmcu.o ABSOLUTE
    ..\STM32F10x_FWLib\src\stm32f10x_dma.c   0x00000000   Number         0  stm32f10x_dma.o ABSOLUTE
    ..\STM32F10x_FWLib\src\stm32f10x_exti.c  0x00000000   Number         0  stm32f10x_exti.o ABSOLUTE
    ..\STM32F10x_FWLib\src\stm32f10x_flash.c 0x00000000   Number         0  stm32f10x_flash.o ABSOLUTE
    ..\STM32F10x_FWLib\src\stm32f10x_fsmc.c  0x00000000   Number         0  stm32f10x_fsmc.o ABSOLUTE
    ..\STM32F10x_FWLib\src\stm32f10x_gpio.c  0x00000000   Number         0  stm32f10x_gpio.o ABSOLUTE
    ..\STM32F10x_FWLib\src\stm32f10x_i2c.c   0x00000000   Number         0  stm32f10x_i2c.o ABSOLUTE
    ..\STM32F10x_FWLib\src\stm32f10x_iwdg.c  0x00000000   Number         0  stm32f10x_iwdg.o ABSOLUTE
    ..\STM32F10x_FWLib\src\stm32f10x_pwr.c   0x00000000   Number         0  stm32f10x_pwr.o ABSOLUTE
    ..\STM32F10x_FWLib\src\stm32f10x_rcc.c   0x00000000   Number         0  stm32f10x_rcc.o ABSOLUTE
    ..\STM32F10x_FWLib\src\stm32f10x_rtc.c   0x00000000   Number         0  stm32f10x_rtc.o ABSOLUTE
    ..\STM32F10x_FWLib\src\stm32f10x_sdio.c  0x00000000   Number         0  stm32f10x_sdio.o ABSOLUTE
    ..\STM32F10x_FWLib\src\stm32f10x_spi.c   0x00000000   Number         0  stm32f10x_spi.o ABSOLUTE
    ..\STM32F10x_FWLib\src\stm32f10x_tim.c   0x00000000   Number         0  stm32f10x_tim.o ABSOLUTE
    ..\STM32F10x_FWLib\src\stm32f10x_usart.c 0x00000000   Number         0  stm32f10x_usart.o ABSOLUTE
    ..\STM32F10x_FWLib\src\stm32f10x_wwdg.c  0x00000000   Number         0  stm32f10x_wwdg.o ABSOLUTE
    ..\SYSTEM\adc\adcx.c                     0x00000000   Number         0  adcx.o ABSOLUTE
    ..\SYSTEM\delay\delay.c                  0x00000000   Number         0  delay.o ABSOLUTE
    ..\SYSTEM\sys\sys.c                      0x00000000   Number         0  sys.o ABSOLUTE
    ..\\CORE\\core_cm3.c                     0x00000000   Number         0  core_cm3.o ABSOLUTE
    dc.s                                     0x00000000   Number         0  dc.o ABSOLUTE
    main.c                                   0x00000000   Number         0  main.o ABSOLUTE
    stm32f10x_it.c                           0x00000000   Number         0  stm32f10x_it.o ABSOLUTE
    system_stm32f10x.c                       0x00000000   Number         0  system_stm32f10x.o ABSOLUTE
    RESET                                    0x08000000   Section      236  startup_stm32f10x_md.o(RESET)
    !!!main                                  0x080000ec   Section        8  __main.o(!!!main)
    !!!scatter                               0x080000f4   Section       52  __scatter.o(!!!scatter)
    !!dclz77c                                0x08000128   Section      100  __dclz77c.o(!!dclz77c)
    !!handler_zi                             0x0800018c   Section       28  __scatter_zi.o(!!handler_zi)
    .ARM.Collect$$_printf_percent$$00000000  0x080001a8   Section        0  _printf_percent.o(.ARM.Collect$$_printf_percent$$00000000)
    .ARM.Collect$$_printf_percent$$00000009  0x080001a8   Section        6  _printf_d.o(.ARM.Collect$$_printf_percent$$00000009)
    .ARM.Collect$$_printf_percent$$00000014  0x080001ae   Section        6  _printf_s.o(.ARM.Collect$$_printf_percent$$00000014)
    .ARM.Collect$$_printf_percent$$00000017  0x080001b4   Section        4  _printf_percent_end.o(.ARM.Collect$$_printf_percent$$00000017)
    .ARM.Collect$$libinit$$00000000          0x080001b8   Section        2  libinit.o(.ARM.Collect$$libinit$$00000000)
    .ARM.Collect$$libinit$$00000002          0x080001ba   Section        0  libinit2.o(.ARM.Collect$$libinit$$00000002)
    .ARM.Collect$$libinit$$00000004          0x080001ba   Section        0  libinit2.o(.ARM.Collect$$libinit$$00000004)
    .ARM.Collect$$libinit$$0000000A          0x080001ba   Section        0  libinit2.o(.ARM.Collect$$libinit$$0000000A)
    .ARM.Collect$$libinit$$0000000C          0x080001ba   Section        0  libinit2.o(.ARM.Collect$$libinit$$0000000C)
    .ARM.Collect$$libinit$$0000000E          0x080001ba   Section        0  libinit2.o(.ARM.Collect$$libinit$$0000000E)
    .ARM.Collect$$libinit$$0000000F          0x080001ba   Section        6  libinit2.o(.ARM.Collect$$libinit$$0000000F)
    .ARM.Collect$$libinit$$00000011          0x080001c0   Section        0  libinit2.o(.ARM.Collect$$libinit$$00000011)
    .ARM.Collect$$libinit$$00000012          0x080001c0   Section       12  libinit2.o(.ARM.Collect$$libinit$$00000012)
    .ARM.Collect$$libinit$$00000013          0x080001cc   Section        0  libinit2.o(.ARM.Collect$$libinit$$00000013)
    .ARM.Collect$$libinit$$00000015          0x080001cc   Section        0  libinit2.o(.ARM.Collect$$libinit$$00000015)
    .ARM.Collect$$libinit$$00000017          0x080001cc   Section        0  libinit2.o(.ARM.Collect$$libinit$$00000017)
    .ARM.Collect$$libinit$$00000019          0x080001cc   Section        0  libinit2.o(.ARM.Collect$$libinit$$00000019)
    .ARM.Collect$$libinit$$0000001B          0x080001cc   Section        0  libinit2.o(.ARM.Collect$$libinit$$0000001B)
    .ARM.Collect$$libinit$$0000001D          0x080001cc   Section        0  libinit2.o(.ARM.Collect$$libinit$$0000001D)
    .ARM.Collect$$libinit$$0000001F          0x080001cc   Section        0  libinit2.o(.ARM.Collect$$libinit$$0000001F)
    .ARM.Collect$$libinit$$00000021          0x080001cc   Section        0  libinit2.o(.ARM.Collect$$libinit$$00000021)
    .ARM.Collect$$libinit$$00000023          0x080001cc   Section        0  libinit2.o(.ARM.Collect$$libinit$$00000023)
    .ARM.Collect$$libinit$$00000025          0x080001cc   Section        0  libinit2.o(.ARM.Collect$$libinit$$00000025)
    .ARM.Collect$$libinit$$0000002C          0x080001cc   Section        0  libinit2.o(.ARM.Collect$$libinit$$0000002C)
    .ARM.Collect$$libinit$$0000002E          0x080001cc   Section        0  libinit2.o(.ARM.Collect$$libinit$$0000002E)
    .ARM.Collect$$libinit$$00000030          0x080001cc   Section        0  libinit2.o(.ARM.Collect$$libinit$$00000030)
    .ARM.Collect$$libinit$$00000032          0x080001cc   Section        0  libinit2.o(.ARM.Collect$$libinit$$00000032)
    .ARM.Collect$$libinit$$00000033          0x080001cc   Section        2  libinit2.o(.ARM.Collect$$libinit$$00000033)
    .ARM.Collect$$libshutdown$$00000000      0x080001ce   Section        2  libshutdown.o(.ARM.Collect$$libshutdown$$00000000)
    .ARM.Collect$$libshutdown$$00000002      0x080001d0   Section        0  libshutdown2.o(.ARM.Collect$$libshutdown$$00000002)
    .ARM.Collect$$libshutdown$$00000004      0x080001d0   Section        0  libshutdown2.o(.ARM.Collect$$libshutdown$$00000004)
    .ARM.Collect$$libshutdown$$00000006      0x080001d0   Section        0  libshutdown2.o(.ARM.Collect$$libshutdown$$00000006)
    .ARM.Collect$$libshutdown$$00000009      0x080001d0   Section        0  libshutdown2.o(.ARM.Collect$$libshutdown$$00000009)
    .ARM.Collect$$libshutdown$$0000000C      0x080001d0   Section        0  libshutdown2.o(.ARM.Collect$$libshutdown$$0000000C)
    .ARM.Collect$$libshutdown$$0000000E      0x080001d0   Section        0  libshutdown2.o(.ARM.Collect$$libshutdown$$0000000E)
    .ARM.Collect$$libshutdown$$00000011      0x080001d0   Section        0  libshutdown2.o(.ARM.Collect$$libshutdown$$00000011)
    .ARM.Collect$$libshutdown$$00000012      0x080001d0   Section        2  libshutdown2.o(.ARM.Collect$$libshutdown$$00000012)
    .ARM.Collect$$rtentry$$00000000          0x080001d2   Section        0  __rtentry.o(.ARM.Collect$$rtentry$$00000000)
    .ARM.Collect$$rtentry$$00000002          0x080001d2   Section        0  __rtentry2.o(.ARM.Collect$$rtentry$$00000002)
    .ARM.Collect$$rtentry$$00000004          0x080001d2   Section        6  __rtentry4.o(.ARM.Collect$$rtentry$$00000004)
    .ARM.Collect$$rtentry$$00000009          0x080001d8   Section        0  __rtentry2.o(.ARM.Collect$$rtentry$$00000009)
    .ARM.Collect$$rtentry$$0000000A          0x080001d8   Section        4  __rtentry2.o(.ARM.Collect$$rtentry$$0000000A)
    .ARM.Collect$$rtentry$$0000000C          0x080001dc   Section        0  __rtentry2.o(.ARM.Collect$$rtentry$$0000000C)
    .ARM.Collect$$rtentry$$0000000D          0x080001dc   Section        8  __rtentry2.o(.ARM.Collect$$rtentry$$0000000D)
    .ARM.Collect$$rtexit$$00000000           0x080001e4   Section        2  rtexit.o(.ARM.Collect$$rtexit$$00000000)
    .ARM.Collect$$rtexit$$00000002           0x080001e6   Section        0  rtexit2.o(.ARM.Collect$$rtexit$$00000002)
    .ARM.Collect$$rtexit$$00000003           0x080001e6   Section        4  rtexit2.o(.ARM.Collect$$rtexit$$00000003)
    .ARM.Collect$$rtexit$$00000004           0x080001ea   Section        6  rtexit2.o(.ARM.Collect$$rtexit$$00000004)
    .text                                    0x080001f0   Section       64  startup_stm32f10x_md.o(.text)
    .text                                    0x08000230   Section        2  use_no_semi_2.o(.text)
    .text                                    0x08000234   Section        0  __2sprintf.o(.text)
    .text                                    0x08000260   Section        0  _printf_pad.o(.text)
    .text                                    0x080002ae   Section        0  _printf_str.o(.text)
    .text                                    0x08000300   Section        0  _printf_dec.o(.text)
    .text                                    0x08000378   Section        0  __printf_flags_ss_wp.o(.text)
    .text                                    0x08000500   Section        0  __0sscanf.o(.text)
    .text                                    0x0800053c   Section        0  _scanf_int.o(.text)
    .text                                    0x08000688   Section        0  strstr.o(.text)
    .text                                    0x080006ac   Section        0  strlen.o(.text)
    .text                                    0x080006ea   Section       68  rt_memclr.o(.text)
    .text                                    0x0800072e   Section       78  rt_memclr_w.o(.text)
    .text                                    0x0800077c   Section        0  heapauxi.o(.text)
    .text                                    0x08000782   Section        2  use_no_semi.o(.text)
    .text                                    0x08000784   Section        0  _printf_intcommon.o(.text)
    .text                                    0x08000838   Section        0  _printf_char_common.o(.text)
    _printf_input_char                       0x08000839   Thumb Code    10  _printf_char_common.o(.text)
    .text                                    0x08000868   Section        0  _sputc.o(.text)
    .text                                    0x08000872   Section        0  _printf_char.o(.text)
    .text                                    0x0800089e   Section        0  _chval.o(.text)
    .text                                    0x080008bc   Section        0  scanf_char.o(.text)
    _scanf_char_input                        0x080008bd   Thumb Code    12  scanf_char.o(.text)
    .text                                    0x080008e8   Section        0  _sgetc.o(.text)
    .text                                    0x08000928   Section        0  isspace.o(.text)
    .text                                    0x0800093c   Section        0  _scanf.o(.text)
    .text                                    0x08000cb0   Section       74  sys_stackheap_outer.o(.text)
    .text                                    0x08000cfc   Section       16  rt_ctype_table.o(.text)
    .text                                    0x08000d0c   Section        8  rt_locale_intlibspace.o(.text)
    .text                                    0x08000d14   Section        0  exit.o(.text)
    .text                                    0x08000d28   Section        8  libspace.o(.text)
    .text                                    0x08000d30   Section      128  strcmpv7m.o(.text)
    i.BCD2HEX                                0x08000db0   Section        0  ds1302.o(i.BCD2HEX)
    i.BusFault_Handler                       0x08000dda   Section        0  stm32f10x_it.o(i.BusFault_Handler)
    i.DHT22_Check                            0x08000de0   Section        0  dht22.o(i.DHT22_Check)
    i.DHT22_Init                             0x08000e44   Section        0  dht22.o(i.DHT22_Init)
    i.DHT22_Read_Bit                         0x08000e84   Section        0  dht22.o(i.DHT22_Read_Bit)
    i.DHT22_Read_Byte                        0x08000ed0   Section        0  dht22.o(i.DHT22_Read_Byte)
    i.DHT22_Rst                              0x08000ef0   Section        0  dht22.o(i.DHT22_Rst)
    i.DebugMon_Handler                       0x08000f30   Section        0  stm32f10x_it.o(i.DebugMon_Handler)
    i.Ds1302_Init                            0x08000f34   Section        0  ds1302.o(i.Ds1302_Init)
    i.Ds1302_Read_Byte                       0x08000f58   Section        0  ds1302.o(i.Ds1302_Read_Byte)
    i.Ds1302_Write_Byte                      0x0800103c   Section        0  ds1302.o(i.Ds1302_Write_Byte)
    i.ESP8266_Clear                          0x08001110   Section        0  esp8266.o(i.ESP8266_Clear)
    i.ESP8266_Init                           0x08001138   Section        0  esp8266.o(i.ESP8266_Init)
    i.ESP8266_SendATCmd                      0x080014b8   Section        0  esp8266.o(i.ESP8266_SendATCmd)
    i.ESP8266_SendData                       0x08001524   Section        0  esp8266.o(i.ESP8266_SendData)
    i.ESP8266_USART_Init                     0x08001638   Section        0  esp8266.o(i.ESP8266_USART_Init)
    ESP8266_USART_Init                       0x08001639   Thumb Code   154  esp8266.o(i.ESP8266_USART_Init)
    i.GPIO_Init                              0x080016dc   Section        0  stm32f10x_gpio.o(i.GPIO_Init)
    i.GPIO_PinRemapConfig                    0x080017f4   Section        0  stm32f10x_gpio.o(i.GPIO_PinRemapConfig)
    i.GPIO_ResetBits                         0x08001884   Section        0  stm32f10x_gpio.o(i.GPIO_ResetBits)
    i.GPIO_SetBits                           0x08001888   Section        0  stm32f10x_gpio.o(i.GPIO_SetBits)
    i.GetSysTimeMs                           0x0800188c   Section        0  main.o(i.GetSysTimeMs)
    i.HardFault_Handler                      0x080018b8   Section        0  stm32f10x_it.o(i.HardFault_Handler)
    i.IIC_Start1                             0x080018bc   Section        0  oled.o(i.IIC_Start1)
    i.IIC_Stop1                              0x080018ec   Section        0  oled.o(i.IIC_Stop1)
    i.IIC_Wait_Ack1                          0x08001914   Section        0  oled.o(i.IIC_Wait_Ack1)
    i.IO_Init                                0x08001930   Section        0  ds1302.o(i.IO_Init)
    i.KEY_Scan                               0x0800195c   Section        0  key.o(i.KEY_Scan)
    i.Key_Init                               0x080019fc   Section        0  key.o(i.Key_Init)
    i.MemManage_Handler                      0x08001a2c   Section        0  stm32f10x_it.o(i.MemManage_Handler)
    i.NMI_Handler                            0x08001a30   Section        0  stm32f10x_it.o(i.NMI_Handler)
    i.NVIC_Init                              0x08001a34   Section        0  misc.o(i.NVIC_Init)
    i.NVIC_PriorityGroupConfig               0x08001aa4   Section        0  misc.o(i.NVIC_PriorityGroupConfig)
    i.OLED_Clear                             0x08001ab8   Section        0  oled.o(i.OLED_Clear)
    i.OLED_Init                              0x08001af8   Section        0  oled.o(i.OLED_Init)
    i.OLED_Set_Pos                           0x08001c0c   Section        0  oled.o(i.OLED_Set_Pos)
    i.OLED_ShowCHinese                       0x08001c34   Section        0  oled.o(i.OLED_ShowCHinese)
    i.OLED_ShowChar                          0x08001c9c   Section        0  oled.o(i.OLED_ShowChar)
    i.OLED_ShowFailureWithCountdown          0x08001d40   Section        0  esp8266.o(i.OLED_ShowFailureWithCountdown)
    i.OLED_ShowNum                           0x08001db8   Section        0  oled.o(i.OLED_ShowNum)
    i.OLED_ShowString                        0x08001e40   Section        0  oled.o(i.OLED_ShowString)
    i.OLED_ShowWiFiProgress                  0x08001e7c   Section        0  esp8266.o(i.OLED_ShowWiFiProgress)
    i.OLED_WR_Byte                           0x08001ea0   Section        0  oled.o(i.OLED_WR_Byte)
    i.PendSV_Handler                         0x08001eb8   Section        0  stm32f10x_it.o(i.PendSV_Handler)
    i.RCC_APB1PeriphClockCmd                 0x08001ebc   Section        0  stm32f10x_rcc.o(i.RCC_APB1PeriphClockCmd)
    i.RCC_APB2PeriphClockCmd                 0x08001edc   Section        0  stm32f10x_rcc.o(i.RCC_APB2PeriphClockCmd)
    i.RCC_GetClocksFreq                      0x08001efc   Section        0  stm32f10x_rcc.o(i.RCC_GetClocksFreq)
    i.RTC_Get                                0x08001fd0   Section        0  ds1302.o(i.RTC_Get)
    i.Read_DHT22                             0x08002058   Section        0  dht22.o(i.Read_DHT22)
    i.SVC_Handler                            0x08002146   Section        0  stm32f10x_it.o(i.SVC_Handler)
    i.SetSysClock                            0x08002148   Section        0  system_stm32f10x.o(i.SetSysClock)
    SetSysClock                              0x08002149   Thumb Code     8  system_stm32f10x.o(i.SetSysClock)
    i.SetSysClockTo72                        0x08002150   Section        0  system_stm32f10x.o(i.SetSysClockTo72)
    SetSysClockTo72                          0x08002151   Thumb Code   214  system_stm32f10x.o(i.SetSysClockTo72)
    i.SysTick_Handler                        0x08002230   Section        0  stm32f10x_it.o(i.SysTick_Handler)
    i.SystemInit                             0x08002234   Section        0  system_stm32f10x.o(i.SystemInit)
    i.TIM2_IRQHandler                        0x08002294   Section        0  main.o(i.TIM2_IRQHandler)
    i.TIME                                   0x080022b4   Section        0  ds1302.o(i.TIME)
    i.TIM_ClearFlag                          0x0800245c   Section        0  stm32f10x_tim.o(i.TIM_ClearFlag)
    i.TIM_ClearITPendingBit                  0x08002462   Section        0  stm32f10x_tim.o(i.TIM_ClearITPendingBit)
    i.TIM_Cmd                                0x08002468   Section        0  stm32f10x_tim.o(i.TIM_Cmd)
    i.TIM_GetITStatus                        0x08002480   Section        0  stm32f10x_tim.o(i.TIM_GetITStatus)
    i.TIM_ITConfig                           0x080024a2   Section        0  stm32f10x_tim.o(i.TIM_ITConfig)
    i.TIM_InternalClockConfig                0x080024b4   Section        0  stm32f10x_tim.o(i.TIM_InternalClockConfig)
    i.TIM_TimeBaseInit                       0x080024c0   Section        0  stm32f10x_tim.o(i.TIM_TimeBaseInit)
    i.Timer_Init                             0x08002564   Section        0  timer.o(i.Timer_Init)
    i.USART1_IRQHandler                      0x080025e0   Section        0  usart.o(i.USART1_IRQHandler)
    i.USART2_IRQHandler                      0x08002680   Section        0  esp8266.o(i.USART2_IRQHandler)
    i.USART_ClearITPendingBit                0x080026f8   Section        0  stm32f10x_usart.o(i.USART_ClearITPendingBit)
    i.USART_Cmd                              0x08002716   Section        0  stm32f10x_usart.o(i.USART_Cmd)
    i.USART_GetFlagStatus                    0x0800272e   Section        0  stm32f10x_usart.o(i.USART_GetFlagStatus)
    i.USART_GetITStatus                      0x08002748   Section        0  stm32f10x_usart.o(i.USART_GetITStatus)
    i.USART_ITConfig                         0x0800279c   Section        0  stm32f10x_usart.o(i.USART_ITConfig)
    i.USART_Init                             0x080027e8   Section        0  stm32f10x_usart.o(i.USART_Init)
    i.USART_ReceiveData                      0x080028c0   Section        0  stm32f10x_usart.o(i.USART_ReceiveData)
    i.USART_SendData                         0x080028ca   Section        0  stm32f10x_usart.o(i.USART_SendData)
    i.UsageFault_Handler                     0x080028d2   Section        0  stm32f10x_it.o(i.UsageFault_Handler)
    i.Write_IIC_Byte                         0x080028d8   Section        0  oled.o(i.Write_IIC_Byte)
    i.Write_IIC_Command                      0x08002934   Section        0  oled.o(i.Write_IIC_Command)
    i.Write_IIC_Data                         0x08002960   Section        0  oled.o(i.Write_IIC_Data)
    i._is_digit                              0x0800298c   Section        0  __printf_wp.o(i._is_digit)
    i._sys_exit                              0x0800299a   Section        0  usart.o(i._sys_exit)
    i.chushi_init                            0x080029a0   Section        0  control.o(i.chushi_init)
    i.delay_ms                               0x080029cc   Section        0  delay.o(i.delay_ms)
    i.delay_us                               0x080029e4   Section        0  delay.o(i.delay_us)
    i.main                                   0x08002a14   Section        0  main.o(i.main)
    i.oled_pow                               0x08003404   Section        0  oled.o(i.oled_pow)
    i.show_mode                              0x0800341c   Section        0  main.o(i.show_mode)
    i.show_wendu                             0x08003484   Section        0  main.o(i.show_wendu)
    i.warm_init                              0x08003540   Section        0  control.o(i.warm_init)
    i.zhileng_init                           0x0800356c   Section        0  control.o(i.zhileng_init)
    locale$$code                             0x08003598   Section       44  lc_ctype_c.o(locale$$code)
    .constdata                               0x080035c4   Section     2072  oled.o(.constdata)
    .constdata                               0x08003ddc   Section       17  __printf_flags_ss_wp.o(.constdata)
    maptable                                 0x08003ddc   Data          17  __printf_flags_ss_wp.o(.constdata)
    .conststring                             0x08003df0   Section       71  esp8266.o(.conststring)
    locale$$data                             0x08003e58   Section      272  lc_ctype_c.o(locale$$data)
    __lcctype_c_name                         0x08003e5c   Data           2  lc_ctype_c.o(locale$$data)
    __lcctype_c_start                        0x08003e64   Data           0  lc_ctype_c.o(locale$$data)
    __lcctype_c_end                          0x08003f68   Data           0  lc_ctype_c.o(locale$$data)
    .data                                    0x20000000   Section      104  main.o(.data)
    tick_ms                                  0x20000060   Data           4  main.o(.data)
    last_tick                                0x20000064   Data           4  main.o(.data)
    .data                                    0x20000068   Section     8192  oled.o(.data)
    .data                                    0x20002068   Section        1  key.o(.data)
    key_up                                   0x20002068   Data           1  key.o(.data)
    .data                                    0x2000206c   Section       18  usart.o(.data)
    RxState                                  0x2000207c   Data           1  usart.o(.data)
    pRxPacket                                0x2000207d   Data           1  usart.o(.data)
    .data                                    0x2000207e   Section       18  esp8266.o(.data)
    .data                                    0x20002090   Section       20  stm32f10x_rcc.o(.data)
    APBAHBPrescTable                         0x20002090   Data          16  stm32f10x_rcc.o(.data)
    ADCPrescTable                            0x200020a0   Data           4  stm32f10x_rcc.o(.data)
    .bss                                     0x200020a4   Section      330  main.o(.bss)
    .bss                                     0x200021ee   Section       50  usart.o(.bss)
    .bss                                     0x20002220   Section       70  ds1302.o(.bss)
    .bss                                     0x20002266   Section      512  esp8266.o(.bss)
    .bss                                     0x20002468   Section       96  libspace.o(.bss)
    HEAP                                     0x200024c8   Section      512  startup_stm32f10x_md.o(HEAP)
    Heap_Mem                                 0x200024c8   Data         512  startup_stm32f10x_md.o(HEAP)
    STACK                                    0x200026c8   Section     1024  startup_stm32f10x_md.o(STACK)
    Stack_Mem                                0x200026c8   Data        1024  startup_stm32f10x_md.o(STACK)
    __initial_sp                             0x20002ac8   Data           0  startup_stm32f10x_md.o(STACK)

    Global Symbols

    Symbol Name                              Value     Ov Type        Size  Object(Section)

    BuildAttributes$$THM_ISAv4$P$D$K$B$S$PE$A:L22UL41UL21$X:L11$S22US41US21$IEEE1$IW$USESV6$~STKCKD$USESV7$~SHL$OTIME$ROPI$IEEEJ$EBA8$UX$STANDARDLIB$REQ8$PRES8$EABIv2 0x00000000   Number         0  anon$$obj.o ABSOLUTE
    __ARM_use_no_argv                        0x00000000   Number         0  main.o ABSOLUTE
    _printf_flags                            0x00000000   Number         0  printf_stubs.o ABSOLUTE
    _printf_return_value                     0x00000000   Number         0  printf_stubs.o ABSOLUTE
    _printf_sizespec                         0x00000000   Number         0  printf_stubs.o ABSOLUTE
    _printf_widthprec                        0x00000000   Number         0  printf_stubs.o ABSOLUTE
    __ARM_exceptions_init                     - Undefined Weak Reference
    __alloca_initialize                       - Undefined Weak Reference
    __arm_fini_                               - Undefined Weak Reference
    __arm_preinit_                            - Undefined Weak Reference
    __cpp_initialize__aeabi_                  - Undefined Weak Reference
    __cxa_finalize                            - Undefined Weak Reference
    __sigvec_lookup                           - Undefined Weak Reference
    _atexit_init                              - Undefined Weak Reference
    _call_atexit_fns                          - Undefined Weak Reference
    _clock_init                               - Undefined Weak Reference
    _fp_trap_init                             - Undefined Weak Reference
    _fp_trap_shutdown                         - Undefined Weak Reference
    _get_lc_collate                           - Undefined Weak Reference
    _get_lc_monetary                          - Undefined Weak Reference
    _get_lc_time                              - Undefined Weak Reference
    _getenv_init                              - Undefined Weak Reference
    _handle_redirection                       - Undefined Weak Reference
    _init_alloc                               - Undefined Weak Reference
    _init_user_alloc                          - Undefined Weak Reference
    _initio                                   - Undefined Weak Reference
    _printf_mbtowc                            - Undefined Weak Reference
    _printf_wc                                - Undefined Weak Reference
    _rand_init                                - Undefined Weak Reference
    _scanf_longlong                           - Undefined Weak Reference
    _scanf_mbtowc                             - Undefined Weak Reference
    _scanf_real                               - Undefined Weak Reference
    _scanf_string                             - Undefined Weak Reference
    _scanf_wctomb                             - Undefined Weak Reference
    _scanf_wstring                            - Undefined Weak Reference
    _signal_finish                            - Undefined Weak Reference
    _signal_init                              - Undefined Weak Reference
    _terminate_alloc                          - Undefined Weak Reference
    _terminate_user_alloc                     - Undefined Weak Reference
    _terminateio                              - Undefined Weak Reference
    __Vectors_Size                           0x000000ec   Number         0  startup_stm32f10x_md.o ABSOLUTE
    __Vectors                                0x08000000   Data           4  startup_stm32f10x_md.o(RESET)
    __Vectors_End                            0x080000ec   Data           0  startup_stm32f10x_md.o(RESET)
    __main                                   0x080000ed   Thumb Code     8  __main.o(!!!main)
    __scatterload                            0x080000f5   Thumb Code     0  __scatter.o(!!!scatter)
    __scatterload_rt2                        0x080000f5   Thumb Code    44  __scatter.o(!!!scatter)
    __scatterload_rt2_thumb_only             0x080000f5   Thumb Code     0  __scatter.o(!!!scatter)
    __scatterload_null                       0x08000103   Thumb Code     0  __scatter.o(!!!scatter)
    __decompress                             0x08000129   Thumb Code   100  __dclz77c.o(!!dclz77c)
    __decompress2                            0x08000129   Thumb Code     0  __dclz77c.o(!!dclz77c)
    __scatterload_zeroinit                   0x0800018d   Thumb Code    28  __scatter_zi.o(!!handler_zi)
    _printf_d                                0x080001a9   Thumb Code     0  _printf_d.o(.ARM.Collect$$_printf_percent$$00000009)
    _printf_percent                          0x080001a9   Thumb Code     0  _printf_percent.o(.ARM.Collect$$_printf_percent$$00000000)
    _printf_s                                0x080001af   Thumb Code     0  _printf_s.o(.ARM.Collect$$_printf_percent$$00000014)
    _printf_percent_end                      0x080001b5   Thumb Code     0  _printf_percent_end.o(.ARM.Collect$$_printf_percent$$00000017)
    __rt_lib_init                            0x080001b9   Thumb Code     0  libinit.o(.ARM.Collect$$libinit$$00000000)
    __rt_lib_init_fp_1                       0x080001bb   Thumb Code     0  libinit2.o(.ARM.Collect$$libinit$$00000002)
    __rt_lib_init_heap_1                     0x080001bb   Thumb Code     0  libinit2.o(.ARM.Collect$$libinit$$0000000A)
    __rt_lib_init_lc_common                  0x080001bb   Thumb Code     0  libinit2.o(.ARM.Collect$$libinit$$0000000F)
    __rt_lib_init_preinit_1                  0x080001bb   Thumb Code     0  libinit2.o(.ARM.Collect$$libinit$$00000004)
    __rt_lib_init_rand_1                     0x080001bb   Thumb Code     0  libinit2.o(.ARM.Collect$$libinit$$0000000E)
    __rt_lib_init_user_alloc_1               0x080001bb   Thumb Code     0  libinit2.o(.ARM.Collect$$libinit$$0000000C)
    __rt_lib_init_lc_collate_1               0x080001c1   Thumb Code     0  libinit2.o(.ARM.Collect$$libinit$$00000011)
    __rt_lib_init_lc_ctype_2                 0x080001c1   Thumb Code     0  libinit2.o(.ARM.Collect$$libinit$$00000012)
    __rt_lib_init_alloca_1                   0x080001cd   Thumb Code     0  libinit2.o(.ARM.Collect$$libinit$$0000002E)
    __rt_lib_init_argv_1                     0x080001cd   Thumb Code     0  libinit2.o(.ARM.Collect$$libinit$$0000002C)
    __rt_lib_init_atexit_1                   0x080001cd   Thumb Code     0  libinit2.o(.ARM.Collect$$libinit$$0000001B)
    __rt_lib_init_clock_1                    0x080001cd   Thumb Code     0  libinit2.o(.ARM.Collect$$libinit$$00000021)
    __rt_lib_init_cpp_1                      0x080001cd   Thumb Code     0  libinit2.o(.ARM.Collect$$libinit$$00000032)
    __rt_lib_init_exceptions_1               0x080001cd   Thumb Code     0  libinit2.o(.ARM.Collect$$libinit$$00000030)
    __rt_lib_init_fp_trap_1                  0x080001cd   Thumb Code     0  libinit2.o(.ARM.Collect$$libinit$$0000001F)
    __rt_lib_init_getenv_1                   0x080001cd   Thumb Code     0  libinit2.o(.ARM.Collect$$libinit$$00000023)
    __rt_lib_init_lc_ctype_1                 0x080001cd   Thumb Code     0  libinit2.o(.ARM.Collect$$libinit$$00000013)
    __rt_lib_init_lc_monetary_1              0x080001cd   Thumb Code     0  libinit2.o(.ARM.Collect$$libinit$$00000015)
    __rt_lib_init_lc_numeric_1               0x080001cd   Thumb Code     0  libinit2.o(.ARM.Collect$$libinit$$00000017)
    __rt_lib_init_lc_time_1                  0x080001cd   Thumb Code     0  libinit2.o(.ARM.Collect$$libinit$$00000019)
    __rt_lib_init_return                     0x080001cd   Thumb Code     0  libinit2.o(.ARM.Collect$$libinit$$00000033)
    __rt_lib_init_signal_1                   0x080001cd   Thumb Code     0  libinit2.o(.ARM.Collect$$libinit$$0000001D)
    __rt_lib_init_stdio_1                    0x080001cd   Thumb Code     0  libinit2.o(.ARM.Collect$$libinit$$00000025)
    __rt_lib_shutdown                        0x080001cf   Thumb Code     0  libshutdown.o(.ARM.Collect$$libshutdown$$00000000)
    __rt_lib_shutdown_cpp_1                  0x080001d1   Thumb Code     0  libshutdown2.o(.ARM.Collect$$libshutdown$$00000004)
    __rt_lib_shutdown_fini_1                 0x080001d1   Thumb Code     0  libshutdown2.o(.ARM.Collect$$libshutdown$$00000002)
    __rt_lib_shutdown_fp_trap_1              0x080001d1   Thumb Code     0  libshutdown2.o(.ARM.Collect$$libshutdown$$00000009)
    __rt_lib_shutdown_heap_1                 0x080001d1   Thumb Code     0  libshutdown2.o(.ARM.Collect$$libshutdown$$00000011)
    __rt_lib_shutdown_return                 0x080001d1   Thumb Code     0  libshutdown2.o(.ARM.Collect$$libshutdown$$00000012)
    __rt_lib_shutdown_signal_1               0x080001d1   Thumb Code     0  libshutdown2.o(.ARM.Collect$$libshutdown$$0000000C)
    __rt_lib_shutdown_stdio_1                0x080001d1   Thumb Code     0  libshutdown2.o(.ARM.Collect$$libshutdown$$00000006)
    __rt_lib_shutdown_user_alloc_1           0x080001d1   Thumb Code     0  libshutdown2.o(.ARM.Collect$$libshutdown$$0000000E)
    __rt_entry                               0x080001d3   Thumb Code     0  __rtentry.o(.ARM.Collect$$rtentry$$00000000)
    __rt_entry_presh_1                       0x080001d3   Thumb Code     0  __rtentry2.o(.ARM.Collect$$rtentry$$00000002)
    __rt_entry_sh                            0x080001d3   Thumb Code     0  __rtentry4.o(.ARM.Collect$$rtentry$$00000004)
    __rt_entry_li                            0x080001d9   Thumb Code     0  __rtentry2.o(.ARM.Collect$$rtentry$$0000000A)
    __rt_entry_postsh_1                      0x080001d9   Thumb Code     0  __rtentry2.o(.ARM.Collect$$rtentry$$00000009)
    __rt_entry_main                          0x080001dd   Thumb Code     0  __rtentry2.o(.ARM.Collect$$rtentry$$0000000D)
    __rt_entry_postli_1                      0x080001dd   Thumb Code     0  __rtentry2.o(.ARM.Collect$$rtentry$$0000000C)
    __rt_exit                                0x080001e5   Thumb Code     0  rtexit.o(.ARM.Collect$$rtexit$$00000000)
    __rt_exit_ls                             0x080001e7   Thumb Code     0  rtexit2.o(.ARM.Collect$$rtexit$$00000003)
    __rt_exit_prels_1                        0x080001e7   Thumb Code     0  rtexit2.o(.ARM.Collect$$rtexit$$00000002)
    __rt_exit_exit                           0x080001eb   Thumb Code     0  rtexit2.o(.ARM.Collect$$rtexit$$00000004)
    Reset_Handler                            0x080001f1   Thumb Code     8  startup_stm32f10x_md.o(.text)
    ADC1_2_IRQHandler                        0x0800020b   Thumb Code     0  startup_stm32f10x_md.o(.text)
    CAN1_RX1_IRQHandler                      0x0800020b   Thumb Code     0  startup_stm32f10x_md.o(.text)
    CAN1_SCE_IRQHandler                      0x0800020b   Thumb Code     0  startup_stm32f10x_md.o(.text)
    DMA1_Channel1_IRQHandler                 0x0800020b   Thumb Code     0  startup_stm32f10x_md.o(.text)
    DMA1_Channel2_IRQHandler                 0x0800020b   Thumb Code     0  startup_stm32f10x_md.o(.text)
    DMA1_Channel3_IRQHandler                 0x0800020b   Thumb Code     0  startup_stm32f10x_md.o(.text)
    DMA1_Channel4_IRQHandler                 0x0800020b   Thumb Code     0  startup_stm32f10x_md.o(.text)
    DMA1_Channel5_IRQHandler                 0x0800020b   Thumb Code     0  startup_stm32f10x_md.o(.text)
    DMA1_Channel6_IRQHandler                 0x0800020b   Thumb Code     0  startup_stm32f10x_md.o(.text)
    DMA1_Channel7_IRQHandler                 0x0800020b   Thumb Code     0  startup_stm32f10x_md.o(.text)
    EXTI0_IRQHandler                         0x0800020b   Thumb Code     0  startup_stm32f10x_md.o(.text)
    EXTI15_10_IRQHandler                     0x0800020b   Thumb Code     0  startup_stm32f10x_md.o(.text)
    EXTI1_IRQHandler                         0x0800020b   Thumb Code     0  startup_stm32f10x_md.o(.text)
    EXTI2_IRQHandler                         0x0800020b   Thumb Code     0  startup_stm32f10x_md.o(.text)
    EXTI3_IRQHandler                         0x0800020b   Thumb Code     0  startup_stm32f10x_md.o(.text)
    EXTI4_IRQHandler                         0x0800020b   Thumb Code     0  startup_stm32f10x_md.o(.text)
    EXTI9_5_IRQHandler                       0x0800020b   Thumb Code     0  startup_stm32f10x_md.o(.text)
    FLASH_IRQHandler                         0x0800020b   Thumb Code     0  startup_stm32f10x_md.o(.text)
    I2C1_ER_IRQHandler                       0x0800020b   Thumb Code     0  startup_stm32f10x_md.o(.text)
    I2C1_EV_IRQHandler                       0x0800020b   Thumb Code     0  startup_stm32f10x_md.o(.text)
    I2C2_ER_IRQHandler                       0x0800020b   Thumb Code     0  startup_stm32f10x_md.o(.text)
    I2C2_EV_IRQHandler                       0x0800020b   Thumb Code     0  startup_stm32f10x_md.o(.text)
    PVD_IRQHandler                           0x0800020b   Thumb Code     0  startup_stm32f10x_md.o(.text)
    RCC_IRQHandler                           0x0800020b   Thumb Code     0  startup_stm32f10x_md.o(.text)
    RTCAlarm_IRQHandler                      0x0800020b   Thumb Code     0  startup_stm32f10x_md.o(.text)
    RTC_IRQHandler                           0x0800020b   Thumb Code     0  startup_stm32f10x_md.o(.text)
    SPI1_IRQHandler                          0x0800020b   Thumb Code     0  startup_stm32f10x_md.o(.text)
    SPI2_IRQHandler                          0x0800020b   Thumb Code     0  startup_stm32f10x_md.o(.text)
    TAMPER_IRQHandler                        0x0800020b   Thumb Code     0  startup_stm32f10x_md.o(.text)
    TIM1_BRK_IRQHandler                      0x0800020b   Thumb Code     0  startup_stm32f10x_md.o(.text)
    TIM1_CC_IRQHandler                       0x0800020b   Thumb Code     0  startup_stm32f10x_md.o(.text)
    TIM1_TRG_COM_IRQHandler                  0x0800020b   Thumb Code     0  startup_stm32f10x_md.o(.text)
    TIM1_UP_IRQHandler                       0x0800020b   Thumb Code     0  startup_stm32f10x_md.o(.text)
    TIM3_IRQHandler                          0x0800020b   Thumb Code     0  startup_stm32f10x_md.o(.text)
    TIM4_IRQHandler                          0x0800020b   Thumb Code     0  startup_stm32f10x_md.o(.text)
    USART3_IRQHandler                        0x0800020b   Thumb Code     0  startup_stm32f10x_md.o(.text)
    USBWakeUp_IRQHandler                     0x0800020b   Thumb Code     0  startup_stm32f10x_md.o(.text)
    USB_HP_CAN1_TX_IRQHandler                0x0800020b   Thumb Code     0  startup_stm32f10x_md.o(.text)
    USB_LP_CAN1_RX0_IRQHandler               0x0800020b   Thumb Code     0  startup_stm32f10x_md.o(.text)
    WWDG_IRQHandler                          0x0800020b   Thumb Code     0  startup_stm32f10x_md.o(.text)
    __user_initial_stackheap                 0x0800020d   Thumb Code     0  startup_stm32f10x_md.o(.text)
    __use_no_semihosting                     0x08000231   Thumb Code     2  use_no_semi_2.o(.text)
    __2sprintf                               0x08000235   Thumb Code    38  __2sprintf.o(.text)
    _printf_pre_padding                      0x08000261   Thumb Code    44  _printf_pad.o(.text)
    _printf_post_padding                     0x0800028d   Thumb Code    34  _printf_pad.o(.text)
    _printf_str                              0x080002af   Thumb Code    82  _printf_str.o(.text)
    _printf_int_dec                          0x08000301   Thumb Code   104  _printf_dec.o(.text)
    __printf                                 0x08000379   Thumb Code   388  __printf_flags_ss_wp.o(.text)
    __0sscanf                                0x08000501   Thumb Code    52  __0sscanf.o(.text)
    _scanf_int                               0x0800053d   Thumb Code   332  _scanf_int.o(.text)
    strstr                                   0x08000689   Thumb Code    36  strstr.o(.text)
    strlen                                   0x080006ad   Thumb Code    62  strlen.o(.text)
    __aeabi_memclr                           0x080006eb   Thumb Code     0  rt_memclr.o(.text)
    __rt_memclr                              0x080006eb   Thumb Code    68  rt_memclr.o(.text)
    _memset                                  0x080006ef   Thumb Code     0  rt_memclr.o(.text)
    __aeabi_memclr4                          0x0800072f   Thumb Code     0  rt_memclr_w.o(.text)
    __aeabi_memclr8                          0x0800072f   Thumb Code     0  rt_memclr_w.o(.text)
    __rt_memclr_w                            0x0800072f   Thumb Code    78  rt_memclr_w.o(.text)
    _memset_w                                0x08000733   Thumb Code     0  rt_memclr_w.o(.text)
    __use_two_region_memory                  0x0800077d   Thumb Code     2  heapauxi.o(.text)
    __rt_heap_escrow$2region                 0x0800077f   Thumb Code     2  heapauxi.o(.text)
    __rt_heap_expand$2region                 0x08000781   Thumb Code     2  heapauxi.o(.text)
    __I$use$semihosting                      0x08000783   Thumb Code     0  use_no_semi.o(.text)
    __use_no_semihosting_swi                 0x08000783   Thumb Code     2  use_no_semi.o(.text)
    _printf_int_common                       0x08000785   Thumb Code   178  _printf_intcommon.o(.text)
    _printf_char_common                      0x08000843   Thumb Code    32  _printf_char_common.o(.text)
    _sputc                                   0x08000869   Thumb Code    10  _sputc.o(.text)
    _printf_cs_common                        0x08000873   Thumb Code    20  _printf_char.o(.text)
    _printf_char                             0x08000887   Thumb Code    16  _printf_char.o(.text)
    _printf_string                           0x08000897   Thumb Code     8  _printf_char.o(.text)
    _chval                                   0x0800089f   Thumb Code    28  _chval.o(.text)
    __vfscanf_char                           0x080008c9   Thumb Code    24  scanf_char.o(.text)
    _sgetc                                   0x080008e9   Thumb Code    30  _sgetc.o(.text)
    _sbackspace                              0x08000907   Thumb Code    34  _sgetc.o(.text)
    isspace                                  0x08000929   Thumb Code    18  isspace.o(.text)
    __vfscanf                                0x0800093d   Thumb Code   880  _scanf.o(.text)
    __user_setup_stackheap                   0x08000cb1   Thumb Code    74  sys_stackheap_outer.o(.text)
    __rt_ctype_table                         0x08000cfd   Thumb Code    16  rt_ctype_table.o(.text)
    __rt_locale                              0x08000d0d   Thumb Code     8  rt_locale_intlibspace.o(.text)
    exit                                     0x08000d15   Thumb Code    18  exit.o(.text)
    __user_libspace                          0x08000d29   Thumb Code     8  libspace.o(.text)
    __user_perproc_libspace                  0x08000d29   Thumb Code     0  libspace.o(.text)
    __user_perthread_libspace                0x08000d29   Thumb Code     0  libspace.o(.text)
    strcmp                                   0x08000d31   Thumb Code   128  strcmpv7m.o(.text)
    BCD2HEX                                  0x08000db1   Thumb Code    42  ds1302.o(i.BCD2HEX)
    BusFault_Handler                         0x08000ddb   Thumb Code     4  stm32f10x_it.o(i.BusFault_Handler)
    DHT22_Check                              0x08000de1   Thumb Code    92  dht22.o(i.DHT22_Check)
    DHT22_Init                               0x08000e45   Thumb Code    58  dht22.o(i.DHT22_Init)
    DHT22_Read_Bit                           0x08000e85   Thumb Code    70  dht22.o(i.DHT22_Read_Bit)
    DHT22_Read_Byte                          0x08000ed1   Thumb Code    30  dht22.o(i.DHT22_Read_Byte)
    DHT22_Rst                                0x08000ef1   Thumb Code    52  dht22.o(i.DHT22_Rst)
    DebugMon_Handler                         0x08000f31   Thumb Code     2  stm32f10x_it.o(i.DebugMon_Handler)
    Ds1302_Init                              0x08000f35   Thumb Code    28  ds1302.o(i.Ds1302_Init)
    Ds1302_Read_Byte                         0x08000f59   Thumb Code   214  ds1302.o(i.Ds1302_Read_Byte)
    Ds1302_Write_Byte                        0x0800103d   Thumb Code   200  ds1302.o(i.Ds1302_Write_Byte)
    ESP8266_Clear                            0x08001111   Thumb Code    26  esp8266.o(i.ESP8266_Clear)
    ESP8266_Init                             0x08001139   Thumb Code   570  esp8266.o(i.ESP8266_Init)
    ESP8266_SendATCmd                        0x080014b9   Thumb Code    94  esp8266.o(i.ESP8266_SendATCmd)
    ESP8266_SendData                         0x08001525   Thumb Code   174  esp8266.o(i.ESP8266_SendData)
    GPIO_Init                                0x080016dd   Thumb Code   278  stm32f10x_gpio.o(i.GPIO_Init)
    GPIO_PinRemapConfig                      0x080017f5   Thumb Code   138  stm32f10x_gpio.o(i.GPIO_PinRemapConfig)
    GPIO_ResetBits                           0x08001885   Thumb Code     4  stm32f10x_gpio.o(i.GPIO_ResetBits)
    GPIO_SetBits                             0x08001889   Thumb Code     4  stm32f10x_gpio.o(i.GPIO_SetBits)
    GetSysTimeMs                             0x0800188d   Thumb Code    34  main.o(i.GetSysTimeMs)
    HardFault_Handler                        0x080018b9   Thumb Code     4  stm32f10x_it.o(i.HardFault_Handler)
    IIC_Start1                               0x080018bd   Thumb Code    44  oled.o(i.IIC_Start1)
    IIC_Stop1                                0x080018ed   Thumb Code    34  oled.o(i.IIC_Stop1)
    IIC_Wait_Ack1                            0x08001915   Thumb Code    24  oled.o(i.IIC_Wait_Ack1)
    IO_Init                                  0x08001931   Thumb Code    40  ds1302.o(i.IO_Init)
    KEY_Scan                                 0x0800195d   Thumb Code   152  key.o(i.KEY_Scan)
    Key_Init                                 0x080019fd   Thumb Code    40  key.o(i.Key_Init)
    MemManage_Handler                        0x08001a2d   Thumb Code     4  stm32f10x_it.o(i.MemManage_Handler)
    NMI_Handler                              0x08001a31   Thumb Code     2  stm32f10x_it.o(i.NMI_Handler)
    NVIC_Init                                0x08001a35   Thumb Code   100  misc.o(i.NVIC_Init)
    NVIC_PriorityGroupConfig                 0x08001aa5   Thumb Code    10  misc.o(i.NVIC_PriorityGroupConfig)
    OLED_Clear                               0x08001ab9   Thumb Code    64  oled.o(i.OLED_Clear)
    OLED_Init                                0x08001af9   Thumb Code   272  oled.o(i.OLED_Init)
    OLED_Set_Pos                             0x08001c0d   Thumb Code    40  oled.o(i.OLED_Set_Pos)
    OLED_ShowCHinese                         0x08001c35   Thumb Code    98  oled.o(i.OLED_ShowCHinese)
    OLED_ShowChar                            0x08001c9d   Thumb Code   154  oled.o(i.OLED_ShowChar)
    OLED_ShowFailureWithCountdown            0x08001d41   Thumb Code   116  esp8266.o(i.OLED_ShowFailureWithCountdown)
    OLED_ShowNum                             0x08001db9   Thumb Code   136  oled.o(i.OLED_ShowNum)
    OLED_ShowString                          0x08001e41   Thumb Code    58  oled.o(i.OLED_ShowString)
    OLED_ShowWiFiProgress                    0x08001e7d   Thumb Code    28  esp8266.o(i.OLED_ShowWiFiProgress)
    OLED_WR_Byte                             0x08001ea1   Thumb Code    24  oled.o(i.OLED_WR_Byte)
    PendSV_Handler                           0x08001eb9   Thumb Code     2  stm32f10x_it.o(i.PendSV_Handler)
    RCC_APB1PeriphClockCmd                   0x08001ebd   Thumb Code    26  stm32f10x_rcc.o(i.RCC_APB1PeriphClockCmd)
    RCC_APB2PeriphClockCmd                   0x08001edd   Thumb Code    26  stm32f10x_rcc.o(i.RCC_APB2PeriphClockCmd)
    RCC_GetClocksFreq                        0x08001efd   Thumb Code   192  stm32f10x_rcc.o(i.RCC_GetClocksFreq)
    RTC_Get                                  0x08001fd1   Thumb Code   132  ds1302.o(i.RTC_Get)
    Read_DHT22                               0x08002059   Thumb Code   238  dht22.o(i.Read_DHT22)
    SVC_Handler                              0x08002147   Thumb Code     2  stm32f10x_it.o(i.SVC_Handler)
    SysTick_Handler                          0x08002231   Thumb Code     2  stm32f10x_it.o(i.SysTick_Handler)
    SystemInit                               0x08002235   Thumb Code    78  system_stm32f10x.o(i.SystemInit)
    TIM2_IRQHandler                          0x08002295   Thumb Code    28  main.o(i.TIM2_IRQHandler)
    TIME                                     0x080022b5   Thumb Code   374  ds1302.o(i.TIME)
    TIM_ClearFlag                            0x0800245d   Thumb Code     6  stm32f10x_tim.o(i.TIM_ClearFlag)
    TIM_ClearITPendingBit                    0x08002463   Thumb Code     6  stm32f10x_tim.o(i.TIM_ClearITPendingBit)
    TIM_Cmd                                  0x08002469   Thumb Code    24  stm32f10x_tim.o(i.TIM_Cmd)
    TIM_GetITStatus                          0x08002481   Thumb Code    34  stm32f10x_tim.o(i.TIM_GetITStatus)
    TIM_ITConfig                             0x080024a3   Thumb Code    18  stm32f10x_tim.o(i.TIM_ITConfig)
    TIM_InternalClockConfig                  0x080024b5   Thumb Code    12  stm32f10x_tim.o(i.TIM_InternalClockConfig)
    TIM_TimeBaseInit                         0x080024c1   Thumb Code   122  stm32f10x_tim.o(i.TIM_TimeBaseInit)
    Timer_Init                               0x08002565   Thumb Code   124  timer.o(i.Timer_Init)
    USART1_IRQHandler                        0x080025e1   Thumb Code   140  usart.o(i.USART1_IRQHandler)
    USART2_IRQHandler                        0x08002681   Thumb Code    94  esp8266.o(i.USART2_IRQHandler)
    USART_ClearITPendingBit                  0x080026f9   Thumb Code    30  stm32f10x_usart.o(i.USART_ClearITPendingBit)
    USART_Cmd                                0x08002717   Thumb Code    24  stm32f10x_usart.o(i.USART_Cmd)
    USART_GetFlagStatus                      0x0800272f   Thumb Code    26  stm32f10x_usart.o(i.USART_GetFlagStatus)
    USART_GetITStatus                        0x08002749   Thumb Code    84  stm32f10x_usart.o(i.USART_GetITStatus)
    USART_ITConfig                           0x0800279d   Thumb Code    74  stm32f10x_usart.o(i.USART_ITConfig)
    USART_Init                               0x080027e9   Thumb Code   210  stm32f10x_usart.o(i.USART_Init)
    USART_ReceiveData                        0x080028c1   Thumb Code    10  stm32f10x_usart.o(i.USART_ReceiveData)
    USART_SendData                           0x080028cb   Thumb Code     8  stm32f10x_usart.o(i.USART_SendData)
    UsageFault_Handler                       0x080028d3   Thumb Code     4  stm32f10x_it.o(i.UsageFault_Handler)
    Write_IIC_Byte                           0x080028d9   Thumb Code    88  oled.o(i.Write_IIC_Byte)
    Write_IIC_Command                        0x08002935   Thumb Code    44  oled.o(i.Write_IIC_Command)
    Write_IIC_Data                           0x08002961   Thumb Code    44  oled.o(i.Write_IIC_Data)
    _is_digit                                0x0800298d   Thumb Code    14  __printf_wp.o(i._is_digit)
    _sys_exit                                0x0800299b   Thumb Code     4  usart.o(i._sys_exit)
    chushi_init                              0x080029a1   Thumb Code    40  control.o(i.chushi_init)
    delay_ms                                 0x080029cd   Thumb Code    24  delay.o(i.delay_ms)
    delay_us                                 0x080029e5   Thumb Code    46  delay.o(i.delay_us)
    main                                     0x08002a15   Thumb Code  2524  main.o(i.main)
    oled_pow                                 0x08003405   Thumb Code    22  oled.o(i.oled_pow)
    show_mode                                0x0800341d   Thumb Code   100  main.o(i.show_mode)
    show_wendu                               0x08003485   Thumb Code   140  main.o(i.show_wendu)
    warm_init                                0x08003541   Thumb Code    40  control.o(i.warm_init)
    zhileng_init                             0x0800356d   Thumb Code    38  control.o(i.zhileng_init)
    _get_lc_ctype                            0x08003599   Thumb Code    44  lc_ctype_c.o(locale$$code)
    F6x8                                     0x080035c4   Data         552  oled.o(.constdata)
    F8X16                                    0x080037ec   Data        1520  oled.o(.constdata)
    Region$$Table$$Base                      0x08003e38   Number         0  anon$$obj.o(Region$$Table)
    Region$$Table$$Limit                     0x08003e58   Number         0  anon$$obj.o(Region$$Table)
    __ctype                                  0x08003e65   Data           0  lc_ctype_c.o(locale$$data)
    mode                                     0x20000000   Data           1  main.o(.data)
    page                                     0x20000004   Data           4  main.o(.data)
    page_clear                               0x20000008   Data           4  main.o(.data)
    page2_index                              0x2000000c   Data           4  main.o(.data)
    page3_index                              0x20000010   Data           4  main.o(.data)
    set_wendu_high                           0x20000014   Data           4  main.o(.data)
    set_wendu_lou                            0x20000018   Data           4  main.o(.data)
    set_shidu                                0x2000001c   Data           4  main.o(.data)
    Out_data                                 0x20000020   Data           8  main.o(.data)
    key_num                                  0x20000028   Data           1  main.o(.data)
    led_temp_mode                            0x20000029   Data           1  main.o(.data)
    DHT22_Data                               0x2000002a   Data           5  main.o(.data)
    last_valid_data                          0x2000002f   Data           5  main.o(.data)
    data_valid                               0x20000034   Data           1  main.o(.data)
    TIMER_IT                                 0x20000035   Data           1  main.o(.data)
    WiFiInit_time                            0x20000036   Data           1  main.o(.data)
    Flagout                                  0x20000037   Data           1  main.o(.data)
    heart_beat_count                         0x20000038   Data           4  main.o(.data)
    reconnect_count                          0x2000003c   Data           4  main.o(.data)
    oled_Fill_flag                           0x20000040   Data           1  main.o(.data)
    last_dht22_read_time                     0x20000044   Data           4  main.o(.data)
    last_temp_int                            0x20000048   Data           4  main.o(.data)
    last_temp_deci                           0x2000004c   Data           4  main.o(.data)
    last_humi_int                            0x20000050   Data           4  main.o(.data)
    last_humi_deci                           0x20000054   Data           4  main.o(.data)
    wendu_display_force_update               0x20000058   Data           1  main.o(.data)
    NUM                                      0x2000005c   Data           4  main.o(.data)
    Hzk                                      0x20000068   Data        8192  oled.o(.data)
    data_cnt                                 0x2000206c   Data           2  usart.o(.data)
    Seria1_TxPacket                          0x2000206e   Data           8  usart.o(.data)
    Serial_RxFlag                            0x20002076   Data           1  usart.o(.data)
    __stdout                                 0x20002078   Data           4  usart.o(.data)
    Secret_Key                               0x2000207e   Data          11  esp8266.o(.data)
    esp8266_cnt                              0x2000208a   Data           2  esp8266.o(.data)
    esp8266_recive_flag                      0x2000208c   Data           1  esp8266.o(.data)
    ESP8266_RecvLen                          0x2000208e   Data           2  esp8266.o(.data)
    oled_str                                 0x200020a4   Data         100  main.o(.bss)
    data                                     0x20002108   Data         200  main.o(.bss)
    buff                                     0x200021d0   Data          30  main.o(.bss)
    Serial_RxPacket                          0x200021ee   Data          50  usart.o(.bss)
    calendar                                 0x20002220   Data          10  ds1302.o(.bss)
    next                                     0x2000222a   Data          10  ds1302.o(.bss)
    time_str                                 0x20002234   Data          50  ds1302.o(.bss)
    esp8266_buf                              0x20002266   Data         256  esp8266.o(.bss)
    ESP8266_RecvBuf                          0x20002366   Data         256  esp8266.o(.bss)
    __libspace_start                         0x20002468   Data          96  libspace.o(.bss)
    __temporary_stack_top$libspace           0x200024c8   Data           0  libspace.o(.bss)



==============================================================================

Memory Map of the image

  Image Entry point : 0x080000ed

  Load Region LR_IROM1 (Base: 0x08000000, Size: 0x0000600c, Max: 0x00010000, ABSOLUTE, COMPRESSED[0x00004a08])

    Execution Region ER_IROM1 (Exec base: 0x08000000, Load base: 0x08000000, Size: 0x00003f68, Max: 0x00010000, ABSOLUTE)

    Exec Addr    Load Addr    Size         Type   Attr      Idx    E Section Name        Object

    0x08000000   0x08000000   0x000000ec   Data   RO         1066    RESET               startup_stm32f10x_md.o
    0x080000ec   0x080000ec   0x00000008   Code   RO         4152  * !!!main             c_w.l(__main.o)
    0x080000f4   0x080000f4   0x00000034   Code   RO         4478    !!!scatter          c_w.l(__scatter.o)
    0x08000128   0x08000128   0x00000064   Code   RO         4476    !!dclz77c           c_w.l(__dclz77c.o)
    0x0800018c   0x0800018c   0x0000001c   Code   RO         4480    !!handler_zi        c_w.l(__scatter_zi.o)
    0x080001a8   0x080001a8   0x00000000   Code   RO         4135    .ARM.Collect$$_printf_percent$$00000000  c_w.l(_printf_percent.o)
    0x080001a8   0x080001a8   0x00000006   Code   RO         4134    .ARM.Collect$$_printf_percent$$00000009  c_w.l(_printf_d.o)
    0x080001ae   0x080001ae   0x00000006   Code   RO         4133    .ARM.Collect$$_printf_percent$$00000014  c_w.l(_printf_s.o)
    0x080001b4   0x080001b4   0x00000004   Code   RO         4230    .ARM.Collect$$_printf_percent$$00000017  c_w.l(_printf_percent_end.o)
    0x080001b8   0x080001b8   0x00000002   Code   RO         4339    .ARM.Collect$$libinit$$00000000  c_w.l(libinit.o)
    0x080001ba   0x080001ba   0x00000000   Code   RO         4355    .ARM.Collect$$libinit$$00000002  c_w.l(libinit2.o)
    0x080001ba   0x080001ba   0x00000000   Code   RO         4357    .ARM.Collect$$libinit$$00000004  c_w.l(libinit2.o)
    0x080001ba   0x080001ba   0x00000000   Code   RO         4360    .ARM.Collect$$libinit$$0000000A  c_w.l(libinit2.o)
    0x080001ba   0x080001ba   0x00000000   Code   RO         4362    .ARM.Collect$$libinit$$0000000C  c_w.l(libinit2.o)
    0x080001ba   0x080001ba   0x00000000   Code   RO         4364    .ARM.Collect$$libinit$$0000000E  c_w.l(libinit2.o)
    0x080001ba   0x080001ba   0x00000006   Code   RO         4365    .ARM.Collect$$libinit$$0000000F  c_w.l(libinit2.o)
    0x080001c0   0x080001c0   0x00000000   Code   RO         4367    .ARM.Collect$$libinit$$00000011  c_w.l(libinit2.o)
    0x080001c0   0x080001c0   0x0000000c   Code   RO         4368    .ARM.Collect$$libinit$$00000012  c_w.l(libinit2.o)
    0x080001cc   0x080001cc   0x00000000   Code   RO         4369    .ARM.Collect$$libinit$$00000013  c_w.l(libinit2.o)
    0x080001cc   0x080001cc   0x00000000   Code   RO         4371    .ARM.Collect$$libinit$$00000015  c_w.l(libinit2.o)
    0x080001cc   0x080001cc   0x00000000   Code   RO         4373    .ARM.Collect$$libinit$$00000017  c_w.l(libinit2.o)
    0x080001cc   0x080001cc   0x00000000   Code   RO         4375    .ARM.Collect$$libinit$$00000019  c_w.l(libinit2.o)
    0x080001cc   0x080001cc   0x00000000   Code   RO         4377    .ARM.Collect$$libinit$$0000001B  c_w.l(libinit2.o)
    0x080001cc   0x080001cc   0x00000000   Code   RO         4379    .ARM.Collect$$libinit$$0000001D  c_w.l(libinit2.o)
    0x080001cc   0x080001cc   0x00000000   Code   RO         4381    .ARM.Collect$$libinit$$0000001F  c_w.l(libinit2.o)
    0x080001cc   0x080001cc   0x00000000   Code   RO         4383    .ARM.Collect$$libinit$$00000021  c_w.l(libinit2.o)
    0x080001cc   0x080001cc   0x00000000   Code   RO         4385    .ARM.Collect$$libinit$$00000023  c_w.l(libinit2.o)
    0x080001cc   0x080001cc   0x00000000   Code   RO         4387    .ARM.Collect$$libinit$$00000025  c_w.l(libinit2.o)
    0x080001cc   0x080001cc   0x00000000   Code   RO         4391    .ARM.Collect$$libinit$$0000002C  c_w.l(libinit2.o)
    0x080001cc   0x080001cc   0x00000000   Code   RO         4393    .ARM.Collect$$libinit$$0000002E  c_w.l(libinit2.o)
    0x080001cc   0x080001cc   0x00000000   Code   RO         4395    .ARM.Collect$$libinit$$00000030  c_w.l(libinit2.o)
    0x080001cc   0x080001cc   0x00000000   Code   RO         4397    .ARM.Collect$$libinit$$00000032  c_w.l(libinit2.o)
    0x080001cc   0x080001cc   0x00000002   Code   RO         4398    .ARM.Collect$$libinit$$00000033  c_w.l(libinit2.o)
    0x080001ce   0x080001ce   0x00000002   Code   RO         4416    .ARM.Collect$$libshutdown$$00000000  c_w.l(libshutdown.o)
    0x080001d0   0x080001d0   0x00000000   Code   RO         4426    .ARM.Collect$$libshutdown$$00000002  c_w.l(libshutdown2.o)
    0x080001d0   0x080001d0   0x00000000   Code   RO         4428    .ARM.Collect$$libshutdown$$00000004  c_w.l(libshutdown2.o)
    0x080001d0   0x080001d0   0x00000000   Code   RO         4430    .ARM.Collect$$libshutdown$$00000006  c_w.l(libshutdown2.o)
    0x080001d0   0x080001d0   0x00000000   Code   RO         4433    .ARM.Collect$$libshutdown$$00000009  c_w.l(libshutdown2.o)
    0x080001d0   0x080001d0   0x00000000   Code   RO         4436    .ARM.Collect$$libshutdown$$0000000C  c_w.l(libshutdown2.o)
    0x080001d0   0x080001d0   0x00000000   Code   RO         4438    .ARM.Collect$$libshutdown$$0000000E  c_w.l(libshutdown2.o)
    0x080001d0   0x080001d0   0x00000000   Code   RO         4441    .ARM.Collect$$libshutdown$$00000011  c_w.l(libshutdown2.o)
    0x080001d0   0x080001d0   0x00000002   Code   RO         4442    .ARM.Collect$$libshutdown$$00000012  c_w.l(libshutdown2.o)
    0x080001d2   0x080001d2   0x00000000   Code   RO         4174    .ARM.Collect$$rtentry$$00000000  c_w.l(__rtentry.o)
    0x080001d2   0x080001d2   0x00000000   Code   RO         4262    .ARM.Collect$$rtentry$$00000002  c_w.l(__rtentry2.o)
    0x080001d2   0x080001d2   0x00000006   Code   RO         4274    .ARM.Collect$$rtentry$$00000004  c_w.l(__rtentry4.o)
    0x080001d8   0x080001d8   0x00000000   Code   RO         4264    .ARM.Collect$$rtentry$$00000009  c_w.l(__rtentry2.o)
    0x080001d8   0x080001d8   0x00000004   Code   RO         4265    .ARM.Collect$$rtentry$$0000000A  c_w.l(__rtentry2.o)
    0x080001dc   0x080001dc   0x00000000   Code   RO         4267    .ARM.Collect$$rtentry$$0000000C  c_w.l(__rtentry2.o)
    0x080001dc   0x080001dc   0x00000008   Code   RO         4268    .ARM.Collect$$rtentry$$0000000D  c_w.l(__rtentry2.o)
    0x080001e4   0x080001e4   0x00000002   Code   RO         4347    .ARM.Collect$$rtexit$$00000000  c_w.l(rtexit.o)
    0x080001e6   0x080001e6   0x00000000   Code   RO         4400    .ARM.Collect$$rtexit$$00000002  c_w.l(rtexit2.o)
    0x080001e6   0x080001e6   0x00000004   Code   RO         4401    .ARM.Collect$$rtexit$$00000003  c_w.l(rtexit2.o)
    0x080001ea   0x080001ea   0x00000006   Code   RO         4402    .ARM.Collect$$rtexit$$00000004  c_w.l(rtexit2.o)
    0x080001f0   0x080001f0   0x00000040   Code   RO         1067    .text               startup_stm32f10x_md.o
    0x08000230   0x08000230   0x00000002   Code   RO         4097    .text               c_w.l(use_no_semi_2.o)
    0x08000232   0x08000232   0x00000002   PAD
    0x08000234   0x08000234   0x0000002c   Code   RO         4101    .text               c_w.l(__2sprintf.o)
    0x08000260   0x08000260   0x0000004e   Code   RO         4107    .text               c_w.l(_printf_pad.o)
    0x080002ae   0x080002ae   0x00000052   Code   RO         4109    .text               c_w.l(_printf_str.o)
    0x08000300   0x08000300   0x00000078   Code   RO         4111    .text               c_w.l(_printf_dec.o)
    0x08000378   0x08000378   0x00000188   Code   RO         4130    .text               c_w.l(__printf_flags_ss_wp.o)
    0x08000500   0x08000500   0x0000003c   Code   RO         4136    .text               c_w.l(__0sscanf.o)
    0x0800053c   0x0800053c   0x0000014c   Code   RO         4138    .text               c_w.l(_scanf_int.o)
    0x08000688   0x08000688   0x00000024   Code   RO         4140    .text               c_w.l(strstr.o)
    0x080006ac   0x080006ac   0x0000003e   Code   RO         4142    .text               c_w.l(strlen.o)
    0x080006ea   0x080006ea   0x00000044   Code   RO         4146    .text               c_w.l(rt_memclr.o)
    0x0800072e   0x0800072e   0x0000004e   Code   RO         4148    .text               c_w.l(rt_memclr_w.o)
    0x0800077c   0x0800077c   0x00000006   Code   RO         4150    .text               c_w.l(heapauxi.o)
    0x08000782   0x08000782   0x00000002   Code   RO         4172    .text               c_w.l(use_no_semi.o)
    0x08000784   0x08000784   0x000000b2   Code   RO         4177    .text               c_w.l(_printf_intcommon.o)
    0x08000836   0x08000836   0x00000002   PAD
    0x08000838   0x08000838   0x00000030   Code   RO         4181    .text               c_w.l(_printf_char_common.o)
    0x08000868   0x08000868   0x0000000a   Code   RO         4183    .text               c_w.l(_sputc.o)
    0x08000872   0x08000872   0x0000002c   Code   RO         4185    .text               c_w.l(_printf_char.o)
    0x0800089e   0x0800089e   0x0000001c   Code   RO         4240    .text               c_w.l(_chval.o)
    0x080008ba   0x080008ba   0x00000002   PAD
    0x080008bc   0x080008bc   0x0000002c   Code   RO         4242    .text               c_w.l(scanf_char.o)
    0x080008e8   0x080008e8   0x00000040   Code   RO         4244    .text               c_w.l(_sgetc.o)
    0x08000928   0x08000928   0x00000012   Code   RO         4278    .text               c_w.l(isspace.o)
    0x0800093a   0x0800093a   0x00000002   PAD
    0x0800093c   0x0800093c   0x00000374   Code   RO         4289    .text               c_w.l(_scanf.o)
    0x08000cb0   0x08000cb0   0x0000004a   Code   RO         4293    .text               c_w.l(sys_stackheap_outer.o)
    0x08000cfa   0x08000cfa   0x00000002   PAD
    0x08000cfc   0x08000cfc   0x00000010   Code   RO         4295    .text               c_w.l(rt_ctype_table.o)
    0x08000d0c   0x08000d0c   0x00000008   Code   RO         4300    .text               c_w.l(rt_locale_intlibspace.o)
    0x08000d14   0x08000d14   0x00000012   Code   RO         4332    .text               c_w.l(exit.o)
    0x08000d26   0x08000d26   0x00000002   PAD
    0x08000d28   0x08000d28   0x00000008   Code   RO         4344    .text               c_w.l(libspace.o)
    0x08000d30   0x08000d30   0x00000080   Code   RO         4352    .text               c_w.l(strcmpv7m.o)
    0x08000db0   0x08000db0   0x0000002a   Code   RO          787    i.BCD2HEX           ds1302.o
    0x08000dda   0x08000dda   0x00000004   Code   RO            1    i.BusFault_Handler  stm32f10x_it.o
    0x08000dde   0x08000dde   0x00000002   PAD
    0x08000de0   0x08000de0   0x00000064   Code   RO         1011    i.DHT22_Check       dht22.o
    0x08000e44   0x08000e44   0x00000040   Code   RO         1012    i.DHT22_Init        dht22.o
    0x08000e84   0x08000e84   0x0000004c   Code   RO         1013    i.DHT22_Read_Bit    dht22.o
    0x08000ed0   0x08000ed0   0x0000001e   Code   RO         1014    i.DHT22_Read_Byte   dht22.o
    0x08000eee   0x08000eee   0x00000002   PAD
    0x08000ef0   0x08000ef0   0x00000040   Code   RO         1015    i.DHT22_Rst         dht22.o
    0x08000f30   0x08000f30   0x00000002   Code   RO            2    i.DebugMon_Handler  stm32f10x_it.o
    0x08000f32   0x08000f32   0x00000002   PAD
    0x08000f34   0x08000f34   0x00000024   Code   RO          788    i.Ds1302_Init       ds1302.o
    0x08000f58   0x08000f58   0x000000e4   Code   RO          789    i.Ds1302_Read_Byte  ds1302.o
    0x0800103c   0x0800103c   0x000000d4   Code   RO          790    i.Ds1302_Write_Byte  ds1302.o
    0x08001110   0x08001110   0x00000028   Code   RO          868    i.ESP8266_Clear     esp8266.o
    0x08001138   0x08001138   0x00000380   Code   RO          872    i.ESP8266_Init      esp8266.o
    0x080014b8   0x080014b8   0x0000006c   Code   RO          874    i.ESP8266_SendATCmd  esp8266.o
    0x08001524   0x08001524   0x00000114   Code   RO          876    i.ESP8266_SendData  esp8266.o
    0x08001638   0x08001638   0x000000a4   Code   RO          877    i.ESP8266_USART_Init  esp8266.o
    0x080016dc   0x080016dc   0x00000116   Code   RO         2222    i.GPIO_Init         stm32f10x_gpio.o
    0x080017f2   0x080017f2   0x00000002   PAD
    0x080017f4   0x080017f4   0x00000090   Code   RO         2224    i.GPIO_PinRemapConfig  stm32f10x_gpio.o
    0x08001884   0x08001884   0x00000004   Code   RO         2229    i.GPIO_ResetBits    stm32f10x_gpio.o
    0x08001888   0x08001888   0x00000004   Code   RO         2230    i.GPIO_SetBits      stm32f10x_gpio.o
    0x0800188c   0x0800188c   0x0000002c   Code   RO          186    i.GetSysTimeMs      main.o
    0x080018b8   0x080018b8   0x00000004   Code   RO            3    i.HardFault_Handler  stm32f10x_it.o
    0x080018bc   0x080018bc   0x00000030   Code   RO          381    i.IIC_Start1        oled.o
    0x080018ec   0x080018ec   0x00000028   Code   RO          382    i.IIC_Stop1         oled.o
    0x08001914   0x08001914   0x0000001c   Code   RO          383    i.IIC_Wait_Ack1     oled.o
    0x08001930   0x08001930   0x0000002c   Code   RO          792    i.IO_Init           ds1302.o
    0x0800195c   0x0800195c   0x000000a0   Code   RO          527    i.KEY_Scan          key.o
    0x080019fc   0x080019fc   0x00000030   Code   RO          528    i.Key_Init          key.o
    0x08001a2c   0x08001a2c   0x00000004   Code   RO            4    i.MemManage_Handler  stm32f10x_it.o
    0x08001a30   0x08001a30   0x00000002   Code   RO            5    i.NMI_Handler       stm32f10x_it.o
    0x08001a32   0x08001a32   0x00000002   PAD
    0x08001a34   0x08001a34   0x00000070   Code   RO         1071    i.NVIC_Init         misc.o
    0x08001aa4   0x08001aa4   0x00000014   Code   RO         1072    i.NVIC_PriorityGroupConfig  misc.o
    0x08001ab8   0x08001ab8   0x00000040   Code   RO          384    i.OLED_Clear        oled.o
    0x08001af8   0x08001af8   0x00000114   Code   RO          388    i.OLED_Init         oled.o
    0x08001c0c   0x08001c0c   0x00000028   Code   RO          390    i.OLED_Set_Pos      oled.o
    0x08001c34   0x08001c34   0x00000068   Code   RO          391    i.OLED_ShowCHinese  oled.o
    0x08001c9c   0x08001c9c   0x000000a4   Code   RO          392    i.OLED_ShowChar     oled.o
    0x08001d40   0x08001d40   0x00000078   Code   RO          879    i.OLED_ShowFailureWithCountdown  esp8266.o
    0x08001db8   0x08001db8   0x00000088   Code   RO          393    i.OLED_ShowNum      oled.o
    0x08001e40   0x08001e40   0x0000003a   Code   RO          394    i.OLED_ShowString   oled.o
    0x08001e7a   0x08001e7a   0x00000002   PAD
    0x08001e7c   0x08001e7c   0x00000024   Code   RO          880    i.OLED_ShowWiFiProgress  esp8266.o
    0x08001ea0   0x08001ea0   0x00000018   Code   RO          395    i.OLED_WR_Byte      oled.o
    0x08001eb8   0x08001eb8   0x00000002   Code   RO            6    i.PendSV_Handler    stm32f10x_it.o
    0x08001eba   0x08001eba   0x00000002   PAD
    0x08001ebc   0x08001ebc   0x00000020   Code   RO         2638    i.RCC_APB1PeriphClockCmd  stm32f10x_rcc.o
    0x08001edc   0x08001edc   0x00000020   Code   RO         2640    i.RCC_APB2PeriphClockCmd  stm32f10x_rcc.o
    0x08001efc   0x08001efc   0x000000d4   Code   RO         2648    i.RCC_GetClocksFreq  stm32f10x_rcc.o
    0x08001fd0   0x08001fd0   0x00000088   Code   RO          794    i.RTC_Get           ds1302.o
    0x08002058   0x08002058   0x000000ee   Code   RO         1016    i.Read_DHT22        dht22.o
    0x08002146   0x08002146   0x00000002   Code   RO            7    i.SVC_Handler       stm32f10x_it.o
    0x08002148   0x08002148   0x00000008   Code   RO          152    i.SetSysClock       system_stm32f10x.o
    0x08002150   0x08002150   0x000000e0   Code   RO          153    i.SetSysClockTo72   system_stm32f10x.o
    0x08002230   0x08002230   0x00000002   Code   RO            8    i.SysTick_Handler   stm32f10x_it.o
    0x08002232   0x08002232   0x00000002   PAD
    0x08002234   0x08002234   0x00000060   Code   RO          155    i.SystemInit        system_stm32f10x.o
    0x08002294   0x08002294   0x00000020   Code   RO          187    i.TIM2_IRQHandler   main.o
    0x080022b4   0x080022b4   0x000001a8   Code   RO          797    i.TIME              ds1302.o
    0x0800245c   0x0800245c   0x00000006   Code   RO         3266    i.TIM_ClearFlag     stm32f10x_tim.o
    0x08002462   0x08002462   0x00000006   Code   RO         3267    i.TIM_ClearITPendingBit  stm32f10x_tim.o
    0x08002468   0x08002468   0x00000018   Code   RO         3272    i.TIM_Cmd           stm32f10x_tim.o
    0x08002480   0x08002480   0x00000022   Code   RO         3293    i.TIM_GetITStatus   stm32f10x_tim.o
    0x080024a2   0x080024a2   0x00000012   Code   RO         3297    i.TIM_ITConfig      stm32f10x_tim.o
    0x080024b4   0x080024b4   0x0000000c   Code   RO         3299    i.TIM_InternalClockConfig  stm32f10x_tim.o
    0x080024c0   0x080024c0   0x000000a4   Code   RO         3343    i.TIM_TimeBaseInit  stm32f10x_tim.o
    0x08002564   0x08002564   0x0000007c   Code   RO          364    i.Timer_Init        timer.o
    0x080025e0   0x080025e0   0x000000a0   Code   RO          667    i.USART1_IRQHandler  usart.o
    0x08002680   0x08002680   0x00000078   Code   RO          881    i.USART2_IRQHandler  esp8266.o
    0x080026f8   0x080026f8   0x0000001e   Code   RO         3805    i.USART_ClearITPendingBit  stm32f10x_usart.o
    0x08002716   0x08002716   0x00000018   Code   RO         3808    i.USART_Cmd         stm32f10x_usart.o
    0x0800272e   0x0800272e   0x0000001a   Code   RO         3811    i.USART_GetFlagStatus  stm32f10x_usart.o
    0x08002748   0x08002748   0x00000054   Code   RO         3812    i.USART_GetITStatus  stm32f10x_usart.o
    0x0800279c   0x0800279c   0x0000004a   Code   RO         3814    i.USART_ITConfig    stm32f10x_usart.o
    0x080027e6   0x080027e6   0x00000002   PAD
    0x080027e8   0x080027e8   0x000000d8   Code   RO         3815    i.USART_Init        stm32f10x_usart.o
    0x080028c0   0x080028c0   0x0000000a   Code   RO         3822    i.USART_ReceiveData  stm32f10x_usart.o
    0x080028ca   0x080028ca   0x00000008   Code   RO         3825    i.USART_SendData    stm32f10x_usart.o
    0x080028d2   0x080028d2   0x00000004   Code   RO            9    i.UsageFault_Handler  stm32f10x_it.o
    0x080028d6   0x080028d6   0x00000002   PAD
    0x080028d8   0x080028d8   0x0000005c   Code   RO          396    i.Write_IIC_Byte    oled.o
    0x08002934   0x08002934   0x0000002c   Code   RO          397    i.Write_IIC_Command  oled.o
    0x08002960   0x08002960   0x0000002c   Code   RO          398    i.Write_IIC_Data    oled.o
    0x0800298c   0x0800298c   0x0000000e   Code   RO         4123    i._is_digit         c_w.l(__printf_wp.o)
    0x0800299a   0x0800299a   0x00000004   Code   RO          668    i._sys_exit         usart.o
    0x0800299e   0x0800299e   0x00000002   PAD
    0x080029a0   0x080029a0   0x0000002c   Code   RO          758    i.chushi_init       control.o
    0x080029cc   0x080029cc   0x00000018   Code   RO         4038    i.delay_ms          delay.o
    0x080029e4   0x080029e4   0x0000002e   Code   RO         4040    i.delay_us          delay.o
    0x08002a12   0x08002a12   0x00000002   PAD
    0x08002a14   0x08002a14   0x000009f0   Code   RO          189    i.main              main.o
    0x08003404   0x08003404   0x00000016   Code   RO          400    i.oled_pow          oled.o
    0x0800341a   0x0800341a   0x00000002   PAD
    0x0800341c   0x0800341c   0x00000068   Code   RO          190    i.show_mode         main.o
    0x08003484   0x08003484   0x000000bc   Code   RO          192    i.show_wendu        main.o
    0x08003540   0x08003540   0x0000002c   Code   RO          759    i.warm_init         control.o
    0x0800356c   0x0800356c   0x0000002c   Code   RO          760    i.zhileng_init      control.o
    0x08003598   0x08003598   0x0000002c   Code   RO         4350    locale$$code        c_w.l(lc_ctype_c.o)
    0x080035c4   0x080035c4   0x00000818   Data   RO          401    .constdata          oled.o
    0x08003ddc   0x08003ddc   0x00000011   Data   RO         4131    .constdata          c_w.l(__printf_flags_ss_wp.o)
    0x08003ded   0x08003ded   0x00000003   PAD
    0x08003df0   0x08003df0   0x00000047   Data   RO          886    .conststring        esp8266.o
    0x08003e37   0x08003e37   0x00000001   PAD
    0x08003e38   0x08003e38   0x00000020   Data   RO         4474    Region$$Table       anon$$obj.o
    0x08003e58   0x08003e58   0x00000110   Data   RO         4349    locale$$data        c_w.l(lc_ctype_c.o)


    Execution Region RW_IRAM1 (Exec base: 0x20000000, Load base: 0x08003f68, Size: 0x00002ac8, Max: 0x00005000, ABSOLUTE, COMPRESSED[0x00000aa0])

    Exec Addr    Load Addr    Size         Type   Attr      Idx    E Section Name        Object

    0x20000000   COMPRESSED   0x00000068   Data   RW          194    .data               main.o
    0x20000068   COMPRESSED   0x00002000   Data   RW          402    .data               oled.o
    0x20002068   COMPRESSED   0x00000001   Data   RW          529    .data               key.o
    0x20002069   COMPRESSED   0x00000003   PAD
    0x2000206c   COMPRESSED   0x00000012   Data   RW          671    .data               usart.o
    0x2000207e   COMPRESSED   0x00000012   Data   RW          887    .data               esp8266.o
    0x20002090   COMPRESSED   0x00000014   Data   RW         2668    .data               stm32f10x_rcc.o
    0x200020a4        -       0x0000014a   Zero   RW          193    .bss                main.o
    0x200021ee        -       0x00000032   Zero   RW          670    .bss                usart.o
    0x20002220        -       0x00000046   Zero   RW          798    .bss                ds1302.o
    0x20002266        -       0x00000200   Zero   RW          885    .bss                esp8266.o
    0x20002466   COMPRESSED   0x00000002   PAD
    0x20002468        -       0x00000060   Zero   RW         4345    .bss                c_w.l(libspace.o)
    0x200024c8        -       0x00000200   Zero   RW         1065    HEAP                startup_stm32f10x_md.o
    0x200026c8        -       0x00000400   Zero   RW         1064    STACK               startup_stm32f10x_md.o


==============================================================================

Image component sizes


      Code (inc. data)   RO Data    RW Data    ZI Data      Debug   Object Name

       132         14          0          0          0       1541   control.o
         0          0          0          0          0         32   core_cm3.o
        70          0          0          0          0        994   delay.o
       572         32          0          0          0       4039   dht22.o
      1122        100          0          0         70       6337   ds1302.o
      1760        504         71         18        512       7127   esp8266.o
       208         16          0          1          0       1182   key.o
      2912        378          0        104        330     210086   main.o
       132         22          0          0          0       1559   misc.o
      1184         38       2072       8192          0      10334   oled.o
        64         26        236          0       1536        804   startup_stm32f10x_md.o
       430          6          0          0          0       3914   stm32f10x_gpio.o
        26          0          0          0          0      51910   stm32f10x_it.o
       276         32          0         20          0       4470   stm32f10x_rcc.o
       264         42          0          0          0       4664   stm32f10x_tim.o
       472          6          0          0          0       6883   stm32f10x_usart.o
       328         28          0          0          0       1833   system_stm32f10x.o
       124          0          0          0          0        589   timer.o
       164         20          0         18         50       4100   usart.o

    ----------------------------------------------------------------------
     10266       1264       2412       8356       2500     322398   Object Totals
         0          0         32          0          0          0   (incl. Generated)
        26          0          1          3          2          0   (incl. Padding)

    ----------------------------------------------------------------------

      Code (inc. data)   RO Data    RW Data    ZI Data      Debug   Library Member Name

        60          8          0          0          0         84   __0sscanf.o
        44          6          0          0          0         84   __2sprintf.o
       100          0          0          0          0          0   __dclz77c.o
         8          0          0          0          0         68   __main.o
       392          4         17          0          0         92   __printf_flags_ss_wp.o
        14          0          0          0          0         68   __printf_wp.o
         0          0          0          0          0          0   __rtentry.o
        12          0          0          0          0          0   __rtentry2.o
         6          0          0          0          0          0   __rtentry4.o
        52          8          0          0          0          0   __scatter.o
        28          0          0          0          0          0   __scatter_zi.o
        28          0          0          0          0         68   _chval.o
        44          0          0          0          0        108   _printf_char.o
        48          6          0          0          0         96   _printf_char_common.o
         6          0          0          0          0          0   _printf_d.o
       120         16          0          0          0         92   _printf_dec.o
       178          0          0          0          0         88   _printf_intcommon.o
        78          0          0          0          0        108   _printf_pad.o
         0          0          0          0          0          0   _printf_percent.o
         4          0          0          0          0          0   _printf_percent_end.o
         6          0          0          0          0          0   _printf_s.o
        82          0          0          0          0         80   _printf_str.o
       884          4          0          0          0        100   _scanf.o
       332          0          0          0          0         96   _scanf_int.o
        64          0          0          0          0         84   _sgetc.o
        10          0          0          0          0         68   _sputc.o
        18          0          0          0          0         80   exit.o
         6          0          0          0          0        152   heapauxi.o
        18          0          0          0          0         76   isspace.o
        44         10        272          0          0         76   lc_ctype_c.o
         2          0          0          0          0          0   libinit.o
        20          0          0          0          0          0   libinit2.o
         2          0          0          0          0          0   libshutdown.o
         2          0          0          0          0          0   libshutdown2.o
         8          4          0          0         96         68   libspace.o
        16          4          0          0          0         76   rt_ctype_table.o
         8          4          0          0          0         68   rt_locale_intlibspace.o
        68          0          0          0          0         68   rt_memclr.o
        78          0          0          0          0         80   rt_memclr_w.o
         2          0          0          0          0          0   rtexit.o
        10          0          0          0          0          0   rtexit2.o
        44          8          0          0          0         84   scanf_char.o
       128          0          0          0          0         68   strcmpv7m.o
        62          0          0          0          0         76   strlen.o
        36          0          0          0          0         80   strstr.o
        74          0          0          0          0         80   sys_stackheap_outer.o
         2          0          0          0          0         68   use_no_semi.o
         2          0          0          0          0         68   use_no_semi_2.o

    ----------------------------------------------------------------------
      3262         82        292          0         96       2652   Library Totals
        12          0          3          0          0          0   (incl. Padding)

    ----------------------------------------------------------------------

      Code (inc. data)   RO Data    RW Data    ZI Data      Debug   Library Name

      3250         82        289          0         96       2652   c_w.l

    ----------------------------------------------------------------------
      3262         82        292          0         96       2652   Library Totals

    ----------------------------------------------------------------------

==============================================================================


      Code (inc. data)   RO Data    RW Data    ZI Data      Debug   

     13528       1346       2704       8356       2596     319326   Grand Totals
     13528       1346       2704       2720       2596     319326   ELF Image Totals (compressed)
     13528       1346       2704       2720          0          0   ROM Totals

==============================================================================

    Total RO  Size (Code + RO Data)                16232 (  15.85kB)
    Total RW  Size (RW Data + ZI Data)             10952 (  10.70kB)
    Total ROM Size (Code + RO Data + RW Data)      18952 (  18.51kB)

==============================================================================

