Component: ARM Compiler 5.06 update 7 (build 960) Tool: armlink [4d3601]

==============================================================================

Section Cross References

    system_stm32f10x.o(i.SetSysClock) refers to system_stm32f10x.o(i.SetSysClockTo72) for SetSysClockTo72
    system_stm32f10x.o(i.SystemCoreClockUpdate) refers to system_stm32f10x.o(.data) for SystemCoreClock
    system_stm32f10x.o(i.SystemInit) refers to system_stm32f10x.o(i.SetSysClock) for SetSysClock
    main.o(i.ReadAndValidateDHT22) refers to dht22.o(i.Read_DHT22) for Read_DHT22
    main.o(i.main) refers to _printf_percent.o(.ARM.Collect$$_printf_percent$$00000000) for _printf_percent
    main.o(i.main) refers to _printf_d.o(.ARM.Collect$$_printf_percent$$00000009) for _printf_d
    main.o(i.main) refers to _printf_s.o(.ARM.Collect$$_printf_percent$$00000014) for _printf_s
    main.o(i.main) refers to _printf_dec.o(.text) for _printf_int_dec
    main.o(i.main) refers to _printf_str.o(.text) for _printf_str
    main.o(i.main) refers to _scanf_int.o(.text) for _scanf_int
    main.o(i.main) refers to misc.o(i.NVIC_PriorityGroupConfig) for NVIC_PriorityGroupConfig
    main.o(i.main) refers to key.o(i.Key_Init) for Key_Init
    main.o(i.main) refers to oled.o(i.OLED_Init) for OLED_Init
    main.o(i.main) refers to oled.o(i.OLED_Clear) for OLED_Clear
    main.o(i.main) refers to usart.o(i.Serial_Iint) for Serial_Iint
    main.o(i.main) refers to usart.o(i.Serial_Printf) for Serial_Printf
    main.o(i.main) refers to ds1302.o(i.Ds1302_Init) for Ds1302_Init
    main.o(i.main) refers to control.o(i.jiare_init) for jiare_init
    main.o(i.main) refers to control.o(i.zhileng_init) for zhileng_init
    main.o(i.main) refers to control.o(i.chushi_init) for chushi_init
    main.o(i.main) refers to control.o(i.jiashi_init) for jiashi_init
    main.o(i.main) refers to timer.o(i.Timer_Init) for Timer_Init
    main.o(i.main) refers to oled.o(i.OLED_ShowCHinese) for OLED_ShowCHinese
    main.o(i.main) refers to delay.o(i.delay_ms) for delay_ms
    main.o(i.main) refers to dht22.o(i.DHT22_Init) for DHT22_Init
    main.o(i.main) refers to dht22.o(i.Read_DHT22) for Read_DHT22
    main.o(i.main) refers to oled.o(i.OLED_ShowString) for OLED_ShowString
    main.o(i.main) refers to key.o(i.KEY_Scan) for KEY_Scan
    main.o(i.main) refers to esp8266.o(i.ESP8266_Init) for ESP8266_Init
    main.o(i.main) refers to __2sprintf.o(.text) for __2sprintf
    main.o(i.main) refers to esp8266.o(i.ESP8266_SendData) for ESP8266_SendData
    main.o(i.main) refers to esp8266.o(i.ESP8266_Clear) for ESP8266_Clear
    main.o(i.main) refers to main.o(i.show_mode) for show_mode
    main.o(i.main) refers to ds1302.o(i.TIME) for TIME
    main.o(i.main) refers to main.o(i.show_wendu) for show_wendu
    main.o(i.main) refers to main.o(.data) for DHT22_Data
    main.o(i.main) refers to timer.o(.data) for TIMER_IT
    main.o(i.main) refers to main.o(.bss) for data
    main.o(i.main) refers to oled.o(i.OLED_ShowChar) for OLED_ShowChar
    main.o(i.main) refers to oled.o(i.OLED_ShowNum) for OLED_ShowNum
    main.o(i.main) refers to strstr.o(.text) for strstr
    main.o(i.main) refers to __0sscanf.o(.text) for __0sscanf
    main.o(i.main) refers to fflt_clz.o(x$fpl$fflt) for __aeabi_i2f
    main.o(i.main) refers to fdiv.o(x$fpl$fdiv) for __aeabi_fdiv
    main.o(i.main) refers to fflt_clz.o(x$fpl$ffltu) for __aeabi_ui2f
    main.o(i.main) refers to fleqf.o(x$fpl$fleqf) for __aeabi_cfcmple
    main.o(i.main) refers to frleqf.o(x$fpl$frleqf) for __aeabi_cfrcmple
    main.o(i.main) refers to esp8266.o(.bss) for esp8266_buf
    main.o(i.show_mode) refers to oled.o(i.OLED_ShowCHinese) for OLED_ShowCHinese
    main.o(i.show_mode) refers to main.o(.data) for mode
    main.o(i.show_wendu) refers to _printf_percent.o(.ARM.Collect$$_printf_percent$$00000000) for _printf_percent
    main.o(i.show_wendu) refers to _printf_d.o(.ARM.Collect$$_printf_percent$$00000009) for _printf_d
    main.o(i.show_wendu) refers to _printf_c.o(.ARM.Collect$$_printf_percent$$00000013) for _printf_c
    main.o(i.show_wendu) refers to _printf_dec.o(.text) for _printf_int_dec
    main.o(i.show_wendu) refers to _printf_str.o(.text) for _printf_str
    main.o(i.show_wendu) refers to __2sprintf.o(.text) for __2sprintf
    main.o(i.show_wendu) refers to oled.o(i.OLED_ShowString) for OLED_ShowString
    main.o(i.show_wendu) refers to main.o(.data) for DHT22_Data
    main.o(i.show_wendu) refers to main.o(.bss) for oled_str
    dht11.o(i.DHT11_Check) refers to delay.o(i.delay_us) for delay_us
    dht11.o(i.DHT11_Init) refers to stm32f10x_rcc.o(i.RCC_APB2PeriphClockCmd) for RCC_APB2PeriphClockCmd
    dht11.o(i.DHT11_Init) refers to stm32f10x_gpio.o(i.GPIO_Init) for GPIO_Init
    dht11.o(i.DHT11_Init) refers to stm32f10x_gpio.o(i.GPIO_SetBits) for GPIO_SetBits
    dht11.o(i.DHT11_Init) refers to dht11.o(i.DHT11_Rst) for DHT11_Rst
    dht11.o(i.DHT11_Init) refers to dht11.o(i.DHT11_Check) for DHT11_Check
[...]
    i.NMI_Handler                            0x08002ee8   Section        0  stm32f10x_it.o(i.NMI_Handler)
    i.NVIC_Init                              0x08002eec   Section        0  misc.o(i.NVIC_Init)
    i.NVIC_PriorityGroupConfig               0x08002f5c   Section        0  misc.o(i.NVIC_PriorityGroupConfig)
    i.OLED_Clear                             0x08002f70   Section        0  oled.o(i.OLED_Clear)
    i.OLED_Init                              0x08002fb0   Section        0  oled.o(i.OLED_Init)
    i.OLED_Set_Pos                           0x080030c4   Section        0  oled.o(i.OLED_Set_Pos)
    i.OLED_ShowCHinese                       0x080030ec   Section        0  oled.o(i.OLED_ShowCHinese)
    i.OLED_ShowChar                          0x08003154   Section        0  oled.o(i.OLED_ShowChar)
    i.OLED_ShowFailureWithCountdown          0x080031f8   Section        0  esp8266.o(i.OLED_ShowFailureWithCountdown)
    i.OLED_ShowNum                           0x080032e0   Section        0  oled.o(i.OLED_ShowNum)
    i.OLED_ShowString                        0x08003368   Section        0  oled.o(i.OLED_ShowString)
    i.OLED_ShowWiFiProgress                  0x080033a4   Section        0  esp8266.o(i.OLED_ShowWiFiProgress)
    i.OLED_WR_Byte                           0x080033c8   Section        0  oled.o(i.OLED_WR_Byte)
    i.PendSV_Handler                         0x080033e0   Section        0  stm32f10x_it.o(i.PendSV_Handler)
    i.RCC_APB1PeriphClockCmd                 0x080033e4   Section        0  stm32f10x_rcc.o(i.RCC_APB1PeriphClockCmd)
    i.RCC_APB2PeriphClockCmd                 0x08003404   Section        0  stm32f10x_rcc.o(i.RCC_APB2PeriphClockCmd)
    i.RCC_GetClocksFreq                      0x08003424   Section        0  stm32f10x_rcc.o(i.RCC_GetClocksFreq)
    i.RTC_Get                                0x080034f8   Section        0  ds1302.o(i.RTC_Get)
    i.Read_DHT22                             0x08003580   Section        0  dht22.o(i.Read_DHT22)
    i.SVC_Handler                            0x0800361e   Section        0  stm32f10x_it.o(i.SVC_Handler)
    i.Serial_Iint                            0x08003620   Section        0  usart.o(i.Serial_Iint)
    i.Serial_Printf                          0x080036c4   Section        0  usart.o(i.Serial_Printf)
    i.Serial_SendByte                        0x080036e8   Section        0  usart.o(i.Serial_SendByte)
    i.Serial_SendString                      0x08003708   Section        0  usart.o(i.Serial_SendString)
    i.SetSysClock                            0x08003722   Section        0  system_stm32f10x.o(i.SetSysClock)
    SetSysClock                              0x08003723   Thumb Code     8  system_stm32f10x.o(i.SetSysClock)
    i.SetSysClockTo72                        0x0800372c   Section        0  system_stm32f10x.o(i.SetSysClockTo72)
    SetSysClockTo72                          0x0800372d   Thumb Code   214  system_stm32f10x.o(i.SetSysClockTo72)
    i.SysTick_Handler                        0x0800380c   Section        0  stm32f10x_it.o(i.SysTick_Handler)
    i.SystemInit                             0x08003810   Section        0  system_stm32f10x.o(i.SystemInit)
    i.TIM2_IRQHandler                        0x08003870   Section        0  timer.o(i.TIM2_IRQHandler)
    i.TIME                                   0x08003890   Section        0  ds1302.o(i.TIME)
    i.TIM_ClearFlag                          0x08003a38   Section        0  stm32f10x_tim.o(i.TIM_ClearFlag)
    i.TIM_ClearITPendingBit                  0x08003a3e   Section        0  stm32f10x_tim.o(i.TIM_ClearITPendingBit)
    i.TIM_Cmd                                0x08003a44   Section        0  stm32f10x_tim.o(i.TIM_Cmd)
    i.TIM_GetITStatus                        0x08003a5c   Section        0  stm32f10x_tim.o(i.TIM_GetITStatus)
    i.TIM_ITConfig                           0x08003a7e   Section        0  stm32f10x_tim.o(i.TIM_ITConfig)
    i.TIM_InternalClockConfig                0x08003a90   Section        0  stm32f10x_tim.o(i.TIM_InternalClockConfig)
    i.TIM_TimeBaseInit                       0x08003a9c   Section        0  stm32f10x_tim.o(i.TIM_TimeBaseInit)
    i.Timer_Init                             0x08003b40   Section        0  timer.o(i.Timer_Init)
    i.USART1_IRQHandler                      0x08003bbc   Section        0  usart.o(i.USART1_IRQHandler)
    i.USART2_IRQHandler                      0x08003c5c   Section        0  esp8266.o(i.USART2_IRQHandler)
    i.USART_ClearITPendingBit                0x08003cd4   Section        0  stm32f10x_usart.o(i.USART_ClearITPendingBit)
    i.USART_Cmd                              0x08003cf2   Section        0  stm32f10x_usart.o(i.USART_Cmd)
    i.USART_GetFlagStatus                    0x08003d0a   Section        0  stm32f10x_usart.o(i.USART_GetFlagStatus)
    i.USART_GetITStatus                      0x08003d24   Section        0  stm32f10x_usart.o(i.USART_GetITStatus)
    i.USART_ITConfig                         0x08003d78   Section        0  stm32f10x_usart.o(i.USART_ITConfig)
    i.USART_Init                             0x08003dc4   Section        0  stm32f10x_usart.o(i.USART_Init)
    i.USART_ReceiveData                      0x08003e9c   Section        0  stm32f10x_usart.o(i.USART_ReceiveData)
    i.USART_SendData                         0x08003ea6   Section        0  stm32f10x_usart.o(i.USART_SendData)
    i.UsageFault_Handler                     0x08003eae   Section        0  stm32f10x_it.o(i.UsageFault_Handler)
    i.Write_IIC_Byte                         0x08003eb4   Section        0  oled.o(i.Write_IIC_Byte)
    i.Write_IIC_Command                      0x08003f10   Section        0  oled.o(i.Write_IIC_Command)
    i.Write_IIC_Data                         0x08003f3c   Section        0  oled.o(i.Write_IIC_Data)
    i.__ARM_fpclassify                       0x08003f68   Section        0  fpclassify.o(i.__ARM_fpclassify)
    i._is_digit                              0x08003f90   Section        0  __printf_wp.o(i._is_digit)
    i._sys_exit                              0x08003f9e   Section        0  usart.o(i._sys_exit)
    i.chushi_init                            0x08003fa4   Section        0  control.o(i.chushi_init)
    i.delay_ms                               0x08003fd0   Section        0  delay.o(i.delay_ms)
    i.delay_us                               0x08003fe8   Section        0  delay.o(i.delay_us)
    i.jiare_init                             0x08004018   Section        0  control.o(i.jiare_init)
    i.jiashi_init                            0x08004044   Section        0  control.o(i.jiashi_init)
    i.main                                   0x08004070   Section        0  main.o(i.main)
    i.oled_pow                               0x08004e2c   Section        0  oled.o(i.oled_pow)
    i.show_mode                              0x08004e44   Section        0  main.o(i.show_mode)
    i.show_wendu                             0x08004eac   Section        0  main.o(i.show_wendu)
    i.zhileng_init                           0x08004f48   Section        0  control.o(i.zhileng_init)
    locale$$code                             0x08004f74   Section       44  lc_numeric_c.o(locale$$code)
    locale$$code                             0x08004fa0   Section       44  lc_ctype_c.o(locale$$code)
    x$fpl$fcmpinf                            0x08004fcc   Section       24  fcmpi.o(x$fpl$fcmpinf)
    x$fpl$fdiv                               0x08004fe4   Section      388  fdiv.o(x$fpl$fdiv)
    _fdiv1                                   0x08004fe5   Thumb Code     0  fdiv.o(x$fpl$fdiv)
    x$fpl$fflt                               0x08005168   Section       48  fflt_clz.o(x$fpl$fflt)
    x$fpl$ffltu                              0x08005198   Section       38  fflt_clz.o(x$fpl$ffltu)
    x$fpl$fleqf                              0x080051c0   Section      104  fleqf.o(x$fpl$fleqf)
    x$fpl$fnaninf                            0x08005228   Section      140  fnaninf.o(x$fpl$fnaninf)
    x$fpl$fretinf                            0x080052b4   Section       10  fretinf.o(x$fpl$fretinf)
    x$fpl$frleqf                             0x080052be   Section       98  frleqf.o(x$fpl$frleqf)
    x$fpl$printf1                            0x08005320   Section        4  printf1.o(x$fpl$printf1)
    x$fpl$printf2                            0x08005324   Section        4  printf2.o(x$fpl$printf2)
    .constdata                               0x08005328   Section     2072  oled.o(.constdata)
    x$fpl$usenofp                            0x08005328   Section        0  usenofp.o(x$fpl$usenofp)
    .constdata                               0x08005b40   Section       17  __printf_flags_ss_wp.o(.constdata)
    maptable                                 0x08005b40   Data          17  __printf_flags_ss_wp.o(.constdata)
    .constdata                               0x08005b54   Section        8  _printf_wctomb.o(.constdata)
    initial_mbstate                          0x08005b54   Data           8  _printf_wctomb.o(.constdata)
    .constdata                               0x08005b5c   Section       40  _printf_hex_int_ll_ptr.o(.constdata)
    uc_hextab                                0x08005b5c   Data          20  _printf_hex_int_ll_ptr.o(.constdata)
    lc_hextab                                0x08005b70   Data          20  _printf_hex_int_ll_ptr.o(.constdata)
    .constdata                               0x08005b84   Section       38  _printf_fp_hex.o(.constdata)
    lc_hextab                                0x08005b84   Data          19  _printf_fp_hex.o(.constdata)
    uc_hextab                                0x08005b97   Data          19  _printf_fp_hex.o(.constdata)
    .constdata                               0x08005bac   Section      148  bigflt0.o(.constdata)
    tenpwrs_x                                0x08005bac   Data          60  bigflt0.o(.constdata)
    tenpwrs_i                                0x08005be8   Data          64  bigflt0.o(.constdata)
    .conststring                             0x08005c40   Section       71  esp8266.o(.conststring)
    locale$$data                             0x08005ca8   Section       28  lc_numeric_c.o(locale$$data)
    __lcnum_c_name                           0x08005cac   Data           2  lc_numeric_c.o(locale$$data)
    __lcnum_c_start                          0x08005cb4   Data           0  lc_numeric_c.o(locale$$data)
    __lcnum_c_point                          0x08005cc0   Data           0  lc_numeric_c.o(locale$$data)
    __lcnum_c_thousands                      0x08005cc2   Data           0  lc_numeric_c.o(locale$$data)
    __lcnum_c_grouping                       0x08005cc3   Data           0  lc_numeric_c.o(locale$$data)
    locale$$data                             0x08005cc4   Section      272  lc_ctype_c.o(locale$$data)
    __lcnum_c_end                            0x08005cc4   Data           0  lc_numeric_c.o(locale$$data)
    __lcctype_c_name                         0x08005cc8   Data           2  lc_ctype_c.o(locale$$data)
    __lcctype_c_start                        0x08005cd0   Data           0  lc_ctype_c.o(locale$$data)
    __lcctype_c_end                          0x08005dd4   Data           0  lc_ctype_c.o(locale$$data)
    .data                                    0x20000000   Section       66  main.o(.data)
    .data                                    0x20000042   Section        1  timer.o(.data)
    .data                                    0x20000043   Section     8192  oled.o(.data)
    .data                                    0x20002043   Section        1  key.o(.data)
    key_up                                   0x20002043   Data           1  key.o(.data)
    .data                                    0x20002044   Section       18  usart.o(.data)
    RxState                                  0x20002054   Data           1  usart.o(.data)
    pRxPacket                                0x20002055   Data           1  usart.o(.data)
    .data                                    0x20002056   Section       18  esp8266.o(.data)
    .data                                    0x20002068   Section       20  stm32f10x_rcc.o(.data)
    APBAHBPrescTable                         0x20002068   Data          16  stm32f10x_rcc.o(.data)
    ADCPrescTable                            0x20002078   Data           4  stm32f10x_rcc.o(.data)
    .bss                                     0x2000207c   Section      330  main.o(.bss)
    .bss                                     0x200021c6   Section       50  usart.o(.bss)
    .bss                                     0x200021f8   Section       70  ds1302.o(.bss)
    .bss                                     0x2000223e   Section      512  esp8266.o(.bss)
    .bss                                     0x20002440   Section       96  libspace.o(.bss)
    HEAP                                     0x200024a0   Section      512  startup_stm32f10x_md.o(HEAP)
    Heap_Mem                                 0x200024a0   Data         512  startup_stm32f10x_md.o(HEAP)
    STACK                                    0x200026a0   Section     1024  startup_stm32f10x_md.o(STACK)
    Stack_Mem                                0x200026a0   Data        1024  startup_stm32f10x_md.o(STACK)
    __initial_sp                             0x20002aa0   Data           0  startup_stm32f10x_md.o(STACK)

    Global Symbols

    Symbol Name                              Value     Ov Type        Size  Object(Section)

    BuildAttributes$$THM_ISAv4$P$D$K$B$S$PE$A:L22UL41UL21$X:L11$S22US41US21$IEEE1$IW$USESV6$~STKCKD$USESV7$~SHL$OTIME$ROPI$IEEEJ$EBA8$UX$STANDARDLIB$REQ8$PRES8$EABIv2 0x00000000   Number         0  anon$$obj.o ABSOLUTE
    __ARM_use_no_argv                        0x00000000   Number         0  main.o ABSOLUTE
    _printf_flags                            0x00000000   Number         0  printf_stubs.o ABSOLUTE
    _printf_return_value                     0x00000000   Number         0  printf_stubs.o ABSOLUTE
    _printf_sizespec                         0x00000000   Number         0  printf_stubs.o ABSOLUTE
    _printf_widthprec                        0x00000000   Number         0  printf_stubs.o ABSOLUTE
    __ARM_exceptions_init                     - Undefined Weak Reference
    __alloca_initialize                       - Undefined Weak Reference
    __arm_fini_                               - Undefined Weak Reference
    __arm_preinit_                            - Undefined Weak Reference
    __cpp_initialize__aeabi_                  - Undefined Weak Reference
    __cxa_finalize                            - Undefined Weak Reference
    __sigvec_lookup                           - Undefined Weak Reference
    _atexit_init                              - Undefined Weak Reference
    _call_atexit_fns                          - Undefined Weak Reference
    _clock_init                               - Undefined Weak Reference
    _fp_trap_init                             - Undefined Weak Reference
    _fp_trap_shutdown                         - Undefined Weak Reference
    _get_lc_collate                           - Undefined Weak Reference
    _get_lc_monetary                          - Undefined Weak Reference
    _get_lc_time                              - Undefined Weak Reference
    _getenv_init                              - Undefined Weak Reference
    _handle_redirection                       - Undefined Weak Reference
    _init_alloc                               - Undefined Weak Reference
    _init_user_alloc                          - Undefined Weak Reference
    _initio                                   - Undefined Weak Reference
    _printf_mbtowc                            - Undefined Weak Reference
    _printf_wc                                - Undefined Weak Reference
    _rand_init                                - Undefined Weak Reference
    _scanf_longlong                           - Undefined Weak Reference
    _scanf_mbtowc                             - Undefined Weak Reference
    _scanf_real                               - Undefined Weak Reference
    _scanf_string                             - Undefined Weak Reference
    _scanf_wctomb                             - Undefined Weak Reference
    _scanf_wstring                            - Undefined Weak Reference
    _signal_finish                            - Undefined Weak Reference
    _signal_init                              - Undefined Weak Reference
    _terminate_alloc                          - Undefined Weak Reference
    _terminate_user_alloc                     - Undefined Weak Reference
    _terminateio                              - Undefined Weak Reference
    __Vectors_Size                           0x000000ec   Number         0  startup_stm32f10x_md.o ABSOLUTE
    __Vectors                                0x08000000   Data           4  startup_stm32f10x_md.o(RESET)
    __Vectors_End                            0x080000ec   Data           0  startup_stm32f10x_md.o(RESET)
    __main                                   0x080000ed   Thumb Code     8  __main.o(!!!main)
    __scatterload                            0x080000f5   Thumb Code     0  __scatter.o(!!!scatter)
    __scatterload_rt2                        0x080000f5   Thumb Code    44  __scatter.o(!!!scatter)
    __scatterload_rt2_thumb_only             0x080000f5   Thumb Code     0  __scatter.o(!!!scatter)
    __scatterload_null                       0x08000103   Thumb Code     0  __scatter.o(!!!scatter)
    __decompress                             0x08000129   Thumb Code   100  __dclz77c.o(!!dclz77c)
    __decompress2                            0x08000129   Thumb Code     0  __dclz77c.o(!!dclz77c)
    __scatterload_zeroinit                   0x0800018d   Thumb Code    28  __scatter_zi.o(!!handler_zi)
    _printf_n                                0x080001a9   Thumb Code     0  _printf_n.o(.ARM.Collect$$_printf_percent$$00000001)
    _printf_percent                          0x080001a9   Thumb Code     0  _printf_percent.o(.ARM.Collect$$_printf_percent$$00000000)
    _printf_p                                0x080001af   Thumb Code     0  _printf_p.o(.ARM.Collect$$_printf_percent$$00000002)
    _printf_f                                0x080001b5   Thumb Code     0  _printf_f.o(.ARM.Collect$$_printf_percent$$00000003)
    _printf_e                                0x080001bb   Thumb Code     0  _printf_e.o(.ARM.Collect$$_printf_percent$$00000004)
    _printf_g                                0x080001c1   Thumb Code     0  _printf_g.o(.ARM.Collect$$_printf_percent$$00000005)
    _printf_a                                0x080001c7   Thumb Code     0  _printf_a.o(.ARM.Collect$$_printf_percent$$00000006)
    _printf_ll                               0x080001cd   Thumb Code     0  _printf_ll.o(.ARM.Collect$$_printf_percent$$00000007)
    _printf_i                                0x080001d7   Thumb Code     0  _printf_i.o(.ARM.Collect$$_printf_percent$$00000008)
    _printf_d                                0x080001dd   Thumb Code     0  _printf_d.o(.ARM.Collect$$_printf_percent$$00000009)
    _printf_u                                0x080001e3   Thumb Code     0  _printf_u.o(.ARM.Collect$$_printf_percent$$0000000A)
    _printf_o                                0x080001e9   Thumb Code     0  _printf_o.o(.ARM.Collect$$_printf_percent$$0000000B)
    _printf_x                                0x080001ef   Thumb Code     0  _printf_x.o(.ARM.Collect$$_printf_percent$$0000000C)
    _printf_lli                              0x080001f5   Thumb Code     0  _printf_lli.o(.ARM.Collect$$_printf_percent$$0000000D)
    _printf_lld                              0x080001fb   Thumb Code     0  _printf_lld.o(.ARM.Collect$$_printf_percent$$0000000E)
    _printf_llu                              0x08000201   Thumb Code     0  _printf_llu.o(.ARM.Collect$$_printf_percent$$0000000F)
    _printf_llo                              0x08000207   Thumb Code     0  _printf_llo.o(.ARM.Collect$$_printf_percent$$00000010)
    _printf_llx                              0x0800020d   Thumb Code     0  _printf_llx.o(.ARM.Collect$$_printf_percent$$00000011)
    _printf_l                                0x08000213   Thumb Code     0  _printf_l.o(.ARM.Collect$$_printf_percent$$00000012)
    _printf_c                                0x0800021d   Thumb Code     0  _printf_c.o(.ARM.Collect$$_printf_percent$$00000013)
    _printf_s                                0x08000223   Thumb Code     0  _printf_s.o(.ARM.Collect$$_printf_percent$$00000014)
    _printf_lc                               0x08000229   Thumb Code     0  _printf_lc.o(.ARM.Collect$$_printf_percent$$00000015)
    _printf_ls                               0x0800022f   Thumb Code     0  _printf_ls.o(.ARM.Collect$$_printf_percent$$00000016)
    _printf_percent_end                      0x08000235   Thumb Code     0  _printf_percent_end.o(.ARM.Collect$$_printf_percent$$00000017)
    __rt_lib_init                            0x08000239   Thumb Code     0  libinit.o(.ARM.Collect$$libinit$$00000000)
    __rt_lib_init_fp_1                       0x0800023b   Thumb Code     0  libinit2.o(.ARM.Collect$$libinit$$00000002)
    __rt_lib_init_heap_1                     0x0800023b   Thumb Code     0  libinit2.o(.ARM.Collect$$libinit$$0000000A)
    __rt_lib_init_lc_common                  0x0800023b   Thumb Code     0  libinit2.o(.ARM.Collect$$libinit$$0000000F)
    __rt_lib_init_preinit_1                  0x0800023b   Thumb Code     0  libinit2.o(.ARM.Collect$$libinit$$00000004)
    __rt_lib_init_rand_1                     0x0800023b   Thumb Code     0  libinit2.o(.ARM.Collect$$libinit$$0000000E)
    __rt_lib_init_user_alloc_1               0x0800023b   Thumb Code     0  libinit2.o(.ARM.Collect$$libinit$$0000000C)
    __rt_lib_init_lc_collate_1               0x08000241   Thumb Code     0  libinit2.o(.ARM.Collect$$libinit$$00000011)
    __rt_lib_init_lc_ctype_2                 0x08000241   Thumb Code     0  libinit2.o(.ARM.Collect$$libinit$$00000012)
    __rt_lib_init_lc_ctype_1                 0x0800024d   Thumb Code     0  libinit2.o(.ARM.Collect$$libinit$$00000013)
    __rt_lib_init_lc_monetary_1              0x0800024d   Thumb Code     0  libinit2.o(.ARM.Collect$$libinit$$00000015)
    __rt_lib_init_lc_numeric_2               0x0800024d   Thumb Code     0  libinit2.o(.ARM.Collect$$libinit$$00000016)
    __rt_lib_init_alloca_1                   0x08000257   Thumb Code     0  libinit2.o(.ARM.Collect$$libinit$$0000002E)
    __rt_lib_init_argv_1                     0x08000257   Thumb Code     0  libinit2.o(.ARM.Collect$$libinit$$0000002C)
    __rt_lib_init_atexit_1                   0x08000257   Thumb Code     0  libinit2.o(.ARM.Collect$$libinit$$0000001B)
    __rt_lib_init_clock_1                    0x08000257   Thumb Code     0  libinit2.o(.ARM.Collect$$libinit$$00000021)
    __rt_lib_init_cpp_1                      0x08000257   Thumb Code     0  libinit2.o(.ARM.Collect$$libinit$$00000032)
    __rt_lib_init_exceptions_1               0x08000257   Thumb Code     0  libinit2.o(.ARM.Collect$$libinit$$00000030)
    __rt_lib_init_fp_trap_1                  0x08000257   Thumb Code     0  libinit2.o(.ARM.Collect$$libinit$$0000001F)
    __rt_lib_init_getenv_1                   0x08000257   Thumb Code     0  libinit2.o(.ARM.Collect$$libinit$$00000023)
    __rt_lib_init_lc_numeric_1               0x08000257   Thumb Code     0  libinit2.o(.ARM.Collect$$libinit$$00000017)
    __rt_lib_init_lc_time_1                  0x08000257   Thumb Code     0  libinit2.o(.ARM.Collect$$libinit$$00000019)
    __rt_lib_init_return                     0x08000257   Thumb Code     0  libinit2.o(.ARM.Collect$$libinit$$00000033)
    __rt_lib_init_signal_1                   0x08000257   Thumb Code     0  libinit2.o(.ARM.Collect$$libinit$$0000001D)
    __rt_lib_init_stdio_1                    0x08000257   Thumb Code     0  libinit2.o(.ARM.Collect$$libinit$$00000025)
    __rt_lib_shutdown                        0x08000259   Thumb Code     0  libshutdown.o(.ARM.Collect$$libshutdown$$00000000)
    __rt_lib_shutdown_cpp_1                  0x0800025b   Thumb Code     0  libshutdown2.o(.ARM.Collect$$libshutdown$$00000004)
    __rt_lib_shutdown_fini_1                 0x0800025b   Thumb Code     0  libshutdown2.o(.ARM.Collect$$libshutdown$$00000002)
    __rt_lib_shutdown_fp_trap_1              0x0800025b   Thumb Code     0  libshutdown2.o(.ARM.Collect$$libshutdown$$00000009)
    __rt_lib_shutdown_heap_1                 0x0800025b   Thumb Code     0  libshutdown2.o(.ARM.Collect$$libshutdown$$00000011)
    __rt_lib_shutdown_return                 0x0800025b   Thumb Code     0  libshutdown2.o(.ARM.Collect$$libshutdown$$00000012)
    __rt_lib_shutdown_signal_1               0x0800025b   Thumb Code     0  libshutdown2.o(.ARM.Collect$$libshutdown$$0000000C)
    __rt_lib_shutdown_stdio_1                0x0800025b   Thumb Code     0  libshutdown2.o(.ARM.Collect$$libshutdown$$00000006)
    __rt_lib_shutdown_user_alloc_1           0x0800025b   Thumb Code     0  libshutdown2.o(.ARM.Collect$$libshutdown$$0000000E)
    __rt_entry                               0x0800025d   Thumb Code     0  __rtentry.o(.ARM.Collect$$rtentry$$00000000)
    __rt_entry_presh_1                       0x0800025d   Thumb Code     0  __rtentry2.o(.ARM.Collect$$rtentry$$00000002)
    __rt_entry_sh                            0x0800025d   Thumb Code     0  __rtentry4.o(.ARM.Collect$$rtentry$$00000004)
    __rt_entry_li                            0x08000263   Thumb Code     0  __rtentry2.o(.ARM.Collect$$rtentry$$0000000A)
    __rt_entry_postsh_1                      0x08000263   Thumb Code     0  __rtentry2.o(.ARM.Collect$$rtentry$$00000009)
    __rt_entry_main                          0x08000267   Thumb Code     0  __rtentry2.o(.ARM.Collect$$rtentry$$0000000D)
    __rt_entry_postli_1                      0x08000267   Thumb Code     0  __rtentry2.o(.ARM.Collect$$rtentry$$0000000C)
    __rt_exit                                0x0800026f   Thumb Code     0  rtexit.o(.ARM.Collect$$rtexit$$00000000)
    __rt_exit_ls                             0x08000271   Thumb Code     0  rtexit2.o(.ARM.Collect$$rtexit$$00000003)
    __rt_exit_prels_1                        0x08000271   Thumb Code     0  rtexit2.o(.ARM.Collect$$rtexit$$00000002)
    __rt_exit_exit                           0x08000275   Thumb Code     0  rtexit2.o(.ARM.Collect$$rtexit$$00000004)
    Reset_Handler                            0x0800027d   Thumb Code     8  startup_stm32f10x_md.o(.text)
    ADC1_2_IRQHandler                        0x08000297   Thumb Code     0  startup_stm32f10x_md.o(.text)
    CAN1_RX1_IRQHandler                      0x08000297   Thumb Code     0  startup_stm32f10x_md.o(.text)
    CAN1_SCE_IRQHandler                      0x08000297   Thumb Code     0  startup_stm32f10x_md.o(.text)
    DMA1_Channel1_IRQHandler                 0x08000297   Thumb Code     0  startup_stm32f10x_md.o(.text)
    DMA1_Channel2_IRQHandler                 0x08000297   Thumb Code     0  startup_stm32f10x_md.o(.text)
    DMA1_Channel3_IRQHandler                 0x08000297   Thumb Code     0  startup_stm32f10x_md.o(.text)
    DMA1_Channel4_IRQHandler                 0x08000297   Thumb Code     0  startup_stm32f10x_md.o(.text)
    DMA1_Channel5_IRQHandler                 0x08000297   Thumb Code     0  startup_stm32f10x_md.o(.text)
    DMA1_Channel6_IRQHandler                 0x08000297   Thumb Code     0  startup_stm32f10x_md.o(.text)
    DMA1_Channel7_IRQHandler                 0x08000297   Thumb Code     0  startup_stm32f10x_md.o(.text)
    EXTI0_IRQHandler                         0x08000297   Thumb Code     0  startup_stm32f10x_md.o(.text)
    EXTI15_10_IRQHandler                     0x08000297   Thumb Code     0  startup_stm32f10x_md.o(.text)
    EXTI1_IRQHandler                         0x08000297   Thumb Code     0  startup_stm32f10x_md.o(.text)
    EXTI2_IRQHandler                         0x08000297   Thumb Code     0  startup_stm32f10x_md.o(.text)
    EXTI3_IRQHandler                         0x08000297   Thumb Code     0  startup_stm32f10x_md.o(.text)
    EXTI4_IRQHandler                         0x08000297   Thumb Code     0  startup_stm32f10x_md.o(.text)
    EXTI9_5_IRQHandler                       0x08000297   Thumb Code     0  startup_stm32f10x_md.o(.text)
    FLASH_IRQHandler                         0x08000297   Thumb Code     0  startup_stm32f10x_md.o(.text)
    I2C1_ER_IRQHandler                       0x08000297   Thumb Code     0  startup_stm32f10x_md.o(.text)
    I2C1_EV_IRQHandler                       0x08000297   Thumb Code     0  startup_stm32f10x_md.o(.text)
    I2C2_ER_IRQHandler                       0x08000297   Thumb Code     0  startup_stm32f10x_md.o(.text)
    I2C2_EV_IRQHandler                       0x08000297   Thumb Code     0  startup_stm32f10x_md.o(.text)
    PVD_IRQHandler                           0x08000297   Thumb Code     0  startup_stm32f10x_md.o(.text)
    RCC_IRQHandler                           0x08000297   Thumb Code     0  startup_stm32f10x_md.o(.text)
    RTCAlarm_IRQHandler                      0x08000297   Thumb Code     0  startup_stm32f10x_md.o(.text)
    RTC_IRQHandler                           0x08000297   Thumb Code     0  startup_stm32f10x_md.o(.text)
    SPI1_IRQHandler                          0x08000297   Thumb Code     0  startup_stm32f10x_md.o(.text)
    SPI2_IRQHandler                          0x08000297   Thumb Code     0  startup_stm32f10x_md.o(.text)
    TAMPER_IRQHandler                        0x08000297   Thumb Code     0  startup_stm32f10x_md.o(.text)
    TIM1_BRK_IRQHandler                      0x08000297   Thumb Code     0  startup_stm32f10x_md.o(.text)
    TIM1_CC_IRQHandler                       0x08000297   Thumb Code     0  startup_stm32f10x_md.o(.text)
    TIM1_TRG_COM_IRQHandler                  0x08000297   Thumb Code     0  startup_stm32f10x_md.o(.text)
    TIM1_UP_IRQHandler                       0x08000297   Thumb Code     0  startup_stm32f10x_md.o(.text)
    TIM3_IRQHandler                          0x08000297   Thumb Code     0  startup_stm32f10x_md.o(.text)
    TIM4_IRQHandler                          0x08000297   Thumb Code     0  startup_stm32f10x_md.o(.text)
    USART3_IRQHandler                        0x08000297   Thumb Code     0  startup_stm32f10x_md.o(.text)
    USBWakeUp_IRQHandler                     0x08000297   Thumb Code     0  startup_stm32f10x_md.o(.text)
    USB_HP_CAN1_TX_IRQHandler                0x08000297   Thumb Code     0  startup_stm32f10x_md.o(.text)
    USB_LP_CAN1_RX0_IRQHandler               0x08000297   Thumb Code     0  startup_stm32f10x_md.o(.text)
    WWDG_IRQHandler                          0x08000297   Thumb Code     0  startup_stm32f10x_md.o(.text)
    __user_initial_stackheap                 0x08000299   Thumb Code     0  startup_stm32f10x_md.o(.text)
    __use_no_semihosting                     0x080002bd   Thumb Code     2  use_no_semi_2.o(.text)
    vsprintf                                 0x080002c1   Thumb Code    32  vsprintf.o(.text)
    __2sprintf                               0x080002e5   Thumb Code    38  __2sprintf.o(.text)
    _printf_pre_padding                      0x08000311   Thumb Code    44  _printf_pad.o(.text)
    _printf_post_padding                     0x0800033d   Thumb Code    34  _printf_pad.o(.text)
    _printf_str                              0x0800035f   Thumb Code    82  _printf_str.o(.text)
    _printf_int_dec                          0x080003b1   Thumb Code   104  _printf_dec.o(.text)
    __printf                                 0x08000429   Thumb Code   388  __printf_flags_ss_wp.o(.text)
    __0sscanf                                0x080005b1   Thumb Code    52  __0sscanf.o(.text)
    _scanf_int                               0x080005ed   Thumb Code   332  _scanf_int.o(.text)
    strstr                                   0x08000739   Thumb Code    36  strstr.o(.text)
    strlen                                   0x0800075d   Thumb Code    62  strlen.o(.text)
    __aeabi_memclr                           0x0800079b   Thumb Code     0  rt_memclr.o(.text)
    __rt_memclr                              0x0800079b   Thumb Code    68  rt_memclr.o(.text)
    _memset                                  0x0800079f   Thumb Code     0  rt_memclr.o(.text)
    __aeabi_memclr4                          0x080007df   Thumb Code     0  rt_memclr_w.o(.text)
    __aeabi_memclr8                          0x080007df   Thumb Code     0  rt_memclr_w.o(.text)
    __rt_memclr_w                            0x080007df   Thumb Code    78  rt_memclr_w.o(.text)
    _memset_w                                0x080007e3   Thumb Code     0  rt_memclr_w.o(.text)
    __use_two_region_memory                  0x0800082d   Thumb Code     2  heapauxi.o(.text)
    __rt_heap_escrow$2region                 0x0800082f   Thumb Code     2  heapauxi.o(.text)
    __rt_heap_expand$2region                 0x08000831   Thumb Code     2  heapauxi.o(.text)
    __I$use$semihosting                      0x08000833   Thumb Code     0  use_no_semi.o(.text)
    __use_no_semihosting_swi                 0x08000833   Thumb Code     2  use_no_semi.o(.text)
    _printf_truncate_signed                  0x08000835   Thumb Code    18  _printf_truncate.o(.text)
    _printf_truncate_unsigned                0x08000847   Thumb Code    18  _printf_truncate.o(.text)
    _printf_int_common                       0x08000859   Thumb Code   178  _printf_intcommon.o(.text)
    _printf_charcount                        0x0800090b   Thumb Code    40  _printf_charcount.o(.text)
    _printf_char_common                      0x0800093f   Thumb Code    32  _printf_char_common.o(.text)
    _sputc                                   0x08000965   Thumb Code    10  _sputc.o(.text)
    _printf_cs_common                        0x0800096f   Thumb Code    20  _printf_char.o(.text)
    _printf_char                             0x08000983   Thumb Code    16  _printf_char.o(.text)
    _printf_string                           0x08000993   Thumb Code     8  _printf_char.o(.text)
    _printf_wctomb                           0x0800099d   Thumb Code   182  _printf_wctomb.o(.text)
    _printf_longlong_dec                     0x08000a59   Thumb Code   108  _printf_longlong_dec.o(.text)
    _printf_longlong_oct                     0x08000ad5   Thumb Code    66  _printf_oct_int_ll.o(.text)
    _printf_int_oct                          0x08000b17   Thumb Code    24  _printf_oct_int_ll.o(.text)
    _printf_ll_oct                           0x08000b2f   Thumb Code    12  _printf_oct_int_ll.o(.text)
    _printf_longlong_hex                     0x08000b45   Thumb Code    86  _printf_hex_int_ll_ptr.o(.text)
    _printf_int_hex                          0x08000b9b   Thumb Code    28  _printf_hex_int_ll_ptr.o(.text)
    _printf_ll_hex                           0x08000bb7   Thumb Code    12  _printf_hex_int_ll_ptr.o(.text)
    _printf_hex_ptr                          0x08000bc3   Thumb Code    18  _printf_hex_int_ll_ptr.o(.text)
    _chval                                   0x08000bd9   Thumb Code    28  _chval.o(.text)
    __vfscanf_char                           0x08000c01   Thumb Code    24  scanf_char.o(.text)
    _sgetc                                   0x08000c21   Thumb Code    30  _sgetc.o(.text)
    _sbackspace                              0x08000c3f   Thumb Code    34  _sgetc.o(.text)
    _ll_udiv10                               0x08000c61   Thumb Code   138  lludiv10.o(.text)
    isspace                                  0x08000ceb   Thumb Code    18  isspace.o(.text)
    __lib_sel_fp_printf                      0x08000cfd   Thumb Code     2  _printf_fp_dec.o(.text)
    _printf_fp_dec_real                      0x08000eaf   Thumb Code   620  _printf_fp_dec.o(.text)
    _printf_fp_hex_real                      0x0800111d   Thumb Code   756  _printf_fp_hex.o(.text)
    _printf_lcs_common                       0x08001419   Thumb Code    20  _printf_wchar.o(.text)
    _printf_wchar                            0x0800142d   Thumb Code    16  _printf_wchar.o(.text)
    _printf_wstring                          0x0800143d   Thumb Code     8  _printf_wchar.o(.text)
    __vfscanf                                0x08001445   Thumb Code   880  _scanf.o(.text)
    _wcrtomb                                 0x080017b9   Thumb Code    64  _wcrtomb.o(.text)
    __user_setup_stackheap                   0x080017f9   Thumb Code    74  sys_stackheap_outer.o(.text)
    __rt_ctype_table                         0x08001845   Thumb Code    16  rt_ctype_table.o(.text)
    __rt_locale                              0x08001855   Thumb Code     8  rt_locale_intlibspace.o(.text)
    _printf_fp_infnan                        0x0800185d   Thumb Code   112  _printf_fp_infnan.o(.text)
    _btod_etento                             0x080018dd   Thumb Code   224  bigflt0.o(.text)
    exit                                     0x080019c1   Thumb Code    18  exit.o(.text)
    __user_libspace                          0x080019d5   Thumb Code     8  libspace.o(.text)
    __user_perproc_libspace                  0x080019d5   Thumb Code     0  libspace.o(.text)
    __user_perthread_libspace                0x080019d5   Thumb Code     0  libspace.o(.text)
    strcmp                                   0x080019dd   Thumb Code   128  strcmpv7m.o(.text)
    _btod_d2e                                0x08001a5d   Thumb Code    62  btod.o(CL$$btod_d2e)
    _d2e_denorm_low                          0x08001a9b   Thumb Code    70  btod.o(CL$$btod_d2e_denorm_low)
    _d2e_norm_op1                            0x08001ae1   Thumb Code    96  btod.o(CL$$btod_d2e_norm_op1)
    __btod_div_common                        0x08001b41   Thumb Code   696  btod.o(CL$$btod_div_common)
    _e2e                                     0x08001e79   Thumb Code   220  btod.o(CL$$btod_e2e)
    _btod_ediv                               0x08001f55   Thumb Code    42  btod.o(CL$$btod_ediv)
    _btod_emul                               0x08001f7f   Thumb Code    42  btod.o(CL$$btod_emul)
    __btod_mult_common                       0x08001fa9   Thumb Code   580  btod.o(CL$$btod_mult_common)
    BCD2HEX                                  0x080021ed   Thumb Code    42  ds1302.o(i.BCD2HEX)
    BusFault_Handler                         0x08002217   Thumb Code     4  stm32f10x_it.o(i.BusFault_Handler)
    DHT22_Init                               0x08002281   Thumb Code    58  dht22.o(i.DHT22_Init)
    DHT22_Rst                                0x08002345   Thumb Code    74  dht22.o(i.DHT22_Rst)
    DebugMon_Handler                         0x0800239d   Thumb Code     2  stm32f10x_it.o(i.DebugMon_Handler)
    Ds1302_Init                              0x080023a1   Thumb Code    28  ds1302.o(i.Ds1302_Init)
    Ds1302_Read_Byte                         0x080023c5   Thumb Code   214  ds1302.o(i.Ds1302_Read_Byte)
    Ds1302_Write_Byte                        0x080024a9   Thumb Code   200  ds1302.o(i.Ds1302_Write_Byte)
    ESP8266_Clear                            0x0800257d   Thumb Code    26  esp8266.o(i.ESP8266_Clear)
    ESP8266_Init                             0x080025a5   Thumb Code   674  esp8266.o(i.ESP8266_Init)
    ESP8266_SendATCmd                        0x0800299d   Thumb Code    94  esp8266.o(i.ESP8266_SendATCmd)
    ESP8266_SendData                         0x08002a09   Thumb Code   174  esp8266.o(i.ESP8266_SendData)
    GPIO_Init                                0x08002bc1   Thumb Code   278  stm32f10x_gpio.o(i.GPIO_Init)
    GPIO_PinRemapConfig                      0x08002cd9   Thumb Code   138  stm32f10x_gpio.o(i.GPIO_PinRemapConfig)
    GPIO_ResetBits                           0x08002d69   Thumb Code     4  stm32f10x_gpio.o(i.GPIO_ResetBits)
    GPIO_SetBits                             0x08002d6d   Thumb Code     4  stm32f10x_gpio.o(i.GPIO_SetBits)
    HardFault_Handler                        0x08002d71   Thumb Code     4  stm32f10x_it.o(i.HardFault_Handler)
    IIC_Start1                               0x08002d75   Thumb Code    44  oled.o(i.IIC_Start1)
    IIC_Stop1                                0x08002da5   Thumb Code    34  oled.o(i.IIC_Stop1)
    IIC_Wait_Ack1                            0x08002dcd   Thumb Code    24  oled.o(i.IIC_Wait_Ack1)
    IO_Init                                  0x08002de9   Thumb Code    40  ds1302.o(i.IO_Init)
    KEY_Scan                                 0x08002e15   Thumb Code   152  key.o(i.KEY_Scan)
    Key_Init                                 0x08002eb5   Thumb Code    40  key.o(i.Key_Init)
    MemManage_Handler                        0x08002ee5   Thumb Code     4  stm32f10x_it.o(i.MemManage_Handler)
    NMI_Handler                              0x08002ee9   Thumb Code     2  stm32f10x_it.o(i.NMI_Handler)
    NVIC_Init                                0x08002eed   Thumb Code   100  misc.o(i.NVIC_Init)
    NVIC_PriorityGroupConfig                 0x08002f5d   Thumb Code    10  misc.o(i.NVIC_PriorityGroupConfig)
    OLED_Clear                               0x08002f71   Thumb Code    64  oled.o(i.OLED_Clear)
    OLED_Init                                0x08002fb1   Thumb Code   272  oled.o(i.OLED_Init)
    OLED_Set_Pos                             0x080030c5   Thumb Code    40  oled.o(i.OLED_Set_Pos)
    OLED_ShowCHinese                         0x080030ed   Thumb Code    98  oled.o(i.OLED_ShowCHinese)
    OLED_ShowChar                            0x08003155   Thumb Code   154  oled.o(i.OLED_ShowChar)
    OLED_ShowFailureWithCountdown            0x080031f9   Thumb Code   216  esp8266.o(i.OLED_ShowFailureWithCountdown)
    OLED_ShowNum                             0x080032e1   Thumb Code   136  oled.o(i.OLED_ShowNum)
    OLED_ShowString                          0x08003369   Thumb Code    58  oled.o(i.OLED_ShowString)
    OLED_ShowWiFiProgress                    0x080033a5   Thumb Code    28  esp8266.o(i.OLED_ShowWiFiProgress)
    OLED_WR_Byte                             0x080033c9   Thumb Code    24  oled.o(i.OLED_WR_Byte)
    PendSV_Handler                           0x080033e1   Thumb Code     2  stm32f10x_it.o(i.PendSV_Handler)
    RCC_APB1PeriphClockCmd                   0x080033e5   Thumb Code    26  stm32f10x_rcc.o(i.RCC_APB1PeriphClockCmd)
    RCC_APB2PeriphClockCmd                   0x08003405   Thumb Code    26  stm32f10x_rcc.o(i.RCC_APB2PeriphClockCmd)
    RCC_GetClocksFreq                        0x08003425   Thumb Code   192  stm32f10x_rcc.o(i.RCC_GetClocksFreq)
    RTC_Get                                  0x080034f9   Thumb Code   132  ds1302.o(i.RTC_Get)
    Read_DHT22                               0x08003581   Thumb Code   158  dht22.o(i.Read_DHT22)
    SVC_Handler                              0x0800361f   Thumb Code     2  stm32f10x_it.o(i.SVC_Handler)
    Serial_Iint                              0x08003621   Thumb Code   154  usart.o(i.Serial_Iint)
    Serial_Printf                            0x080036c5   Thumb Code    36  usart.o(i.Serial_Printf)
    Serial_SendByte                          0x080036e9   Thumb Code    28  usart.o(i.Serial_SendByte)
    Serial_SendString                        0x08003709   Thumb Code    26  usart.o(i.Serial_SendString)
    SysTick_Handler                          0x0800380d   Thumb Code     2  stm32f10x_it.o(i.SysTick_Handler)
    SystemInit                               0x08003811   Thumb Code    78  system_stm32f10x.o(i.SystemInit)
    TIM2_IRQHandler                          0x08003871   Thumb Code    28  timer.o(i.TIM2_IRQHandler)
    TIME                                     0x08003891   Thumb Code   374  ds1302.o(i.TIME)
    TIM_ClearFlag                            0x08003a39   Thumb Code     6  stm32f10x_tim.o(i.TIM_ClearFlag)
    TIM_ClearITPendingBit                    0x08003a3f   Thumb Code     6  stm32f10x_tim.o(i.TIM_ClearITPendingBit)
    TIM_Cmd                                  0x08003a45   Thumb Code    24  stm32f10x_tim.o(i.TIM_Cmd)
    TIM_GetITStatus                          0x08003a5d   Thumb Code    34  stm32f10x_tim.o(i.TIM_GetITStatus)
    TIM_ITConfig                             0x08003a7f   Thumb Code    18  stm32f10x_tim.o(i.TIM_ITConfig)
    TIM_InternalClockConfig                  0x08003a91   Thumb Code    12  stm32f10x_tim.o(i.TIM_InternalClockConfig)
    TIM_TimeBaseInit                         0x08003a9d   Thumb Code   122  stm32f10x_tim.o(i.TIM_TimeBaseInit)
    Timer_Init                               0x08003b41   Thumb Code   124  timer.o(i.Timer_Init)
    USART1_IRQHandler                        0x08003bbd   Thumb Code   140  usart.o(i.USART1_IRQHandler)
    USART2_IRQHandler                        0x08003c5d   Thumb Code    94  esp8266.o(i.USART2_IRQHandler)
    USART_ClearITPendingBit                  0x08003cd5   Thumb Code    30  stm32f10x_usart.o(i.USART_ClearITPendingBit)
    USART_Cmd                                0x08003cf3   Thumb Code    24  stm32f10x_usart.o(i.USART_Cmd)
    USART_GetFlagStatus                      0x08003d0b   Thumb Code    26  stm32f10x_usart.o(i.USART_GetFlagStatus)
    USART_GetITStatus                        0x08003d25   Thumb Code    84  stm32f10x_usart.o(i.USART_GetITStatus)
    USART_ITConfig                           0x08003d79   Thumb Code    74  stm32f10x_usart.o(i.USART_ITConfig)
    USART_Init                               0x08003dc5   Thumb Code   210  stm32f10x_usart.o(i.USART_Init)
    USART_ReceiveData                        0x08003e9d   Thumb Code    10  stm32f10x_usart.o(i.USART_ReceiveData)
    USART_SendData                           0x08003ea7   Thumb Code     8  stm32f10x_usart.o(i.USART_SendData)
    UsageFault_Handler                       0x08003eaf   Thumb Code     4  stm32f10x_it.o(i.UsageFault_Handler)
    Write_IIC_Byte                           0x08003eb5   Thumb Code    88  oled.o(i.Write_IIC_Byte)
    Write_IIC_Command                        0x08003f11   Thumb Code    44  oled.o(i.Write_IIC_Command)
    Write_IIC_Data                           0x08003f3d   Thumb Code    44  oled.o(i.Write_IIC_Data)
    __ARM_fpclassify                         0x08003f69   Thumb Code    40  fpclassify.o(i.__ARM_fpclassify)
    _is_digit                                0x08003f91   Thumb Code    14  __printf_wp.o(i._is_digit)
    _sys_exit                                0x08003f9f   Thumb Code     4  usart.o(i._sys_exit)
    chushi_init                              0x08003fa5   Thumb Code    40  control.o(i.chushi_init)
    delay_ms                                 0x08003fd1   Thumb Code    24  delay.o(i.delay_ms)
    delay_us                                 0x08003fe9   Thumb Code    46  delay.o(i.delay_us)
    jiare_init                               0x08004019   Thumb Code    40  control.o(i.jiare_init)
    jiashi_init                              0x08004045   Thumb Code    38  control.o(i.jiashi_init)
    main                                     0x08004071   Thumb Code  3386  main.o(i.main)
    oled_pow                                 0x08004e2d   Thumb Code    22  oled.o(i.oled_pow)
    show_mode                                0x08004e45   Thumb Code   100  main.o(i.show_mode)
    show_wendu                               0x08004ead   Thumb Code   122  main.o(i.show_wendu)
    zhileng_init                             0x08004f49   Thumb Code    38  control.o(i.zhileng_init)
    _get_lc_numeric                          0x08004f75   Thumb Code    44  lc_numeric_c.o(locale$$code)
    _get_lc_ctype                            0x08004fa1   Thumb Code    44  lc_ctype_c.o(locale$$code)
    __fpl_fcmp_Inf                           0x08004fcd   Thumb Code    24  fcmpi.o(x$fpl$fcmpinf)
    __aeabi_fdiv                             0x08004fe5   Thumb Code     0  fdiv.o(x$fpl$fdiv)
    _fdiv                                    0x08004fe5   Thumb Code   384  fdiv.o(x$fpl$fdiv)
    __aeabi_i2f                              0x08005169   Thumb Code     0  fflt_clz.o(x$fpl$fflt)
    _fflt                                    0x08005169   Thumb Code    48  fflt_clz.o(x$fpl$fflt)
    __aeabi_ui2f                             0x08005199   Thumb Code     0  fflt_clz.o(x$fpl$ffltu)
    _ffltu                                   0x08005199   Thumb Code    38  fflt_clz.o(x$fpl$ffltu)
    __aeabi_cfcmple                          0x080051c1   Thumb Code     0  fleqf.o(x$fpl$fleqf)
    _fcmple                                  0x080051c1   Thumb Code   104  fleqf.o(x$fpl$fleqf)
    __fpl_fcmple_InfNaN                      0x08005213   Thumb Code     0  fleqf.o(x$fpl$fleqf)
    __fpl_fnaninf                            0x08005229   Thumb Code   140  fnaninf.o(x$fpl$fnaninf)
    __fpl_fretinf                            0x080052b5   Thumb Code    10  fretinf.o(x$fpl$fretinf)
    __aeabi_cfrcmple                         0x080052bf   Thumb Code     0  frleqf.o(x$fpl$frleqf)
    _frcmple                                 0x080052bf   Thumb Code    98  frleqf.o(x$fpl$frleqf)
    _printf_fp_dec                           0x08005321   Thumb Code     4  printf1.o(x$fpl$printf1)
    _printf_fp_hex                           0x08005325   Thumb Code     4  printf2.o(x$fpl$printf2)
    F6x8                                     0x08005328   Data         552  oled.o(.constdata)
    __I$use$fp                               0x08005328   Number         0  usenofp.o(x$fpl$usenofp)
    F8X16                                    0x08005550   Data        1520  oled.o(.constdata)
    Region$$Table$$Base                      0x08005c88   Number         0  anon$$obj.o(Region$$Table)
    Region$$Table$$Limit                     0x08005ca8   Number         0  anon$$obj.o(Region$$Table)
    __ctype                                  0x08005cd1   Data           0  lc_ctype_c.o(locale$$data)
    mode                                     0x20000000   Data           1  main.o(.data)
    page                                     0x20000004   Data           4  main.o(.data)
    page_clear                               0x20000008   Data           4  main.o(.data)
    page2_index                              0x2000000c   Data           4  main.o(.data)
    page3_index                              0x20000010   Data           4  main.o(.data)
    set_wendu_high                           0x20000014   Data           4  main.o(.data)
    set_wendu_lou                            0x20000018   Data           4  main.o(.data)
    set_shidu_high                           0x2000001c   Data           4  main.o(.data)
    set_shidu_low                            0x20000020   Data           4  main.o(.data)
    DHT22_Data                               0x20000024   Data           6  main.o(.data)
    data_valid                               0x2000002a   Data           1  main.o(.data)
    sys_tick_ms                              0x2000002c   Data           4  main.o(.data)
    last_dht22_read_time                     0x20000030   Data           4  main.o(.data)
    key_num                                  0x20000034   Data           1  main.o(.data)
    WiFiInit_time                            0x20000035   Data           1  main.o(.data)
    Flagout                                  0x20000036   Data           1  main.o(.data)
    heart_beat_count                         0x20000038   Data           4  main.o(.data)
    reconnect_count                          0x2000003c   Data           4  main.o(.data)
    oled_Fill_flag                           0x20000040   Data           1  main.o(.data)
    wendu_display_force_update               0x20000041   Data           1  main.o(.data)
    TIMER_IT                                 0x20000042   Data           1  timer.o(.data)
    Hzk                                      0x20000043   Data        8192  oled.o(.data)
    data_cnt                                 0x20002044   Data           2  usart.o(.data)
    Seria1_TxPacket                          0x20002046   Data           8  usart.o(.data)
    Serial_RxFlag                            0x2000204e   Data           1  usart.o(.data)
    __stdout                                 0x20002050   Data           4  usart.o(.data)
    Secret_Key                               0x20002056   Data          11  esp8266.o(.data)
    esp8266_cnt                              0x20002062   Data           2  esp8266.o(.data)
    esp8266_recive_flag                      0x20002064   Data           1  esp8266.o(.data)
    ESP8266_RecvLen                          0x20002066   Data           2  esp8266.o(.data)
    oled_str                                 0x2000207c   Data         100  main.o(.bss)
    data                                     0x200020e0   Data         200  main.o(.bss)
    buff                                     0x200021a8   Data          30  main.o(.bss)
    Serial_RxPacket                          0x200021c6   Data          50  usart.o(.bss)
    calendar                                 0x200021f8   Data          10  ds1302.o(.bss)
    next                                     0x20002202   Data          10  ds1302.o(.bss)
    time_str                                 0x2000220c   Data          50  ds1302.o(.bss)
    esp8266_buf                              0x2000223e   Data         256  esp8266.o(.bss)
    ESP8266_RecvBuf                          0x2000233e   Data         256  esp8266.o(.bss)
    __libspace_start                         0x20002440   Data          96  libspace.o(.bss)
    __temporary_stack_top$libspace           0x200024a0   Data           0  libspace.o(.bss)



==============================================================================

Memory Map of the image

  Image Entry point : 0x080000ed

  Load Region LR_IROM1 (Base: 0x08000000, Size: 0x00007e50, Max: 0x00010000, ABSOLUTE, COMPRESSED[0x0000686c])

    Execution Region ER_IROM1 (Exec base: 0x08000000, Load base: 0x08000000, Size: 0x00005dd4, Max: 0x00010000, ABSOLUTE)

    Exec Addr    Load Addr    Size         Type   Attr      Idx    E Section Name        Object

    0x08000000   0x08000000   0x000000ec   Data   RO         1062    RESET               startup_stm32f10x_md.o
    0x080000ec   0x080000ec   0x00000008   Code   RO         4149  * !!!main             c_w.l(__main.o)
    0x080000f4   0x080000f4   0x00000034   Code   RO         4480    !!!scatter          c_w.l(__scatter.o)
    0x08000128   0x08000128   0x00000064   Code   RO         4478    !!dclz77c           c_w.l(__dclz77c.o)
    0x0800018c   0x0800018c   0x0000001c   Code   RO         4482    !!handler_zi        c_w.l(__scatter_zi.o)
    0x080001a8   0x080001a8   0x00000000   Code   RO         4132    .ARM.Collect$$_printf_percent$$00000000  c_w.l(_printf_percent.o)
    0x080001a8   0x080001a8   0x00000006   Code   RO         4220    .ARM.Collect$$_printf_percent$$00000001  c_w.l(_printf_n.o)
    0x080001ae   0x080001ae   0x00000006   Code   RO         4222    .ARM.Collect$$_printf_percent$$00000002  c_w.l(_printf_p.o)
    0x080001b4   0x080001b4   0x00000006   Code   RO         4226    .ARM.Collect$$_printf_percent$$00000003  c_w.l(_printf_f.o)
    0x080001ba   0x080001ba   0x00000006   Code   RO         4227    .ARM.Collect$$_printf_percent$$00000004  c_w.l(_printf_e.o)
    0x080001c0   0x080001c0   0x00000006   Code   RO         4228    .ARM.Collect$$_printf_percent$$00000005  c_w.l(_printf_g.o)
    0x080001c6   0x080001c6   0x00000006   Code   RO         4229    .ARM.Collect$$_printf_percent$$00000006  c_w.l(_printf_a.o)
    0x080001cc   0x080001cc   0x0000000a   Code   RO         4234    .ARM.Collect$$_printf_percent$$00000007  c_w.l(_printf_ll.o)
    0x080001d6   0x080001d6   0x00000006   Code   RO         4224    .ARM.Collect$$_printf_percent$$00000008  c_w.l(_printf_i.o)
    0x080001dc   0x080001dc   0x00000006   Code   RO         4131    .ARM.Collect$$_printf_percent$$00000009  c_w.l(_printf_d.o)
    0x080001e2   0x080001e2   0x00000006   Code   RO         4225    .ARM.Collect$$_printf_percent$$0000000A  c_w.l(_printf_u.o)
    0x080001e8   0x080001e8   0x00000006   Code   RO         4223    .ARM.Collect$$_printf_percent$$0000000B  c_w.l(_printf_o.o)
    0x080001ee   0x080001ee   0x00000006   Code   RO         4221    .ARM.Collect$$_printf_percent$$0000000C  c_w.l(_printf_x.o)
    0x080001f4   0x080001f4   0x00000006   Code   RO         4231    .ARM.Collect$$_printf_percent$$0000000D  c_w.l(_printf_lli.o)
    0x080001fa   0x080001fa   0x00000006   Code   RO         4232    .ARM.Collect$$_printf_percent$$0000000E  c_w.l(_printf_lld.o)
    0x08000200   0x08000200   0x00000006   Code   RO         4233    .ARM.Collect$$_printf_percent$$0000000F  c_w.l(_printf_llu.o)
    0x08000206   0x08000206   0x00000006   Code   RO         4238    .ARM.Collect$$_printf_percent$$00000010  c_w.l(_printf_llo.o)
    0x0800020c   0x0800020c   0x00000006   Code   RO         4239    .ARM.Collect$$_printf_percent$$00000011  c_w.l(_printf_llx.o)
    0x08000212   0x08000212   0x0000000a   Code   RO         4235    .ARM.Collect$$_printf_percent$$00000012  c_w.l(_printf_l.o)
    0x0800021c   0x0800021c   0x00000006   Code   RO         4129    .ARM.Collect$$_printf_percent$$00000013  c_w.l(_printf_c.o)
    0x08000222   0x08000222   0x00000006   Code   RO         4130    .ARM.Collect$$_printf_percent$$00000014  c_w.l(_printf_s.o)
    0x08000228   0x08000228   0x00000006   Code   RO         4236    .ARM.Collect$$_printf_percent$$00000015  c_w.l(_printf_lc.o)
    0x0800022e   0x0800022e   0x00000006   Code   RO         4237    .ARM.Collect$$_printf_percent$$00000016  c_w.l(_printf_ls.o)
    0x08000234   0x08000234   0x00000004   Code   RO         4230    .ARM.Collect$$_printf_percent$$00000017  c_w.l(_printf_percent_end.o)
    0x08000238   0x08000238   0x00000002   Code   RO         4341    .ARM.Collect$$libinit$$00000000  c_w.l(libinit.o)
    0x0800023a   0x0800023a   0x00000000   Code   RO         4357    .ARM.Collect$$libinit$$00000002  c_w.l(libinit2.o)
    0x0800023a   0x0800023a   0x00000000   Code   RO         4359    .ARM.Collect$$libinit$$00000004  c_w.l(libinit2.o)
    0x0800023a   0x0800023a   0x00000000   Code   RO         4362    .ARM.Collect$$libinit$$0000000A  c_w.l(libinit2.o)
    0x0800023a   0x0800023a   0x00000000   Code   RO         4364    .ARM.Collect$$libinit$$0000000C  c_w.l(libinit2.o)
    0x0800023a   0x0800023a   0x00000000   Code   RO         4366    .ARM.Collect$$libinit$$0000000E  c_w.l(libinit2.o)
    0x0800023a   0x0800023a   0x00000006   Code   RO         4367    .ARM.Collect$$libinit$$0000000F  c_w.l(libinit2.o)
    0x08000240   0x08000240   0x00000000   Code   RO         4369    .ARM.Collect$$libinit$$00000011  c_w.l(libinit2.o)
    0x08000240   0x08000240   0x0000000c   Code   RO         4370    .ARM.Collect$$libinit$$00000012  c_w.l(libinit2.o)
    0x0800024c   0x0800024c   0x00000000   Code   RO         4371    .ARM.Collect$$libinit$$00000013  c_w.l(libinit2.o)
    0x0800024c   0x0800024c   0x00000000   Code   RO         4373    .ARM.Collect$$libinit$$00000015  c_w.l(libinit2.o)
    0x0800024c   0x0800024c   0x0000000a   Code   RO         4374    .ARM.Collect$$libinit$$00000016  c_w.l(libinit2.o)
    0x08000256   0x08000256   0x00000000   Code   RO         4375    .ARM.Collect$$libinit$$00000017  c_w.l(libinit2.o)
    0x08000256   0x08000256   0x00000000   Code   RO         4377    .ARM.Collect$$libinit$$00000019  c_w.l(libinit2.o)
    0x08000256   0x08000256   0x00000000   Code   RO         4379    .ARM.Collect$$libinit$$0000001B  c_w.l(libinit2.o)
    0x08000256   0x08000256   0x00000000   Code   RO         4381    .ARM.Collect$$libinit$$0000001D  c_w.l(libinit2.o)
    0x08000256   0x08000256   0x00000000   Code   RO         4383    .ARM.Collect$$libinit$$0000001F  c_w.l(libinit2.o)
    0x08000256   0x08000256   0x00000000   Code   RO         4385    .ARM.Collect$$libinit$$00000021  c_w.l(libinit2.o)
    0x08000256   0x08000256   0x00000000   Code   RO         4387    .ARM.Collect$$libinit$$00000023  c_w.l(libinit2.o)
    0x08000256   0x08000256   0x00000000   Code   RO         4389    .ARM.Collect$$libinit$$00000025  c_w.l(libinit2.o)
    0x08000256   0x08000256   0x00000000   Code   RO         4393    .ARM.Collect$$libinit$$0000002C  c_w.l(libinit2.o)
    0x08000256   0x08000256   0x00000000   Code   RO         4395    .ARM.Collect$$libinit$$0000002E  c_w.l(libinit2.o)
    0x08000256   0x08000256   0x00000000   Code   RO         4397    .ARM.Collect$$libinit$$00000030  c_w.l(libinit2.o)
    0x08000256   0x08000256   0x00000000   Code   RO         4399    .ARM.Collect$$libinit$$00000032  c_w.l(libinit2.o)
    0x08000256   0x08000256   0x00000002   Code   RO         4400    .ARM.Collect$$libinit$$00000033  c_w.l(libinit2.o)
    0x08000258   0x08000258   0x00000002   Code   RO         4418    .ARM.Collect$$libshutdown$$00000000  c_w.l(libshutdown.o)
    0x0800025a   0x0800025a   0x00000000   Code   RO         4428    .ARM.Collect$$libshutdown$$00000002  c_w.l(libshutdown2.o)
    0x0800025a   0x0800025a   0x00000000   Code   RO         4430    .ARM.Collect$$libshutdown$$00000004  c_w.l(libshutdown2.o)
    0x0800025a   0x0800025a   0x00000000   Code   RO         4432    .ARM.Collect$$libshutdown$$00000006  c_w.l(libshutdown2.o)
    0x0800025a   0x0800025a   0x00000000   Code   RO         4435    .ARM.Collect$$libshutdown$$00000009  c_w.l(libshutdown2.o)
    0x0800025a   0x0800025a   0x00000000   Code   RO         4438    .ARM.Collect$$libshutdown$$0000000C  c_w.l(libshutdown2.o)
    0x0800025a   0x0800025a   0x00000000   Code   RO         4440    .ARM.Collect$$libshutdown$$0000000E  c_w.l(libshutdown2.o)
    0x0800025a   0x0800025a   0x00000000   Code   RO         4443    .ARM.Collect$$libshutdown$$00000011  c_w.l(libshutdown2.o)
    0x0800025a   0x0800025a   0x00000002   Code   RO         4444    .ARM.Collect$$libshutdown$$00000012  c_w.l(libshutdown2.o)
    0x0800025c   0x0800025c   0x00000000   Code   RO         4175    .ARM.Collect$$rtentry$$00000000  c_w.l(__rtentry.o)
    0x0800025c   0x0800025c   0x00000000   Code   RO         4264    .ARM.Collect$$rtentry$$00000002  c_w.l(__rtentry2.o)
    0x0800025c   0x0800025c   0x00000006   Code   RO         4276    .ARM.Collect$$rtentry$$00000004  c_w.l(__rtentry4.o)
    0x08000262   0x08000262   0x00000000   Code   RO         4266    .ARM.Collect$$rtentry$$00000009  c_w.l(__rtentry2.o)
    0x08000262   0x08000262   0x00000004   Code   RO         4267    .ARM.Collect$$rtentry$$0000000A  c_w.l(__rtentry2.o)
    0x08000266   0x08000266   0x00000000   Code   RO         4269    .ARM.Collect$$rtentry$$0000000C  c_w.l(__rtentry2.o)
    0x08000266   0x08000266   0x00000008   Code   RO         4270    .ARM.Collect$$rtentry$$0000000D  c_w.l(__rtentry2.o)
    0x0800026e   0x0800026e   0x00000002   Code   RO         4349    .ARM.Collect$$rtexit$$00000000  c_w.l(rtexit.o)
    0x08000270   0x08000270   0x00000000   Code   RO         4402    .ARM.Collect$$rtexit$$00000002  c_w.l(rtexit2.o)
    0x08000270   0x08000270   0x00000004   Code   RO         4403    .ARM.Collect$$rtexit$$00000003  c_w.l(rtexit2.o)
    0x08000274   0x08000274   0x00000006   Code   RO         4404    .ARM.Collect$$rtexit$$00000004  c_w.l(rtexit2.o)
    0x0800027a   0x0800027a   0x00000002   PAD
    0x0800027c   0x0800027c   0x00000040   Code   RO         1063    .text               startup_stm32f10x_md.o
    0x080002bc   0x080002bc   0x00000002   Code   RO         4093    .text               c_w.l(use_no_semi_2.o)
    0x080002be   0x080002be   0x00000002   PAD
    0x080002c0   0x080002c0   0x00000024   Code   RO         4095    .text               c_w.l(vsprintf.o)
    0x080002e4   0x080002e4   0x0000002c   Code   RO         4097    .text               c_w.l(__2sprintf.o)
    0x08000310   0x08000310   0x0000004e   Code   RO         4103    .text               c_w.l(_printf_pad.o)
    0x0800035e   0x0800035e   0x00000052   Code   RO         4105    .text               c_w.l(_printf_str.o)
    0x080003b0   0x080003b0   0x00000078   Code   RO         4107    .text               c_w.l(_printf_dec.o)
    0x08000428   0x08000428   0x00000188   Code   RO         4126    .text               c_w.l(__printf_flags_ss_wp.o)
    0x080005b0   0x080005b0   0x0000003c   Code   RO         4133    .text               c_w.l(__0sscanf.o)
    0x080005ec   0x080005ec   0x0000014c   Code   RO         4135    .text               c_w.l(_scanf_int.o)
    0x08000738   0x08000738   0x00000024   Code   RO         4137    .text               c_w.l(strstr.o)
    0x0800075c   0x0800075c   0x0000003e   Code   RO         4139    .text               c_w.l(strlen.o)
    0x0800079a   0x0800079a   0x00000044   Code   RO         4143    .text               c_w.l(rt_memclr.o)
    0x080007de   0x080007de   0x0000004e   Code   RO         4145    .text               c_w.l(rt_memclr_w.o)
    0x0800082c   0x0800082c   0x00000006   Code   RO         4147    .text               c_w.l(heapauxi.o)
    0x08000832   0x08000832   0x00000002   Code   RO         4173    .text               c_w.l(use_no_semi.o)
    0x08000834   0x08000834   0x00000024   Code   RO         4176    .text               c_w.l(_printf_truncate.o)
    0x08000858   0x08000858   0x000000b2   Code   RO         4178    .text               c_w.l(_printf_intcommon.o)
    0x0800090a   0x0800090a   0x00000028   Code   RO         4180    .text               c_w.l(_printf_charcount.o)
    0x08000932   0x08000932   0x00000002   PAD
    0x08000934   0x08000934   0x00000030   Code   RO         4182    .text               c_w.l(_printf_char_common.o)
    0x08000964   0x08000964   0x0000000a   Code   RO         4184    .text               c_w.l(_sputc.o)
    0x0800096e   0x0800096e   0x0000002c   Code   RO         4186    .text               c_w.l(_printf_char.o)
    0x0800099a   0x0800099a   0x00000002   PAD
    0x0800099c   0x0800099c   0x000000bc   Code   RO         4188    .text               c_w.l(_printf_wctomb.o)
    0x08000a58   0x08000a58   0x0000007c   Code   RO         4191    .text               c_w.l(_printf_longlong_dec.o)
    0x08000ad4   0x08000ad4   0x00000070   Code   RO         4197    .text               c_w.l(_printf_oct_int_ll.o)
    0x08000b44   0x08000b44   0x00000094   Code   RO         4217    .text               c_w.l(_printf_hex_int_ll_ptr.o)
    0x08000bd8   0x08000bd8   0x0000001c   Code   RO         4240    .text               c_w.l(_chval.o)
    0x08000bf4   0x08000bf4   0x0000002c   Code   RO         4242    .text               c_w.l(scanf_char.o)
    0x08000c20   0x08000c20   0x00000040   Code   RO         4244    .text               c_w.l(_sgetc.o)
    0x08000c60   0x08000c60   0x0000008a   Code   RO         4278    .text               c_w.l(lludiv10.o)
    0x08000cea   0x08000cea   0x00000012   Code   RO         4280    .text               c_w.l(isspace.o)
    0x08000cfc   0x08000cfc   0x0000041e   Code   RO         4282    .text               c_w.l(_printf_fp_dec.o)
    0x0800111a   0x0800111a   0x00000002   PAD
    0x0800111c   0x0800111c   0x000002fc   Code   RO         4284    .text               c_w.l(_printf_fp_hex.o)
    0x08001418   0x08001418   0x0000002c   Code   RO         4289    .text               c_w.l(_printf_wchar.o)
    0x08001444   0x08001444   0x00000374   Code   RO         4291    .text               c_w.l(_scanf.o)
    0x080017b8   0x080017b8   0x00000040   Code   RO         4293    .text               c_w.l(_wcrtomb.o)
    0x080017f8   0x080017f8   0x0000004a   Code   RO         4295    .text               c_w.l(sys_stackheap_outer.o)
    0x08001842   0x08001842   0x00000002   PAD
    0x08001844   0x08001844   0x00000010   Code   RO         4297    .text               c_w.l(rt_ctype_table.o)
    0x08001854   0x08001854   0x00000008   Code   RO         4302    .text               c_w.l(rt_locale_intlibspace.o)
    0x0800185c   0x0800185c   0x00000080   Code   RO         4304    .text               c_w.l(_printf_fp_infnan.o)
    0x080018dc   0x080018dc   0x000000e4   Code   RO         4306    .text               c_w.l(bigflt0.o)
    0x080019c0   0x080019c0   0x00000012   Code   RO         4334    .text               c_w.l(exit.o)
    0x080019d2   0x080019d2   0x00000002   PAD
    0x080019d4   0x080019d4   0x00000008   Code   RO         4346    .text               c_w.l(libspace.o)
    0x080019dc   0x080019dc   0x00000080   Code   RO         4354    .text               c_w.l(strcmpv7m.o)
    0x08001a5c   0x08001a5c   0x0000003e   Code   RO         4309    CL$$btod_d2e        c_w.l(btod.o)
    0x08001a9a   0x08001a9a   0x00000046   Code   RO         4311    CL$$btod_d2e_denorm_low  c_w.l(btod.o)
    0x08001ae0   0x08001ae0   0x00000060   Code   RO         4310    CL$$btod_d2e_norm_op1  c_w.l(btod.o)
    0x08001b40   0x08001b40   0x00000338   Code   RO         4319    CL$$btod_div_common  c_w.l(btod.o)
    0x08001e78   0x08001e78   0x000000dc   Code   RO         4316    CL$$btod_e2e        c_w.l(btod.o)
    0x08001f54   0x08001f54   0x0000002a   Code   RO         4313    CL$$btod_ediv       c_w.l(btod.o)
    0x08001f7e   0x08001f7e   0x0000002a   Code   RO         4312    CL$$btod_emul       c_w.l(btod.o)
    0x08001fa8   0x08001fa8   0x00000244   Code   RO         4318    CL$$btod_mult_common  c_w.l(btod.o)
    0x080021ec   0x080021ec   0x0000002a   Code   RO          786    i.BCD2HEX           ds1302.o
    0x08002216   0x08002216   0x00000004   Code   RO            1    i.BusFault_Handler  stm32f10x_it.o
    0x0800221a   0x0800221a   0x00000002   PAD
    0x0800221c   0x0800221c   0x00000064   Code   RO         1010    i.DHT22_Check       dht22.o
    0x08002280   0x08002280   0x00000040   Code   RO         1011    i.DHT22_Init        dht22.o
    0x080022c0   0x080022c0   0x0000005c   Code   RO         1012    i.DHT22_Read_Bit    dht22.o
    0x0800231c   0x0800231c   0x00000026   Code   RO         1013    i.DHT22_Read_Byte   dht22.o
    0x08002342   0x08002342   0x00000002   PAD
    0x08002344   0x08002344   0x00000058   Code   RO         1014    i.DHT22_Rst         dht22.o
    0x0800239c   0x0800239c   0x00000002   Code   RO            2    i.DebugMon_Handler  stm32f10x_it.o
    0x0800239e   0x0800239e   0x00000002   PAD
    0x080023a0   0x080023a0   0x00000024   Code   RO          787    i.Ds1302_Init       ds1302.o
    0x080023c4   0x080023c4   0x000000e4   Code   RO          788    i.Ds1302_Read_Byte  ds1302.o
    0x080024a8   0x080024a8   0x000000d4   Code   RO          789    i.Ds1302_Write_Byte  ds1302.o
    0x0800257c   0x0800257c   0x00000028   Code   RO          867    i.ESP8266_Clear     esp8266.o
    0x080025a4   0x080025a4   0x000003f8   Code   RO          871    i.ESP8266_Init      esp8266.o
    0x0800299c   0x0800299c   0x0000006c   Code   RO          873    i.ESP8266_SendATCmd  esp8266.o
    0x08002a08   0x08002a08   0x00000114   Code   RO          875    i.ESP8266_SendData  esp8266.o
    0x08002b1c   0x08002b1c   0x000000a4   Code   RO          876    i.ESP8266_USART_Init  esp8266.o
    0x08002bc0   0x08002bc0   0x00000116   Code   RO         2218    i.GPIO_Init         stm32f10x_gpio.o
    0x08002cd6   0x08002cd6   0x00000002   PAD
    0x08002cd8   0x08002cd8   0x00000090   Code   RO         2220    i.GPIO_PinRemapConfig  stm32f10x_gpio.o
    0x08002d68   0x08002d68   0x00000004   Code   RO         2225    i.GPIO_ResetBits    stm32f10x_gpio.o
    0x08002d6c   0x08002d6c   0x00000004   Code   RO         2226    i.GPIO_SetBits      stm32f10x_gpio.o
    0x08002d70   0x08002d70   0x00000004   Code   RO            3    i.HardFault_Handler  stm32f10x_it.o
    0x08002d74   0x08002d74   0x00000030   Code   RO          374    i.IIC_Start1        oled.o
    0x08002da4   0x08002da4   0x00000028   Code   RO          375    i.IIC_Stop1         oled.o
    0x08002dcc   0x08002dcc   0x0000001c   Code   RO          376    i.IIC_Wait_Ack1     oled.o
    0x08002de8   0x08002de8   0x0000002c   Code   RO          791    i.IO_Init           ds1302.o
    0x08002e14   0x08002e14   0x000000a0   Code   RO          520    i.KEY_Scan          key.o
    0x08002eb4   0x08002eb4   0x00000030   Code   RO          521    i.Key_Init          key.o
    0x08002ee4   0x08002ee4   0x00000004   Code   RO            4    i.MemManage_Handler  stm32f10x_it.o
    0x08002ee8   0x08002ee8   0x00000002   Code   RO            5    i.NMI_Handler       stm32f10x_it.o
    0x08002eea   0x08002eea   0x00000002   PAD
    0x08002eec   0x08002eec   0x00000070   Code   RO         1067    i.NVIC_Init         misc.o
    0x08002f5c   0x08002f5c   0x00000014   Code   RO         1068    i.NVIC_PriorityGroupConfig  misc.o
    0x08002f70   0x08002f70   0x00000040   Code   RO          377    i.OLED_Clear        oled.o
    0x08002fb0   0x08002fb0   0x00000114   Code   RO          381    i.OLED_Init         oled.o
    0x080030c4   0x080030c4   0x00000028   Code   RO          383    i.OLED_Set_Pos      oled.o
    0x080030ec   0x080030ec   0x00000068   Code   RO          384    i.OLED_ShowCHinese  oled.o
    0x08003154   0x08003154   0x000000a4   Code   RO          385    i.OLED_ShowChar     oled.o
    0x080031f8   0x080031f8   0x000000e8   Code   RO          878    i.OLED_ShowFailureWithCountdown  esp8266.o
    0x080032e0   0x080032e0   0x00000088   Code   RO          386    i.OLED_ShowNum      oled.o
    0x08003368   0x08003368   0x0000003a   Code   RO          387    i.OLED_ShowString   oled.o
    0x080033a2   0x080033a2   0x00000002   PAD
    0x080033a4   0x080033a4   0x00000024   Code   RO          879    i.OLED_ShowWiFiProgress  esp8266.o
    0x080033c8   0x080033c8   0x00000018   Code   RO          388    i.OLED_WR_Byte      oled.o
    0x080033e0   0x080033e0   0x00000002   Code   RO            6    i.PendSV_Handler    stm32f10x_it.o
    0x080033e2   0x080033e2   0x00000002   PAD
    0x080033e4   0x080033e4   0x00000020   Code   RO         2634    i.RCC_APB1PeriphClockCmd  stm32f10x_rcc.o
    0x08003404   0x08003404   0x00000020   Code   RO         2636    i.RCC_APB2PeriphClockCmd  stm32f10x_rcc.o
    0x08003424   0x08003424   0x000000d4   Code   RO         2644    i.RCC_GetClocksFreq  stm32f10x_rcc.o
    0x080034f8   0x080034f8   0x00000088   Code   RO          793    i.RTC_Get           ds1302.o
    0x08003580   0x08003580   0x0000009e   Code   RO         1015    i.Read_DHT22        dht22.o
    0x0800361e   0x0800361e   0x00000002   Code   RO            7    i.SVC_Handler       stm32f10x_it.o
    0x08003620   0x08003620   0x000000a4   Code   RO          652    i.Serial_Iint       usart.o
    0x080036c4   0x080036c4   0x00000024   Code   RO          654    i.Serial_Printf     usart.o
    0x080036e8   0x080036e8   0x00000020   Code   RO          656    i.Serial_SendByte   usart.o
    0x08003708   0x08003708   0x0000001a   Code   RO          659    i.Serial_SendString  usart.o
    0x08003722   0x08003722   0x00000008   Code   RO          152    i.SetSysClock       system_stm32f10x.o
    0x0800372a   0x0800372a   0x00000002   PAD
    0x0800372c   0x0800372c   0x000000e0   Code   RO          153    i.SetSysClockTo72   system_stm32f10x.o
    0x0800380c   0x0800380c   0x00000002   Code   RO            8    i.SysTick_Handler   stm32f10x_it.o
    0x0800380e   0x0800380e   0x00000002   PAD
    0x08003810   0x08003810   0x00000060   Code   RO          155    i.SystemInit        system_stm32f10x.o
    0x08003870   0x08003870   0x00000020   Code   RO          348    i.TIM2_IRQHandler   timer.o
    0x08003890   0x08003890   0x000001a8   Code   RO          796    i.TIME              ds1302.o
    0x08003a38   0x08003a38   0x00000006   Code   RO         3262    i.TIM_ClearFlag     stm32f10x_tim.o
    0x08003a3e   0x08003a3e   0x00000006   Code   RO         3263    i.TIM_ClearITPendingBit  stm32f10x_tim.o
    0x08003a44   0x08003a44   0x00000018   Code   RO         3268    i.TIM_Cmd           stm32f10x_tim.o
    0x08003a5c   0x08003a5c   0x00000022   Code   RO         3289    i.TIM_GetITStatus   stm32f10x_tim.o
    0x08003a7e   0x08003a7e   0x00000012   Code   RO         3293    i.TIM_ITConfig      stm32f10x_tim.o
    0x08003a90   0x08003a90   0x0000000c   Code   RO         3295    i.TIM_InternalClockConfig  stm32f10x_tim.o
    0x08003a9c   0x08003a9c   0x000000a4   Code   RO         3339    i.TIM_TimeBaseInit  stm32f10x_tim.o
    0x08003b40   0x08003b40   0x0000007c   Code   RO          349    i.Timer_Init        timer.o
    0x08003bbc   0x08003bbc   0x000000a0   Code   RO          660    i.USART1_IRQHandler  usart.o
    0x08003c5c   0x08003c5c   0x00000078   Code   RO          880    i.USART2_IRQHandler  esp8266.o
    0x08003cd4   0x08003cd4   0x0000001e   Code   RO         3801    i.USART_ClearITPendingBit  stm32f10x_usart.o
    0x08003cf2   0x08003cf2   0x00000018   Code   RO         3804    i.USART_Cmd         stm32f10x_usart.o
    0x08003d0a   0x08003d0a   0x0000001a   Code   RO         3807    i.USART_GetFlagStatus  stm32f10x_usart.o
    0x08003d24   0x08003d24   0x00000054   Code   RO         3808    i.USART_GetITStatus  stm32f10x_usart.o
    0x08003d78   0x08003d78   0x0000004a   Code   RO         3810    i.USART_ITConfig    stm32f10x_usart.o
    0x08003dc2   0x08003dc2   0x00000002   PAD
    0x08003dc4   0x08003dc4   0x000000d8   Code   RO         3811    i.USART_Init        stm32f10x_usart.o
    0x08003e9c   0x08003e9c   0x0000000a   Code   RO         3818    i.USART_ReceiveData  stm32f10x_usart.o
    0x08003ea6   0x08003ea6   0x00000008   Code   RO         3821    i.USART_SendData    stm32f10x_usart.o
    0x08003eae   0x08003eae   0x00000004   Code   RO            9    i.UsageFault_Handler  stm32f10x_it.o
    0x08003eb2   0x08003eb2   0x00000002   PAD
    0x08003eb4   0x08003eb4   0x0000005c   Code   RO          389    i.Write_IIC_Byte    oled.o
    0x08003f10   0x08003f10   0x0000002c   Code   RO          390    i.Write_IIC_Command  oled.o
    0x08003f3c   0x08003f3c   0x0000002c   Code   RO          391    i.Write_IIC_Data    oled.o
    0x08003f68   0x08003f68   0x00000028   Code   RO         4344    i.__ARM_fpclassify  m_ws.l(fpclassify.o)
    0x08003f90   0x08003f90   0x0000000e   Code   RO         4119    i._is_digit         c_w.l(__printf_wp.o)
    0x08003f9e   0x08003f9e   0x00000004   Code   RO          661    i._sys_exit         usart.o
    0x08003fa2   0x08003fa2   0x00000002   PAD
    0x08003fa4   0x08003fa4   0x0000002c   Code   RO          751    i.chushi_init       control.o
    0x08003fd0   0x08003fd0   0x00000018   Code   RO         4034    i.delay_ms          delay.o
    0x08003fe8   0x08003fe8   0x0000002e   Code   RO         4036    i.delay_us          delay.o
    0x08004016   0x08004016   0x00000002   PAD
    0x08004018   0x08004018   0x0000002c   Code   RO          752    i.jiare_init        control.o
    0x08004044   0x08004044   0x0000002c   Code   RO          753    i.jiashi_init       control.o
    0x08004070   0x08004070   0x00000dbc   Code   RO          188    i.main              main.o
    0x08004e2c   0x08004e2c   0x00000016   Code   RO          393    i.oled_pow          oled.o
    0x08004e42   0x08004e42   0x00000002   PAD
    0x08004e44   0x08004e44   0x00000068   Code   RO          189    i.show_mode         main.o
    0x08004eac   0x08004eac   0x0000009c   Code   RO          191    i.show_wendu        main.o
    0x08004f48   0x08004f48   0x0000002c   Code   RO          754    i.zhileng_init      control.o
    0x08004f74   0x08004f74   0x0000002c   Code   RO         4332    locale$$code        c_w.l(lc_numeric_c.o)
    0x08004fa0   0x08004fa0   0x0000002c   Code   RO         4352    locale$$code        c_w.l(lc_ctype_c.o)
    0x08004fcc   0x08004fcc   0x00000018   Code   RO         4248    x$fpl$fcmpinf       fz_ws.l(fcmpi.o)
    0x08004fe4   0x08004fe4   0x00000184   Code   RO         4158    x$fpl$fdiv          fz_ws.l(fdiv.o)
    0x08005168   0x08005168   0x00000030   Code   RO         4162    x$fpl$fflt          fz_ws.l(fflt_clz.o)
    0x08005198   0x08005198   0x00000026   Code   RO         4161    x$fpl$ffltu         fz_ws.l(fflt_clz.o)
    0x080051be   0x080051be   0x00000002   PAD
    0x080051c0   0x080051c0   0x00000068   Code   RO         4167    x$fpl$fleqf         fz_ws.l(fleqf.o)
    0x08005228   0x08005228   0x0000008c   Code   RO         4250    x$fpl$fnaninf       fz_ws.l(fnaninf.o)
    0x080052b4   0x080052b4   0x0000000a   Code   RO         4252    x$fpl$fretinf       fz_ws.l(fretinf.o)
    0x080052be   0x080052be   0x00000062   Code   RO         4171    x$fpl$frleqf        fz_ws.l(frleqf.o)
    0x08005320   0x08005320   0x00000004   Code   RO         4254    x$fpl$printf1       fz_ws.l(printf1.o)
    0x08005324   0x08005324   0x00000004   Code   RO         4256    x$fpl$printf2       fz_ws.l(printf2.o)
    0x08005328   0x08005328   0x00000000   Code   RO         4262    x$fpl$usenofp       fz_ws.l(usenofp.o)
    0x08005328   0x08005328   0x00000818   Data   RO          394    .constdata          oled.o
    0x08005b40   0x08005b40   0x00000011   Data   RO         4127    .constdata          c_w.l(__printf_flags_ss_wp.o)
    0x08005b51   0x08005b51   0x00000003   PAD
    0x08005b54   0x08005b54   0x00000008   Data   RO         4189    .constdata          c_w.l(_printf_wctomb.o)
    0x08005b5c   0x08005b5c   0x00000028   Data   RO         4218    .constdata          c_w.l(_printf_hex_int_ll_ptr.o)
    0x08005b84   0x08005b84   0x00000026   Data   RO         4285    .constdata          c_w.l(_printf_fp_hex.o)
    0x08005baa   0x08005baa   0x00000002   PAD
    0x08005bac   0x08005bac   0x00000094   Data   RO         4307    .constdata          c_w.l(bigflt0.o)
    0x08005c40   0x08005c40   0x00000047   Data   RO          885    .conststring        esp8266.o
    0x08005c87   0x08005c87   0x00000001   PAD
    0x08005c88   0x08005c88   0x00000020   Data   RO         4476    Region$$Table       anon$$obj.o
    0x08005ca8   0x08005ca8   0x0000001c   Data   RO         4331    locale$$data        c_w.l(lc_numeric_c.o)
    0x08005cc4   0x08005cc4   0x00000110   Data   RO         4351    locale$$data        c_w.l(lc_ctype_c.o)


    Execution Region RW_IRAM1 (Exec base: 0x20000000, Load base: 0x08005dd4, Size: 0x00002aa0, Max: 0x00005000, ABSOLUTE, COMPRESSED[0x00000a98])

    Exec Addr    Load Addr    Size         Type   Attr      Idx    E Section Name        Object

    0x20000000   COMPRESSED   0x00000042   Data   RW          193    .data               main.o
    0x20000042   COMPRESSED   0x00000001   Data   RW          350    .data               timer.o
    0x20000043   COMPRESSED   0x00002000   Data   RW          395    .data               oled.o
    0x20002043   COMPRESSED   0x00000001   Data   RW          522    .data               key.o
    0x20002044   COMPRESSED   0x00000012   Data   RW          664    .data               usart.o
    0x20002056   COMPRESSED   0x00000012   Data   RW          886    .data               esp8266.o
    0x20002068   COMPRESSED   0x00000014   Data   RW         2664    .data               stm32f10x_rcc.o
    0x2000207c        -       0x0000014a   Zero   RW          192    .bss                main.o
    0x200021c6        -       0x00000032   Zero   RW          663    .bss                usart.o
    0x200021f8        -       0x00000046   Zero   RW          797    .bss                ds1302.o
    0x2000223e        -       0x00000200   Zero   RW          884    .bss                esp8266.o
    0x2000243e   COMPRESSED   0x00000002   PAD
    0x20002440        -       0x00000060   Zero   RW         4347    .bss                c_w.l(libspace.o)
    0x200024a0        -       0x00000200   Zero   RW         1061    HEAP                startup_stm32f10x_md.o
    0x200026a0        -       0x00000400   Zero   RW         1060    STACK               startup_stm32f10x_md.o


==============================================================================

Image component sizes


      Code (inc. data)   RO Data    RW Data    ZI Data      Debug   Object Name

       176         20          0          0          0       2056   control.o
         0          0          0          0          0         32   core_cm3.o
        70          0          0          0          0        994   delay.o
       540         34          0          0          0       3954   dht22.o
      1122        100          0          0         70       6337   ds1302.o
      1992        532         71         18        512       7215   esp8266.o
       208         16          0          1          0       1182   key.o
      3776        632          0         66        330     209266   main.o
       132         22          0          0          0       1559   misc.o
      1184         38       2072       8192          0      10334   oled.o
        64         26        236          0       1536        804   startup_stm32f10x_md.o
       430          6          0          0          0       3914   stm32f10x_gpio.o
        26          0          0          0          0      51910   stm32f10x_it.o
       276         32          0         20          0       4470   stm32f10x_rcc.o
       264         42          0          0          0       4664   stm32f10x_tim.o
       472          6          0          0          0       6883   stm32f10x_usart.o
       328         28          0          0          0       1833   system_stm32f10x.o
       156          4          0          1          0       1322   timer.o
       422         34          0         18         50       6520   usart.o

    ----------------------------------------------------------------------
     11666       1572       2412       8316       2500     325249   Object Totals
         0          0         32          0          0          0   (incl. Generated)
        28          0          1          0          2          0   (incl. Padding)

    ----------------------------------------------------------------------

      Code (inc. data)   RO Data    RW Data    ZI Data      Debug   Library Member Name

        60          8          0          0          0         84   __0sscanf.o
        44          6          0          0          0         84   __2sprintf.o
       100          0          0          0          0          0   __dclz77c.o
         8          0          0          0          0         68   __main.o
       392          4         17          0          0         92   __printf_flags_ss_wp.o
        14          0          0          0          0         68   __printf_wp.o
         0          0          0          0          0          0   __rtentry.o
        12          0          0          0          0          0   __rtentry2.o
         6          0          0          0          0          0   __rtentry4.o
        52          8          0          0          0          0   __scatter.o
        28          0          0          0          0          0   __scatter_zi.o
        28          0          0          0          0         68   _chval.o
         6          0          0          0          0          0   _printf_a.o
         6          0          0          0          0          0   _printf_c.o
        44          0          0          0          0        108   _printf_char.o
        48          6          0          0          0         96   _printf_char_common.o
        40          0          0          0          0         68   _printf_charcount.o
         6          0          0          0          0          0   _printf_d.o
       120         16          0          0          0         92   _printf_dec.o
         6          0          0          0          0          0   _printf_e.o
         6          0          0          0          0          0   _printf_f.o
      1054          0          0          0          0        216   _printf_fp_dec.o
       764          8         38          0          0        100   _printf_fp_hex.o
       128         16          0          0          0         84   _printf_fp_infnan.o
         6          0          0          0          0          0   _printf_g.o
       148          4         40          0          0        160   _printf_hex_int_ll_ptr.o
         6          0          0          0          0          0   _printf_i.o
       178          0          0          0          0         88   _printf_intcommon.o
        10          0          0          0          0          0   _printf_l.o
         6          0          0          0          0          0   _printf_lc.o
        10          0          0          0          0          0   _printf_ll.o
         6          0          0          0          0          0   _printf_lld.o
         6          0          0          0          0          0   _printf_lli.o
         6          0          0          0          0          0   _printf_llo.o
         6          0          0          0          0          0   _printf_llu.o
         6          0          0          0          0          0   _printf_llx.o
       124         16          0          0          0         92   _printf_longlong_dec.o
         6          0          0          0          0          0   _printf_ls.o
         6          0          0          0          0          0   _printf_n.o
         6          0          0          0          0          0   _printf_o.o
       112         10          0          0          0        124   _printf_oct_int_ll.o
         6          0          0          0          0          0   _printf_p.o
        78          0          0          0          0        108   _printf_pad.o
         0          0          0          0          0          0   _printf_percent.o
         4          0          0          0          0          0   _printf_percent_end.o
         6          0          0          0          0          0   _printf_s.o
        82          0          0          0          0         80   _printf_str.o
        36          0          0          0          0         84   _printf_truncate.o
         6          0          0          0          0          0   _printf_u.o
        44          0          0          0          0        108   _printf_wchar.o
       188          6          8          0          0         92   _printf_wctomb.o
         6          0          0          0          0          0   _printf_x.o
       884          4          0          0          0        100   _scanf.o
       332          0          0          0          0         96   _scanf_int.o
        64          0          0          0          0         84   _sgetc.o
        10          0          0          0          0         68   _sputc.o
        64          0          0          0          0         92   _wcrtomb.o
       228          4        148          0          0         96   bigflt0.o
      1936        128          0          0          0        672   btod.o
        18          0          0          0          0         80   exit.o
         6          0          0          0          0        152   heapauxi.o
        18          0          0          0          0         76   isspace.o
        44         10        272          0          0         76   lc_ctype_c.o
        44         10         28          0          0         76   lc_numeric_c.o
         2          0          0          0          0          0   libinit.o
        30          0          0          0          0          0   libinit2.o
         2          0          0          0          0          0   libshutdown.o
         2          0          0          0          0          0   libshutdown2.o
         8          4          0          0         96         68   libspace.o
       138          0          0          0          0         80   lludiv10.o
        16          4          0          0          0         76   rt_ctype_table.o
         8          4          0          0          0         68   rt_locale_intlibspace.o
        68          0          0          0          0         68   rt_memclr.o
        78          0          0          0          0         80   rt_memclr_w.o
         2          0          0          0          0          0   rtexit.o
        10          0          0          0          0          0   rtexit2.o
        44          8          0          0          0         84   scanf_char.o
       128          0          0          0          0         68   strcmpv7m.o
        62          0          0          0          0         76   strlen.o
        36          0          0          0          0         80   strstr.o
        74          0          0          0          0         80   sys_stackheap_outer.o
         2          0          0          0          0         68   use_no_semi.o
         2          0          0          0          0         68   use_no_semi_2.o
        36          4          0          0          0         76   vsprintf.o
        24          0          0          0          0         68   fcmpi.o
       388         76          0          0          0         96   fdiv.o
        86          0          0          0          0        136   fflt_clz.o
       104          4          0          0          0         84   fleqf.o
       140          4          0          0          0         84   fnaninf.o
        10          0          0          0          0         68   fretinf.o
        98          0          0          0          0         68   frleqf.o
         4          0          0          0          0         68   printf1.o
         4          0          0          0          0         68   printf2.o
         0          0          0          0          0          0   usenofp.o
        40          0          0          0          0         68   fpclassify.o

    ----------------------------------------------------------------------
      9386        372        556          0         96       5680   Library Totals
        16          0          5          0          0          0   (incl. Padding)

    ----------------------------------------------------------------------

      Code (inc. data)   RO Data    RW Data    ZI Data      Debug   Library Name

      8472        288        551          0         96       4872   c_w.l
       858         84          0          0          0        740   fz_ws.l
        40          0          0          0          0         68   m_ws.l

    ----------------------------------------------------------------------
      9386        372        556          0         96       5680   Library Totals

    ----------------------------------------------------------------------

==============================================================================


      Code (inc. data)   RO Data    RW Data    ZI Data      Debug   

     21052       1944       2968       8316       2596     323177   Grand Totals
     21052       1944       2968       2712       2596     323177   ELF Image Totals (compressed)
     21052       1944       2968       2712          0          0   ROM Totals

==============================================================================

    Total RO  Size (Code + RO Data)                24020 (  23.46kB)
    Total RW  Size (RW Data + ZI Data)             10912 (  10.66kB)
    Total ROM Size (Code + RO Data + RW Data)      26732 (  26.11kB)

==============================================================================

