ARM GAS  C:\Users\31687\AppData\Local\Temp\ccgRNSQ1.s 			page 1


   1              		.cpu cortex-m3
   2              		.arch armv7-m
   3              		.fpu softvfp
   4              		.eabi_attribute 20, 1
   5              		.eabi_attribute 21, 1
   6              		.eabi_attribute 23, 3
   7              		.eabi_attribute 24, 1
   8              		.eabi_attribute 25, 1
   9              		.eabi_attribute 26, 1
  10              		.eabi_attribute 30, 1
  11              		.eabi_attribute 34, 1
  12              		.eabi_attribute 18, 4
  13              		.file	"AD.c"
  14              		.text
  15              	.Ltext0:
  16              		.cfi_sections	.debug_frame
  17              		.file 1 "HARDWARE/AD/AD.c"
  18              		.section	.text.AD_Init,"ax",%progbits
  19              		.align	1
  20              		.global	AD_Init
  21              		.syntax unified
  22              		.thumb
  23              		.thumb_func
  25              	AD_Init:
  26              	.LFB29:
   1:HARDWARE/AD/AD.c **** /**
   2:HARDWARE/AD/AD.c ****  * AD.c
   3:HARDWARE/AD/AD.c ****  * ADC模数转换驱动文件
   4:HARDWARE/AD/AD.c ****  * 功能：实现ADC初始化和ADC值读取
   5:HARDWARE/AD/AD.c ****  * 版本：V1.0
   6:HARDWARE/AD/AD.c ****  * MCU：STM32F103C8T6
   7:HARDWARE/AD/AD.c ****  * 作者：蔬菜恒温库监控系统
   8:HARDWARE/AD/AD.c ****  * 日期：2026-03-07
   9:HARDWARE/AD/AD.c ****  */
  10:HARDWARE/AD/AD.c **** 
  11:HARDWARE/AD/AD.c **** #include "stm32f10x.h"                  // Device header
  12:HARDWARE/AD/AD.c **** #include "stm32f10x_adc.h"
  13:HARDWARE/AD/AD.c **** 
  14:HARDWARE/AD/AD.c **** /**
  15:HARDWARE/AD/AD.c ****  * ADC初始化函数
  16:HARDWARE/AD/AD.c ****  * 功能：初始化ADC1和相关GPIO
  17:HARDWARE/AD/AD.c ****  * @param 无
  18:HARDWARE/AD/AD.c ****  * @retval 无
  19:HARDWARE/AD/AD.c ****  * @note 使用GPIOA的4、5、6引脚作为ADC输入通道
  20:HARDWARE/AD/AD.c ****  */
  21:HARDWARE/AD/AD.c **** void AD_Init(void)
  22:HARDWARE/AD/AD.c **** {
  27              		.loc 1 22 1 view -0
  28              		.cfi_startproc
  29              		@ args = 0, pretend = 0, frame = 24
  30              		@ frame_needed = 0, uses_anonymous_args = 0
  31 0000 30B5     		push	{r4, r5, lr}
  32              	.LCFI0:
  33              		.cfi_def_cfa_offset 12
  34              		.cfi_offset 4, -12
  35              		.cfi_offset 5, -8
  36              		.cfi_offset 14, -4
ARM GAS  C:\Users\31687\AppData\Local\Temp\ccgRNSQ1.s 			page 2


  37 0002 87B0     		sub	sp, sp, #28
  38              	.LCFI1:
  39              		.cfi_def_cfa_offset 40
  23:HARDWARE/AD/AD.c ****   	GPIO_InitTypeDef GPIO_InitStructure;
  40              		.loc 1 23 4 view .LVU1
  24:HARDWARE/AD/AD.c ****   	ADC_InitTypeDef ADC_InitStructure;
  41              		.loc 1 24 4 view .LVU2
  25:HARDWARE/AD/AD.c ****    
  26:HARDWARE/AD/AD.c **** 	// 使能ADC1和GPIOA时钟
  27:HARDWARE/AD/AD.c **** 	RCC_APB2PeriphClockCmd(RCC_APB2Periph_ADC1, ENABLE);
  42              		.loc 1 27 2 view .LVU3
  43 0004 0121     		movs	r1, #1
  44 0006 4FF40070 		mov	r0, #512
  45 000a FFF7FEFF 		bl	RCC_APB2PeriphClockCmd
  46              	.LVL0:
  28:HARDWARE/AD/AD.c **** 	RCC_APB2PeriphClockCmd(RCC_APB2Periph_GPIOA, ENABLE);
  47              		.loc 1 28 2 view .LVU4
  48 000e 0121     		movs	r1, #1
  49 0010 0420     		movs	r0, #4
  50 0012 FFF7FEFF 		bl	RCC_APB2PeriphClockCmd
  51              	.LVL1:
  29:HARDWARE/AD/AD.c **** 	
  30:HARDWARE/AD/AD.c **** 	// 配置ADC时钟为PCLK2的1/6，即12MHz
  31:HARDWARE/AD/AD.c **** 	RCC_ADCCLKConfig(RCC_PCLK2_Div6);
  52              		.loc 1 31 2 view .LVU5
  53 0016 4FF40040 		mov	r0, #32768
  54 001a FFF7FEFF 		bl	RCC_ADCCLKConfig
  55              	.LVL2:
  32:HARDWARE/AD/AD.c **** 	
  33:HARDWARE/AD/AD.c **** 	// 初始化GPIO为模拟输入模式
  34:HARDWARE/AD/AD.c **** 	GPIO_InitStructure.GPIO_Mode = GPIO_Mode_AIN;          // 模拟输入模式
  56              		.loc 1 34 2 view .LVU6
  57              		.loc 1 34 31 is_stmt 0 view .LVU7
  58 001e 0024     		movs	r4, #0
  59 0020 8DF81740 		strb	r4, [sp, #23]
  35:HARDWARE/AD/AD.c **** 	GPIO_InitStructure.GPIO_Pin = GPIO_Pin_4 | GPIO_Pin_5 | GPIO_Pin_6;  // PA4、PA5、PA6
  60              		.loc 1 35 2 is_stmt 1 view .LVU8
  61              		.loc 1 35 30 is_stmt 0 view .LVU9
  62 0024 7023     		movs	r3, #112
  63 0026 ADF81430 		strh	r3, [sp, #20]	@ movhi
  36:HARDWARE/AD/AD.c **** 	GPIO_InitStructure.GPIO_Speed = GPIO_Speed_50MHz;       // GPIO速度50MHz
  64              		.loc 1 36 2 is_stmt 1 view .LVU10
  65              		.loc 1 36 32 is_stmt 0 view .LVU11
  66 002a 0323     		movs	r3, #3
  67 002c 8DF81630 		strb	r3, [sp, #22]
  37:HARDWARE/AD/AD.c **** 	GPIO_Init(GPIOA, &GPIO_InitStructure);
  68              		.loc 1 37 2 is_stmt 1 view .LVU12
  69 0030 05A9     		add	r1, sp, #20
  70 0032 1548     		ldr	r0, .L5
  71 0034 FFF7FEFF 		bl	GPIO_Init
  72              	.LVL3:
  38:HARDWARE/AD/AD.c **** 	
  39:HARDWARE/AD/AD.c **** 	// 初始化ADC1
  40:HARDWARE/AD/AD.c **** 	ADC_InitStructure.ADC_Mode = ADC_Mode_Independent;               // 独立模式
  73              		.loc 1 40 2 view .LVU13
  74              		.loc 1 40 29 is_stmt 0 view .LVU14
  75 0038 0094     		str	r4, [sp]
ARM GAS  C:\Users\31687\AppData\Local\Temp\ccgRNSQ1.s 			page 3


  41:HARDWARE/AD/AD.c **** 	ADC_InitStructure.ADC_DataAlign = ADC_DataAlign_Right;           // 数据右对齐
  76              		.loc 1 41 2 is_stmt 1 view .LVU15
  77              		.loc 1 41 34 is_stmt 0 view .LVU16
  78 003a 0394     		str	r4, [sp, #12]
  42:HARDWARE/AD/AD.c **** 	ADC_InitStructure.ADC_ExternalTrigConv = ADC_ExternalTrigConv_None;  // 无外部触发
  79              		.loc 1 42 2 is_stmt 1 view .LVU17
  80              		.loc 1 42 41 is_stmt 0 view .LVU18
  81 003c 4FF46023 		mov	r3, #917504
  82 0040 0293     		str	r3, [sp, #8]
  43:HARDWARE/AD/AD.c **** 	ADC_InitStructure.ADC_ContinuousConvMode = DISABLE;              // 单次转换模式
  83              		.loc 1 43 2 is_stmt 1 view .LVU19
  84              		.loc 1 43 43 is_stmt 0 view .LVU20
  85 0042 8DF80540 		strb	r4, [sp, #5]
  44:HARDWARE/AD/AD.c **** 	ADC_InitStructure.ADC_ScanConvMode = DISABLE;                    // 非扫描模式
  86              		.loc 1 44 2 is_stmt 1 view .LVU21
  87              		.loc 1 44 37 is_stmt 0 view .LVU22
  88 0046 8DF80440 		strb	r4, [sp, #4]
  45:HARDWARE/AD/AD.c **** 	ADC_InitStructure.ADC_NbrOfChannel = 1;                          // 1个通道
  89              		.loc 1 45 2 is_stmt 1 view .LVU23
  90              		.loc 1 45 37 is_stmt 0 view .LVU24
  91 004a 0125     		movs	r5, #1
  92 004c 8DF81050 		strb	r5, [sp, #16]
  46:HARDWARE/AD/AD.c **** 	ADC_Init(ADC1, &ADC_InitStructure);
  93              		.loc 1 46 2 is_stmt 1 view .LVU25
  94 0050 0E4C     		ldr	r4, .L5+4
  95 0052 6946     		mov	r1, sp
  96 0054 2046     		mov	r0, r4
  97 0056 FFF7FEFF 		bl	ADC_Init
  98              	.LVL4:
  47:HARDWARE/AD/AD.c **** 	
  48:HARDWARE/AD/AD.c **** 	// 启用ADC1
  49:HARDWARE/AD/AD.c **** 	ADC_Cmd(ADC1, ENABLE);
  99              		.loc 1 49 2 view .LVU26
 100 005a 2946     		mov	r1, r5
 101 005c 2046     		mov	r0, r4
 102 005e FFF7FEFF 		bl	ADC_Cmd
 103              	.LVL5:
  50:HARDWARE/AD/AD.c **** 	
  51:HARDWARE/AD/AD.c **** 	// 校准ADC
  52:HARDWARE/AD/AD.c **** 	ADC_ResetCalibration(ADC1);                          // 复位校准
 104              		.loc 1 52 2 view .LVU27
 105 0062 2046     		mov	r0, r4
 106 0064 FFF7FEFF 		bl	ADC_ResetCalibration
 107              	.LVL6:
  53:HARDWARE/AD/AD.c **** 	while (ADC_GetResetCalibrationStatus(ADC1) == SET);  // 等待复位校准完成
 108              		.loc 1 53 2 view .LVU28
 109              	.L2:
 110              		.loc 1 53 45 discriminator 1 view .LVU29
 111              		.loc 1 53 9 is_stmt 0 discriminator 1 view .LVU30
 112 0068 0848     		ldr	r0, .L5+4
 113 006a FFF7FEFF 		bl	ADC_GetResetCalibrationStatus
 114              	.LVL7:
 115              		.loc 1 53 45 discriminator 1 view .LVU31
 116 006e 0128     		cmp	r0, #1
 117 0070 FAD0     		beq	.L2
  54:HARDWARE/AD/AD.c **** 	ADC_StartCalibration(ADC1);                          // 开始校准
 118              		.loc 1 54 2 is_stmt 1 view .LVU32
ARM GAS  C:\Users\31687\AppData\Local\Temp\ccgRNSQ1.s 			page 4


 119 0072 0648     		ldr	r0, .L5+4
 120 0074 FFF7FEFF 		bl	ADC_StartCalibration
 121              	.LVL8:
  55:HARDWARE/AD/AD.c **** 	while (ADC_GetCalibrationStatus(ADC1) == SET);       // 等待校准完成
 122              		.loc 1 55 2 view .LVU33
 123              	.L3:
 124              		.loc 1 55 40 discriminator 1 view .LVU34
 125              		.loc 1 55 9 is_stmt 0 discriminator 1 view .LVU35
 126 0078 0448     		ldr	r0, .L5+4
 127 007a FFF7FEFF 		bl	ADC_GetCalibrationStatus
 128              	.LVL9:
 129              		.loc 1 55 40 discriminator 1 view .LVU36
 130 007e 0128     		cmp	r0, #1
 131 0080 FAD0     		beq	.L3
  56:HARDWARE/AD/AD.c **** }
 132              		.loc 1 56 1 view .LVU37
 133 0082 07B0     		add	sp, sp, #28
 134              	.LCFI2:
 135              		.cfi_def_cfa_offset 12
 136              		@ sp needed
 137 0084 30BD     		pop	{r4, r5, pc}
 138              	.L6:
 139 0086 00BF     		.align	2
 140              	.L5:
 141 0088 00080140 		.word	1073809408
 142 008c 00240140 		.word	1073816576
 143              		.cfi_endproc
 144              	.LFE29:
 146              		.section	.text.AD_GetValue,"ax",%progbits
 147              		.align	1
 148              		.global	AD_GetValue
 149              		.syntax unified
 150              		.thumb
 151              		.thumb_func
 153              	AD_GetValue:
 154              	.LVL10:
 155              	.LFB30:
  57:HARDWARE/AD/AD.c **** 
  58:HARDWARE/AD/AD.c **** /**
  59:HARDWARE/AD/AD.c ****  * 获取ADC转换值函数
  60:HARDWARE/AD/AD.c ****  * 功能：获取指定通道的ADC转换值
  61:HARDWARE/AD/AD.c ****  * @param ADC_Channel ADC通道号（0-15）
  62:HARDWARE/AD/AD.c ****  * @retval uint16_t ADC转换值（0-4095）
  63:HARDWARE/AD/AD.c ****  */
  64:HARDWARE/AD/AD.c **** uint16_t AD_GetValue(uint8_t ADC_Channel)
  65:HARDWARE/AD/AD.c **** {
 156              		.loc 1 65 1 is_stmt 1 view -0
 157              		.cfi_startproc
 158              		@ args = 0, pretend = 0, frame = 0
 159              		@ frame_needed = 0, uses_anonymous_args = 0
 160              		.loc 1 65 1 is_stmt 0 view .LVU39
 161 0000 10B5     		push	{r4, lr}
 162              	.LCFI3:
 163              		.cfi_def_cfa_offset 8
 164              		.cfi_offset 4, -8
 165              		.cfi_offset 14, -4
 166 0002 0146     		mov	r1, r0
ARM GAS  C:\Users\31687\AppData\Local\Temp\ccgRNSQ1.s 			page 5


  66:HARDWARE/AD/AD.c **** 	// 配置规则通道
  67:HARDWARE/AD/AD.c **** 	ADC_RegularChannelConfig(ADC1, ADC_Channel, 1, ADC_SampleTime_55Cycles5);
 167              		.loc 1 67 2 is_stmt 1 view .LVU40
 168 0004 094C     		ldr	r4, .L10
 169 0006 0523     		movs	r3, #5
 170 0008 0122     		movs	r2, #1
 171 000a 2046     		mov	r0, r4
 172              	.LVL11:
 173              		.loc 1 67 2 is_stmt 0 view .LVU41
 174 000c FFF7FEFF 		bl	ADC_RegularChannelConfig
 175              	.LVL12:
  68:HARDWARE/AD/AD.c **** 	// 软件启动转换
  69:HARDWARE/AD/AD.c **** 	ADC_SoftwareStartConvCmd(ADC1, ENABLE);
 176              		.loc 1 69 2 is_stmt 1 view .LVU42
 177 0010 0121     		movs	r1, #1
 178 0012 2046     		mov	r0, r4
 179 0014 FFF7FEFF 		bl	ADC_SoftwareStartConvCmd
 180              	.LVL13:
  70:HARDWARE/AD/AD.c **** 	// 等待转换完成
  71:HARDWARE/AD/AD.c **** 	while (ADC_GetFlagStatus(ADC1, ADC_FLAG_EOC) == RESET);
 181              		.loc 1 71 2 view .LVU43
 182              	.L8:
 183              		.loc 1 71 47 discriminator 1 view .LVU44
 184              		.loc 1 71 9 is_stmt 0 discriminator 1 view .LVU45
 185 0018 0221     		movs	r1, #2
 186 001a 0448     		ldr	r0, .L10
 187 001c FFF7FEFF 		bl	ADC_GetFlagStatus
 188              	.LVL14:
 189              		.loc 1 71 47 discriminator 1 view .LVU46
 190 0020 0028     		cmp	r0, #0
 191 0022 F9D0     		beq	.L8
  72:HARDWARE/AD/AD.c **** 	// 返回转换值
  73:HARDWARE/AD/AD.c **** 	return ADC_GetConversionValue(ADC1);
 192              		.loc 1 73 2 is_stmt 1 view .LVU47
 193              		.loc 1 73 9 is_stmt 0 view .LVU48
 194 0024 0148     		ldr	r0, .L10
 195 0026 FFF7FEFF 		bl	ADC_GetConversionValue
 196              	.LVL15:
  74:HARDWARE/AD/AD.c **** }...
 197              		.loc 1 74 1 view .LVU49
 198 002a 10BD     		pop	{r4, pc}
 199              	.L11:
 200              		.align	2
 201              	.L10:
 202 002c 00240140 		.word	1073816576
 203              		.cfi_endproc
 204              	.LFE30:
 206              		.text
 207              	.Letext0:
 208              		.file 2 "D:\\Study\\EmbeddedSystem\\STM32Cube\\STM32CubeCLT_1.20.0\\GNU-tools-for-STM32\\bin/../li
 209              		.file 3 "D:\\Study\\EmbeddedSystem\\STM32Cube\\STM32CubeCLT_1.20.0\\GNU-tools-for-STM32\\bin/../li
 210              		.file 4 "USER/stm32f10x.h"
 211              		.file 5 "STM32F10x_FWLib/inc/stm32f10x_adc.h"
 212              		.file 6 "STM32F10x_FWLib/inc/stm32f10x_gpio.h"
 213              		.file 7 "STM32F10x_FWLib/inc/stm32f10x_rcc.h"
ARM GAS  C:\Users\31687\AppData\Local\Temp\ccgRNSQ1.s 			page 6


DEFINED SYMBOLS
                            *ABS*:00000000 AD.c
C:\Users\31687\AppData\Local\Temp\ccgRNSQ1.s:19     .text.AD_Init:00000000 $t
C:\Users\31687\AppData\Local\Temp\ccgRNSQ1.s:25     .text.AD_Init:00000000 AD_Init
C:\Users\31687\AppData\Local\Temp\ccgRNSQ1.s:141    .text.AD_Init:00000088 $d
C:\Users\31687\AppData\Local\Temp\ccgRNSQ1.s:147    .text.AD_GetValue:00000000 $t
C:\Users\31687\AppData\Local\Temp\ccgRNSQ1.s:153    .text.AD_GetValue:00000000 AD_GetValue
C:\Users\31687\AppData\Local\Temp\ccgRNSQ1.s:202    .text.AD_GetValue:0000002c $d

UNDEFINED SYMBOLS
RCC_APB2PeriphClockCmd
RCC_ADCCLKConfig
GPIO_Init
ADC_Init
ADC_Cmd
ADC_ResetCalibration
ADC_GetResetCalibrationStatus
ADC_StartCalibration
ADC_GetCalibrationStatus
ADC_RegularChannelConfig
ADC_SoftwareStartConvCmd
ADC_GetFlagStatus
ADC_GetConversionValue
