ARM GAS  C:\Users\31687\AppData\Local\Temp\ccixou63.s 			page 1


   1              		.cpu cortex-m3
   2              		.arch armv7-m
   3              		.fpu softvfp
   4              		.eabi_attribute 20, 1
   5              		.eabi_attribute 21, 1
   6              		.eabi_attribute 23, 3
   7              		.eabi_attribute 24, 1
   8              		.eabi_attribute 25, 1
   9              		.eabi_attribute 26, 1
  10              		.eabi_attribute 30, 1
  11              		.eabi_attribute 34, 1
  12              		.eabi_attribute 18, 4
  13              		.file	"adcx.c"
  14              		.text
  15              	.Ltext0:
  16              		.cfi_sections	.debug_frame
  17              		.file 1 "SYSTEM/adc/adcx.c"
  18              		.section	.text.ADCx_Init,"ax",%progbits
  19              		.align	1
  20              		.global	ADCx_Init
  21              		.syntax unified
  22              		.thumb
  23              		.thumb_func
  25              	ADCx_Init:
  26              	.LFB29:
   1:SYSTEM/adc/adcx.c **** /**
   2:SYSTEM/adc/adcx.c ****  * adcx.c
   3:SYSTEM/adc/adcx.c ****  * ADC驱动实现文件
   4:SYSTEM/adc/adcx.c ****  * 功能：实现ADC初始化和数据采集功能
   5:SYSTEM/adc/adcx.c ****  * 测试硬件：STM32F103RCT6
   6:SYSTEM/adc/adcx.c ****  */
   7:SYSTEM/adc/adcx.c **** 
   8:SYSTEM/adc/adcx.c **** #include "adcx.h"
   9:SYSTEM/adc/adcx.c **** 
  10:SYSTEM/adc/adcx.c **** /**
  11:SYSTEM/adc/adcx.c ****  * @brief ADC初始化程序
  12:SYSTEM/adc/adcx.c ****  * @param 无
  13:SYSTEM/adc/adcx.c ****  * @return 无
  14:SYSTEM/adc/adcx.c ****  * @note 初始化ADC，配置为独立模式，单次转换，非扫描模式
  15:SYSTEM/adc/adcx.c ****  */
  16:SYSTEM/adc/adcx.c **** void ADCx_Init(void)
  17:SYSTEM/adc/adcx.c **** {
  27              		.loc 1 17 1 view -0
  28              		.cfi_startproc
  29              		@ args = 0, pretend = 0, frame = 24
  30              		@ frame_needed = 0, uses_anonymous_args = 0
  31 0000 30B5     		push	{r4, r5, lr}
  32              	.LCFI0:
  33              		.cfi_def_cfa_offset 12
  34              		.cfi_offset 4, -12
  35              		.cfi_offset 5, -8
  36              		.cfi_offset 14, -4
  37 0002 87B0     		sub	sp, sp, #28
  38              	.LCFI1:
  39              		.cfi_def_cfa_offset 40
  18:SYSTEM/adc/adcx.c **** 	// 开启ADC时钟
  19:SYSTEM/adc/adcx.c **** 	RCC_APB2PeriphClockCmd(ADC_CLK, ENABLE);
ARM GAS  C:\Users\31687\AppData\Local\Temp\ccixou63.s 			page 2


  40              		.loc 1 19 2 view .LVU1
  41 0004 0121     		movs	r1, #1
  42 0006 4FF40070 		mov	r0, #512
  43 000a FFF7FEFF 		bl	RCC_APB2PeriphClockCmd
  44              	.LVL0:
  20:SYSTEM/adc/adcx.c **** 	
  21:SYSTEM/adc/adcx.c **** 	// ADC频率进行6分频
  22:SYSTEM/adc/adcx.c **** 	RCC_ADCCLKConfig(RCC_PCLK2_Div6);
  45              		.loc 1 22 2 view .LVU2
  46 000e 4FF40040 		mov	r0, #32768
  47 0012 FFF7FEFF 		bl	RCC_ADCCLKConfig
  48              	.LVL1:
  23:SYSTEM/adc/adcx.c **** 	
  24:SYSTEM/adc/adcx.c **** 	// 配置ADC结构体
  25:SYSTEM/adc/adcx.c **** 	ADC_InitTypeDef ADC_InitStructure;
  49              		.loc 1 25 2 view .LVU3
  26:SYSTEM/adc/adcx.c **** 	ADC_InitStructure.ADC_Mode = ADC_Mode_Independent; // 独立模式
  50              		.loc 1 26 2 view .LVU4
  51              		.loc 1 26 29 is_stmt 0 view .LVU5
  52 0016 0023     		movs	r3, #0
  53 0018 0193     		str	r3, [sp, #4]
  27:SYSTEM/adc/adcx.c **** 	ADC_InitStructure.ADC_DataAlign = ADC_DataAlign_Right; // 数据右对齐
  54              		.loc 1 27 2 is_stmt 1 view .LVU6
  55              		.loc 1 27 34 is_stmt 0 view .LVU7
  56 001a 0493     		str	r3, [sp, #16]
  28:SYSTEM/adc/adcx.c **** 	ADC_InitStructure.ADC_ExternalTrigConv = ADC_ExternalTrigConv_None; // 软件触发
  57              		.loc 1 28 2 is_stmt 1 view .LVU8
  58              		.loc 1 28 41 is_stmt 0 view .LVU9
  59 001c 4FF46022 		mov	r2, #917504
  60 0020 0392     		str	r2, [sp, #12]
  29:SYSTEM/adc/adcx.c **** 	ADC_InitStructure.ADC_ContinuousConvMode = DISABLE; // 单次转换
  61              		.loc 1 29 2 is_stmt 1 view .LVU10
  62              		.loc 1 29 43 is_stmt 0 view .LVU11
  63 0022 8DF80930 		strb	r3, [sp, #9]
  30:SYSTEM/adc/adcx.c **** 	ADC_InitStructure.ADC_ScanConvMode = DISABLE; // 非扫描模式
  64              		.loc 1 30 2 is_stmt 1 view .LVU12
  65              		.loc 1 30 37 is_stmt 0 view .LVU13
  66 0026 8DF80830 		strb	r3, [sp, #8]
  31:SYSTEM/adc/adcx.c **** 	ADC_InitStructure.ADC_NbrOfChannel = 1; // 总通道数
  67              		.loc 1 31 2 is_stmt 1 view .LVU14
  68              		.loc 1 31 37 is_stmt 0 view .LVU15
  69 002a 0125     		movs	r5, #1
  70 002c 8DF81450 		strb	r5, [sp, #20]
  32:SYSTEM/adc/adcx.c **** 	ADC_Init(ADCx, &ADC_InitStructure); // 初始化ADC1
  71              		.loc 1 32 2 is_stmt 1 view .LVU16
  72 0030 0D4C     		ldr	r4, .L5
  73 0032 01A9     		add	r1, sp, #4
  74 0034 2046     		mov	r0, r4
  75 0036 FFF7FEFF 		bl	ADC_Init
  76              	.LVL2:
  33:SYSTEM/adc/adcx.c **** 	
  34:SYSTEM/adc/adcx.c **** 	// 开启ADCx
  35:SYSTEM/adc/adcx.c **** 	ADC_Cmd(ADCx, ENABLE);
  77              		.loc 1 35 2 view .LVU17
  78 003a 2946     		mov	r1, r5
  79 003c 2046     		mov	r0, r4
  80 003e FFF7FEFF 		bl	ADC_Cmd
ARM GAS  C:\Users\31687\AppData\Local\Temp\ccixou63.s 			page 3


  81              	.LVL3:
  36:SYSTEM/adc/adcx.c **** 	
  37:SYSTEM/adc/adcx.c **** 	// 进行ADC校准
  38:SYSTEM/adc/adcx.c **** 	ADC_ResetCalibration(ADCx);
  82              		.loc 1 38 2 view .LVU18
  83 0042 2046     		mov	r0, r4
  84 0044 FFF7FEFF 		bl	ADC_ResetCalibration
  85              	.LVL4:
  39:SYSTEM/adc/adcx.c **** 	while(ADC_GetResetCalibrationStatus(ADCx) == SET);
  86              		.loc 1 39 2 view .LVU19
  87              	.L2:
  88              		.loc 1 39 44 discriminator 1 view .LVU20
  89              		.loc 1 39 8 is_stmt 0 discriminator 1 view .LVU21
  90 0048 0748     		ldr	r0, .L5
  91 004a FFF7FEFF 		bl	ADC_GetResetCalibrationStatus
  92              	.LVL5:
  93              		.loc 1 39 44 discriminator 1 view .LVU22
  94 004e 0128     		cmp	r0, #1
  95 0050 FAD0     		beq	.L2
  40:SYSTEM/adc/adcx.c **** 	ADC_StartCalibration(ADCx);
  96              		.loc 1 40 2 is_stmt 1 view .LVU23
  97 0052 0548     		ldr	r0, .L5
  98 0054 FFF7FEFF 		bl	ADC_StartCalibration
  99              	.LVL6:
  41:SYSTEM/adc/adcx.c **** 	while(ADC_GetCalibrationStatus(ADCx) == SET);
 100              		.loc 1 41 2 view .LVU24
 101              	.L3:
 102              		.loc 1 41 39 discriminator 1 view .LVU25
 103              		.loc 1 41 8 is_stmt 0 discriminator 1 view .LVU26
 104 0058 0348     		ldr	r0, .L5
 105 005a FFF7FEFF 		bl	ADC_GetCalibrationStatus
 106              	.LVL7:
 107              		.loc 1 41 39 discriminator 1 view .LVU27
 108 005e 0128     		cmp	r0, #1
 109 0060 FAD0     		beq	.L3
  42:SYSTEM/adc/adcx.c **** }
 110              		.loc 1 42 1 view .LVU28
 111 0062 07B0     		add	sp, sp, #28
 112              	.LCFI2:
 113              		.cfi_def_cfa_offset 12
 114              		@ sp needed
 115 0064 30BD     		pop	{r4, r5, pc}
 116              	.L6:
 117 0066 00BF     		.align	2
 118              	.L5:
 119 0068 00240140 		.word	1073816576
 120              		.cfi_endproc
 121              	.LFE29:
 123              		.section	.text.ADC_GetValue,"ax",%progbits
 124              		.align	1
 125              		.global	ADC_GetValue
 126              		.syntax unified
 127              		.thumb
 128              		.thumb_func
 130              	ADC_GetValue:
 131              	.LVL8:
 132              	.LFB30:
ARM GAS  C:\Users\31687\AppData\Local\Temp\ccixou63.s 			page 4


  43:SYSTEM/adc/adcx.c **** 
  44:SYSTEM/adc/adcx.c **** /**
  45:SYSTEM/adc/adcx.c ****  * @brief 获取ADC转换后的数据
  46:SYSTEM/adc/adcx.c ****  * @param ADC_Channel: 选择需要采集的ADC通道
  47:SYSTEM/adc/adcx.c ****  * @param ADC_SampleTime: 选择需要采样时间
  48:SYSTEM/adc/adcx.c ****  * @return 返回转换后的模拟信号数值
  49:SYSTEM/adc/adcx.c ****  */
  50:SYSTEM/adc/adcx.c **** u16 ADC_GetValue(uint8_t ADC_Channel,uint8_t ADC_SampleTime)
  51:SYSTEM/adc/adcx.c **** {
 133              		.loc 1 51 1 is_stmt 1 view -0
 134              		.cfi_startproc
 135              		@ args = 0, pretend = 0, frame = 0
 136              		@ frame_needed = 0, uses_anonymous_args = 0
 137              		.loc 1 51 1 is_stmt 0 view .LVU30
 138 0000 10B5     		push	{r4, lr}
 139              	.LCFI3:
 140              		.cfi_def_cfa_offset 8
 141              		.cfi_offset 4, -8
 142              		.cfi_offset 14, -4
 143 0002 0B46     		mov	r3, r1
  52:SYSTEM/adc/adcx.c **** 	// 配置ADC通道
  53:SYSTEM/adc/adcx.c **** 	ADC_RegularChannelConfig(ADCx, ADC_Channel, 1, ADC_SampleTime);
 144              		.loc 1 53 2 is_stmt 1 view .LVU31
 145 0004 094C     		ldr	r4, .L10
 146 0006 0122     		movs	r2, #1
 147 0008 0146     		mov	r1, r0
 148              	.LVL9:
 149              		.loc 1 53 2 is_stmt 0 view .LVU32
 150 000a 2046     		mov	r0, r4
 151              	.LVL10:
 152              		.loc 1 53 2 view .LVU33
 153 000c FFF7FEFF 		bl	ADC_RegularChannelConfig
 154              	.LVL11:
  54:SYSTEM/adc/adcx.c **** 	
  55:SYSTEM/adc/adcx.c **** 	ADC_SoftwareStartConvCmd(ADCx, ENABLE); // 软件触发ADC转换
 155              		.loc 1 55 2 is_stmt 1 view .LVU34
 156 0010 0121     		movs	r1, #1
 157 0012 2046     		mov	r0, r4
 158 0014 FFF7FEFF 		bl	ADC_SoftwareStartConvCmd
 159              	.LVL12:
  56:SYSTEM/adc/adcx.c **** 	while(ADC_GetFlagStatus(ADCx, ADC_FLAG_EOC) == RESET); // 读取ADC转换完成标志位
 160              		.loc 1 56 2 view .LVU35
 161              	.L8:
 162              		.loc 1 56 46 discriminator 1 view .LVU36
 163              		.loc 1 56 8 is_stmt 0 discriminator 1 view .LVU37
 164 0018 0221     		movs	r1, #2
 165 001a 0448     		ldr	r0, .L10
 166 001c FFF7FEFF 		bl	ADC_GetFlagStatus
 167              	.LVL13:
 168              		.loc 1 56 46 discriminator 1 view .LVU38
 169 0020 0028     		cmp	r0, #0
 170 0022 F9D0     		beq	.L8
  57:SYSTEM/adc/adcx.c **** 	return ADC_GetConversionValue(ADCx);
 171              		.loc 1 57 2 is_stmt 1 view .LVU39
 172              		.loc 1 57 9 is_stmt 0 view .LVU40
 173 0024 0148     		ldr	r0, .L10
 174 0026 FFF7FEFF 		bl	ADC_GetConversionValue
ARM GAS  C:\Users\31687\AppData\Local\Temp\ccixou63.s 			page 5


 175              	.LVL14:
  58:SYSTEM/adc/adcx.c **** }
 176              		.loc 1 58 1 view .LVU41
 177 002a 10BD     		pop	{r4, pc}
 178              	.L11:
 179              		.align	2
 180              	.L10:
 181 002c 00240140 		.word	1073816576
 182              		.cfi_endproc
 183              	.LFE30:
 185              		.text
 186              	.Letext0:
 187              		.file 2 "D:\\Study\\EmbeddedSystem\\STM32Cube\\STM32CubeCLT_1.20.0\\GNU-tools-for-STM32\\bin/../li
 188              		.file 3 "D:\\Study\\EmbeddedSystem\\STM32Cube\\STM32CubeCLT_1.20.0\\GNU-tools-for-STM32\\bin/../li
 189              		.file 4 "USER/stm32f10x.h"
 190              		.file 5 "STM32F10x_FWLib/inc/stm32f10x_adc.h"
 191              		.file 6 "STM32F10x_FWLib/inc/stm32f10x_rcc.h"
ARM GAS  C:\Users\31687\AppData\Local\Temp\ccixou63.s 			page 6


DEFINED SYMBOLS
                            *ABS*:00000000 adcx.c
C:\Users\31687\AppData\Local\Temp\ccixou63.s:19     .text.ADCx_Init:00000000 $t
C:\Users\31687\AppData\Local\Temp\ccixou63.s:25     .text.ADCx_Init:00000000 ADCx_Init
C:\Users\31687\AppData\Local\Temp\ccixou63.s:119    .text.ADCx_Init:00000068 $d
C:\Users\31687\AppData\Local\Temp\ccixou63.s:124    .text.ADC_GetValue:00000000 $t
C:\Users\31687\AppData\Local\Temp\ccixou63.s:130    .text.ADC_GetValue:00000000 ADC_GetValue
C:\Users\31687\AppData\Local\Temp\ccixou63.s:181    .text.ADC_GetValue:0000002c $d

UNDEFINED SYMBOLS
RCC_APB2PeriphClockCmd
RCC_ADCCLKConfig
ADC_Init
ADC_Cmd
ADC_ResetCalibration
ADC_GetResetCalibrationStatus
ADC_StartCalibration
ADC_GetCalibrationStatus
ADC_RegularChannelConfig
ADC_SoftwareStartConvCmd
ADC_GetFlagStatus
ADC_GetConversionValue
