ARM GAS  C:\Users\31687\AppData\Local\Temp\ccYm1hGg.s 			page 1


   1              		.cpu cortex-m3
   2              		.arch armv7-m
   3              		.fpu softvfp
   4              		.eabi_attribute 20, 1
   5              		.eabi_attribute 21, 1
   6              		.eabi_attribute 23, 3
   7              		.eabi_attribute 24, 1
   8              		.eabi_attribute 25, 1
   9              		.eabi_attribute 26, 1
  10              		.eabi_attribute 30, 1
  11              		.eabi_attribute 34, 1
  12              		.eabi_attribute 18, 4
  13              		.file	"CountSensor.c"
  14              		.text
  15              	.Ltext0:
  16              		.cfi_sections	.debug_frame
  17              		.file 1 "HARDWARE/EXIT/CountSensor.c"
  18              		.section	.text.CountSensor_Init,"ax",%progbits
  19              		.align	1
  20              		.global	CountSensor_Init
  21              		.syntax unified
  22              		.thumb
  23              		.thumb_func
  25              	CountSensor_Init:
  26              	.LFB29:
   1:HARDWARE/EXIT/CountSensor.c **** #include "stm32f10x.h"                  // Device header
   2:HARDWARE/EXIT/CountSensor.c **** #include "CountSensor.h"
   3:HARDWARE/EXIT/CountSensor.c **** #include "stm32f10x_exti.h"
   4:HARDWARE/EXIT/CountSensor.c **** uint16_t CountSensor_Count;
   5:HARDWARE/EXIT/CountSensor.c **** 
   6:HARDWARE/EXIT/CountSensor.c **** /**
   7:HARDWARE/EXIT/CountSensor.c ****  * 计数传感器初始化函数
   8:HARDWARE/EXIT/CountSensor.c ****  * 功能：初始化计数传感器的GPIO、外部中断和NVIC配置
   9:HARDWARE/EXIT/CountSensor.c ****  * @param 无
  10:HARDWARE/EXIT/CountSensor.c ****  * @retval 无
  11:HARDWARE/EXIT/CountSensor.c ****  * @note 使用GPIOB的11和14引脚作为计数传感器输入，上升沿触发中断
  12:HARDWARE/EXIT/CountSensor.c ****  */
  13:HARDWARE/EXIT/CountSensor.c **** void CountSensor_Init(void)
  14:HARDWARE/EXIT/CountSensor.c **** {
  27              		.loc 1 14 1 view -0
  28              		.cfi_startproc
  29              		@ args = 0, pretend = 0, frame = 16
  30              		@ frame_needed = 0, uses_anonymous_args = 0
  31 0000 30B5     		push	{r4, r5, lr}
  32              	.LCFI0:
  33              		.cfi_def_cfa_offset 12
  34              		.cfi_offset 4, -12
  35              		.cfi_offset 5, -8
  36              		.cfi_offset 14, -4
  37 0002 85B0     		sub	sp, sp, #20
  38              	.LCFI1:
  39              		.cfi_def_cfa_offset 32
  15:HARDWARE/EXIT/CountSensor.c **** 	// 使能GPIOB和AFIO时钟
  16:HARDWARE/EXIT/CountSensor.c **** 	RCC_APB2PeriphClockCmd(RCC_APB2Periph_GPIOB, ENABLE);
  40              		.loc 1 16 2 view .LVU1
  41 0004 0121     		movs	r1, #1
  42 0006 0820     		movs	r0, #8
ARM GAS  C:\Users\31687\AppData\Local\Temp\ccYm1hGg.s 			page 2


  43 0008 FFF7FEFF 		bl	RCC_APB2PeriphClockCmd
  44              	.LVL0:
  17:HARDWARE/EXIT/CountSensor.c **** 	RCC_APB2PeriphClockCmd(RCC_APB2Periph_AFIO, ENABLE);
  45              		.loc 1 17 2 view .LVU2
  46 000c 0121     		movs	r1, #1
  47 000e 0846     		mov	r0, r1
  48 0010 FFF7FEFF 		bl	RCC_APB2PeriphClockCmd
  49              	.LVL1:
  18:HARDWARE/EXIT/CountSensor.c **** 	
  19:HARDWARE/EXIT/CountSensor.c **** 	// 初始化GPIO
  20:HARDWARE/EXIT/CountSensor.c **** 	GPIO_InitTypeDef GPIO_InitStructure;
  50              		.loc 1 20 2 view .LVU3
  21:HARDWARE/EXIT/CountSensor.c **** 	GPIO_InitStructure.GPIO_Mode = GPIO_Mode_IPU;          // 上拉输入模式
  51              		.loc 1 21 2 view .LVU4
  52              		.loc 1 21 31 is_stmt 0 view .LVU5
  53 0014 4823     		movs	r3, #72
  54 0016 8DF80F30 		strb	r3, [sp, #15]
  22:HARDWARE/EXIT/CountSensor.c **** 	GPIO_InitStructure.GPIO_Pin = GPIO_Pin_11|GPIO_Pin_14;  // 使用PB11和PB14引脚
  55              		.loc 1 22 2 is_stmt 1 view .LVU6
  56              		.loc 1 22 30 is_stmt 0 view .LVU7
  57 001a 4FF49044 		mov	r4, #18432
  58 001e ADF80C40 		strh	r4, [sp, #12]	@ movhi
  23:HARDWARE/EXIT/CountSensor.c **** 	GPIO_InitStructure.GPIO_Speed = GPIO_Speed_50MHz;       //  GPIO速度50MHz
  59              		.loc 1 23 2 is_stmt 1 view .LVU8
  60              		.loc 1 23 32 is_stmt 0 view .LVU9
  61 0022 0323     		movs	r3, #3
  62 0024 8DF80E30 		strb	r3, [sp, #14]
  24:HARDWARE/EXIT/CountSensor.c **** 	GPIO_Init(GPIOB, &GPIO_InitStructure);
  63              		.loc 1 24 2 is_stmt 1 view .LVU10
  64 0028 03A9     		add	r1, sp, #12
  65 002a 1348     		ldr	r0, .L3
  66 002c FFF7FEFF 		bl	GPIO_Init
  67              	.LVL2:
  25:HARDWARE/EXIT/CountSensor.c ****   
  26:HARDWARE/EXIT/CountSensor.c **** 	// 配置外部中断线路
  27:HARDWARE/EXIT/CountSensor.c **** 	GPIO_EXTILineConfig(GPIO_PortSourceGPIOB, GPIO_PinSource11);  // 配置PB11为外部中断源
  68              		.loc 1 27 2 view .LVU11
  69 0030 0B21     		movs	r1, #11
  70 0032 0120     		movs	r0, #1
  71 0034 FFF7FEFF 		bl	GPIO_EXTILineConfig
  72              	.LVL3:
  28:HARDWARE/EXIT/CountSensor.c **** 	GPIO_EXTILineConfig(GPIO_PortSourceGPIOB, GPIO_PinSource14);  // 配置PB14为外部中断源
  73              		.loc 1 28 2 view .LVU12
  74 0038 0E21     		movs	r1, #14
  75 003a 0120     		movs	r0, #1
  76 003c FFF7FEFF 		bl	GPIO_EXTILineConfig
  77              	.LVL4:
  29:HARDWARE/EXIT/CountSensor.c ****   
  30:HARDWARE/EXIT/CountSensor.c **** 	// 初始化外部中断
  31:HARDWARE/EXIT/CountSensor.c **** 	EXTI_InitTypeDef EXTI_InitStructure;
  78              		.loc 1 31 2 view .LVU13
  32:HARDWARE/EXIT/CountSensor.c **** 	EXTI_InitStructure.EXTI_Line = EXTI_Line11|EXTI_Line14;        // 外部中断线路11和14
  79              		.loc 1 32 2 view .LVU14
  80              		.loc 1 32 31 is_stmt 0 view .LVU15
  81 0040 0194     		str	r4, [sp, #4]
  33:HARDWARE/EXIT/CountSensor.c **** 	EXTI_InitStructure.EXTI_LineCmd = ENABLE;                      // 启用外部中断
  82              		.loc 1 33 2 is_stmt 1 view .LVU16
ARM GAS  C:\Users\31687\AppData\Local\Temp\ccYm1hGg.s 			page 3


  83              		.loc 1 33 34 is_stmt 0 view .LVU17
  84 0042 0124     		movs	r4, #1
  85 0044 8DF80A40 		strb	r4, [sp, #10]
  34:HARDWARE/EXIT/CountSensor.c **** 	EXTI_InitStructure.EXTI_Mode = EXTI_Mode_Interrupt;            // 中断模式
  86              		.loc 1 34 2 is_stmt 1 view .LVU18
  87              		.loc 1 34 31 is_stmt 0 view .LVU19
  88 0048 0025     		movs	r5, #0
  89 004a 8DF80850 		strb	r5, [sp, #8]
  35:HARDWARE/EXIT/CountSensor.c **** 	EXTI_InitStructure.EXTI_Trigger = EXTI_Trigger_Rising;         // 上升沿触发
  90              		.loc 1 35 2 is_stmt 1 view .LVU20
  91              		.loc 1 35 34 is_stmt 0 view .LVU21
  92 004e 0823     		movs	r3, #8
  93 0050 8DF80930 		strb	r3, [sp, #9]
  36:HARDWARE/EXIT/CountSensor.c **** 	EXTI_Init(&EXTI_InitStructure);
  94              		.loc 1 36 2 is_stmt 1 view .LVU22
  95 0054 01A8     		add	r0, sp, #4
  96 0056 FFF7FEFF 		bl	EXTI_Init
  97              	.LVL5:
  37:HARDWARE/EXIT/CountSensor.c **** 	
  38:HARDWARE/EXIT/CountSensor.c **** 	// 初始化NVIC
  39:HARDWARE/EXIT/CountSensor.c **** 	NVIC_InitTypeDef NVIC_InitStructure;
  98              		.loc 1 39 2 view .LVU23
  40:HARDWARE/EXIT/CountSensor.c **** 	NVIC_InitStructure.NVIC_IRQChannel = EXTI15_10_IRQn;           // EXTI15_10中断通道
  99              		.loc 1 40 2 view .LVU24
 100              		.loc 1 40 37 is_stmt 0 view .LVU25
 101 005a 2823     		movs	r3, #40
 102 005c 8DF80030 		strb	r3, [sp]
  41:HARDWARE/EXIT/CountSensor.c **** 	NVIC_InitStructure.NVIC_IRQChannelCmd = ENABLE;                // 启用中断通道
 103              		.loc 1 41 2 is_stmt 1 view .LVU26
 104              		.loc 1 41 40 is_stmt 0 view .LVU27
 105 0060 8DF80340 		strb	r4, [sp, #3]
  42:HARDWARE/EXIT/CountSensor.c **** 	NVIC_InitStructure.NVIC_IRQChannelPreemptionPriority = 0;      // 抢占优先级0
 106              		.loc 1 42 2 is_stmt 1 view .LVU28
 107              		.loc 1 42 55 is_stmt 0 view .LVU29
 108 0064 8DF80150 		strb	r5, [sp, #1]
  43:HARDWARE/EXIT/CountSensor.c **** 	NVIC_InitStructure.NVIC_IRQChannelSubPriority = 1;             // 子优先级1
 109              		.loc 1 43 2 is_stmt 1 view .LVU30
 110              		.loc 1 43 48 is_stmt 0 view .LVU31
 111 0068 8DF80240 		strb	r4, [sp, #2]
  44:HARDWARE/EXIT/CountSensor.c **** 	NVIC_Init(&NVIC_InitStructure);
 112              		.loc 1 44 2 is_stmt 1 view .LVU32
 113 006c 6846     		mov	r0, sp
 114 006e FFF7FEFF 		bl	NVIC_Init
 115              	.LVL6:
  45:HARDWARE/EXIT/CountSensor.c **** }
 116              		.loc 1 45 1 is_stmt 0 view .LVU33
 117 0072 05B0     		add	sp, sp, #20
 118              	.LCFI2:
 119              		.cfi_def_cfa_offset 12
 120              		@ sp needed
 121 0074 30BD     		pop	{r4, r5, pc}
 122              	.L4:
 123 0076 00BF     		.align	2
 124              	.L3:
 125 0078 000C0140 		.word	1073810432
 126              		.cfi_endproc
 127              	.LFE29:
ARM GAS  C:\Users\31687\AppData\Local\Temp\ccYm1hGg.s 			page 4


 129              		.global	CountSensor_Count
 130              		.section	.bss.CountSensor_Count,"aw",%nobits
 131              		.align	1
 134              	CountSensor_Count:
 135 0000 0000     		.space	2
 136              		.text
 137              	.Letext0:
 138              		.file 2 "D:\\Study\\EmbeddedSystem\\STM32Cube\\STM32CubeCLT_1.20.0\\GNU-tools-for-STM32\\bin/../li
 139              		.file 3 "D:\\Study\\EmbeddedSystem\\STM32Cube\\STM32CubeCLT_1.20.0\\GNU-tools-for-STM32\\bin/../li
 140              		.file 4 "USER/stm32f10x.h"
 141              		.file 5 "STM32F10x_FWLib/inc/stm32f10x_exti.h"
 142              		.file 6 "STM32F10x_FWLib/inc/stm32f10x_gpio.h"
 143              		.file 7 "STM32F10x_FWLib/inc/misc.h"
 144              		.file 8 "STM32F10x_FWLib/inc/stm32f10x_rcc.h"
ARM GAS  C:\Users\31687\AppData\Local\Temp\ccYm1hGg.s 			page 5


DEFINED SYMBOLS
                            *ABS*:00000000 CountSensor.c
C:\Users\31687\AppData\Local\Temp\ccYm1hGg.s:19     .text.CountSensor_Init:00000000 $t
C:\Users\31687\AppData\Local\Temp\ccYm1hGg.s:25     .text.CountSensor_Init:00000000 CountSensor_Init
C:\Users\31687\AppData\Local\Temp\ccYm1hGg.s:125    .text.CountSensor_Init:00000078 $d
C:\Users\31687\AppData\Local\Temp\ccYm1hGg.s:134    .bss.CountSensor_Count:00000000 CountSensor_Count
C:\Users\31687\AppData\Local\Temp\ccYm1hGg.s:131    .bss.CountSensor_Count:00000000 $d

UNDEFINED SYMBOLS
RCC_APB2PeriphClockCmd
GPIO_Init
GPIO_EXTILineConfig
EXTI_Init
NVIC_Init
