ARM GAS  C:\Users\31687\AppData\Local\Temp\ccql3oVN.s 			page 1


   1              		.cpu cortex-m3
   2              		.arch armv7-m
   3              		.fpu softvfp
   4              		.eabi_attribute 20, 1
   5              		.eabi_attribute 21, 1
   6              		.eabi_attribute 23, 3
   7              		.eabi_attribute 24, 1
   8              		.eabi_attribute 25, 1
   9              		.eabi_attribute 26, 1
  10              		.eabi_attribute 30, 1
  11              		.eabi_attribute 34, 1
  12              		.eabi_attribute 18, 4
  13              		.file	"delay.c"
  14              		.text
  15              	.Ltext0:
  16              		.cfi_sections	.debug_frame
  17              		.file 1 "SYSTEM/delay/delay.c"
  18              		.section	.text.delay_us,"ax",%progbits
  19              		.align	1
  20              		.global	delay_us
  21              		.syntax unified
  22              		.thumb
  23              		.thumb_func
  25              	delay_us:
  26              	.LVL0:
  27              	.LFB29:
   1:SYSTEM/delay/delay.c **** /**
   2:SYSTEM/delay/delay.c ****  * delay.c
   3:SYSTEM/delay/delay.c ****  * 延时函数库
   4:SYSTEM/delay/delay.c ****  * 功能：提供微秒、毫秒和秒级的延时功能
   5:SYSTEM/delay/delay.c ****  * 基于STM32的SysTick定时器实现
   6:SYSTEM/delay/delay.c ****  */
   7:SYSTEM/delay/delay.c **** 
   8:SYSTEM/delay/delay.c **** #include "stm32f10x.h"
   9:SYSTEM/delay/delay.c **** #include "delay.h"
  10:SYSTEM/delay/delay.c **** 
  11:SYSTEM/delay/delay.c **** /**
  12:SYSTEM/delay/delay.c ****   * @brief  微秒级延时函数
  13:SYSTEM/delay/delay.c ****   * @param  xus 延时时长，单位：微秒，范围：0~233015
  14:SYSTEM/delay/delay.c ****   * @retval 无
  15:SYSTEM/delay/delay.c ****   * @note   基于SysTick定时器实现，时钟频率为72MHz
  16:SYSTEM/delay/delay.c ****   *         计算公式：LOAD = 时钟频率(Hz) * 延时时间(s) = 72000000 * (xus/1000000) = 7
  17:SYSTEM/delay/delay.c ****   */
  18:SYSTEM/delay/delay.c **** void delay_us(uint32_t xus)
  19:SYSTEM/delay/delay.c **** {
  28              		.loc 1 19 1 view -0
  29              		.cfi_startproc
  30              		@ args = 0, pretend = 0, frame = 0
  31              		@ frame_needed = 0, uses_anonymous_args = 0
  32              		@ link register save eliminated.
  20:SYSTEM/delay/delay.c **** 	SysTick->LOAD = 72 * xus;                //设置定时器重装值
  33              		.loc 1 20 2 view .LVU1
  34              		.loc 1 20 21 is_stmt 0 view .LVU2
  35 0000 00EBC000 		add	r0, r0, r0, lsl #3
  36              	.LVL1:
  37              		.loc 1 20 21 view .LVU3
  38 0004 C000     		lsls	r0, r0, #3
ARM GAS  C:\Users\31687\AppData\Local\Temp\ccql3oVN.s 			page 2


  39              		.loc 1 20 16 view .LVU4
  40 0006 4FF0E023 		mov	r3, #-536813568
  41 000a 5861     		str	r0, [r3, #20]
  21:SYSTEM/delay/delay.c **** 	SysTick->VAL = 0x00;                     //清空当前计数值
  42              		.loc 1 21 2 is_stmt 1 view .LVU5
  43              		.loc 1 21 15 is_stmt 0 view .LVU6
  44 000c 0022     		movs	r2, #0
  45 000e 9A61     		str	r2, [r3, #24]
  22:SYSTEM/delay/delay.c **** 	SysTick->CTRL = 0x00000005;              //设置时钟源为HCLK，启动定时器
  46              		.loc 1 22 2 is_stmt 1 view .LVU7
  47              		.loc 1 22 16 is_stmt 0 view .LVU8
  48 0010 0522     		movs	r2, #5
  49 0012 1A61     		str	r2, [r3, #16]
  23:SYSTEM/delay/delay.c **** 	while(!(SysTick->CTRL & 0x00010000));    //等待计数到0
  50              		.loc 1 23 2 is_stmt 1 view .LVU9
  51              	.L2:
  52              		.loc 1 23 8 discriminator 1 view .LVU10
  53              		.loc 1 23 17 is_stmt 0 discriminator 1 view .LVU11
  54 0014 4FF0E023 		mov	r3, #-536813568
  55 0018 1B69     		ldr	r3, [r3, #16]
  56              		.loc 1 23 8 discriminator 1 view .LVU12
  57 001a 13F4803F 		tst	r3, #65536
  58 001e F9D0     		beq	.L2
  24:SYSTEM/delay/delay.c **** 	SysTick->CTRL = 0x00000004;              //关闭定时器
  59              		.loc 1 24 2 is_stmt 1 view .LVU13
  60              		.loc 1 24 16 is_stmt 0 view .LVU14
  61 0020 4FF0E023 		mov	r3, #-536813568
  62 0024 0422     		movs	r2, #4
  63 0026 1A61     		str	r2, [r3, #16]
  25:SYSTEM/delay/delay.c **** }
  64              		.loc 1 25 1 view .LVU15
  65 0028 7047     		bx	lr
  66              		.cfi_endproc
  67              	.LFE29:
  69              		.section	.text.delay_ms,"ax",%progbits
  70              		.align	1
  71              		.global	delay_ms
  72              		.syntax unified
  73              		.thumb
  74              		.thumb_func
  76              	delay_ms:
  77              	.LVL2:
  78              	.LFB30:
  26:SYSTEM/delay/delay.c **** 
  27:SYSTEM/delay/delay.c **** /**
  28:SYSTEM/delay/delay.c ****   * @brief  毫秒级延时函数
  29:SYSTEM/delay/delay.c ****   * @param  xms 延时时长，单位：毫秒，范围：0~4294967295
  30:SYSTEM/delay/delay.c ****   * @retval 无
  31:SYSTEM/delay/delay.c ****   * @note   通过循环调用微秒延时函数实现
  32:SYSTEM/delay/delay.c ****   */
  33:SYSTEM/delay/delay.c **** void delay_ms(uint32_t xms)
  34:SYSTEM/delay/delay.c **** {
  79              		.loc 1 34 1 is_stmt 1 view -0
  80              		.cfi_startproc
  81              		@ args = 0, pretend = 0, frame = 0
  82              		@ frame_needed = 0, uses_anonymous_args = 0
  83              		.loc 1 34 1 is_stmt 0 view .LVU17
ARM GAS  C:\Users\31687\AppData\Local\Temp\ccql3oVN.s 			page 3


  84 0000 10B5     		push	{r4, lr}
  85              	.LCFI0:
  86              		.cfi_def_cfa_offset 8
  87              		.cfi_offset 4, -8
  88              		.cfi_offset 14, -4
  35:SYSTEM/delay/delay.c **** 	while(xms--)
  89              		.loc 1 35 2 is_stmt 1 view .LVU18
  90              		.loc 1 35 7 is_stmt 0 view .LVU19
  91 0002 04E0     		b	.L4
  92              	.LVL3:
  93              	.L5:
  36:SYSTEM/delay/delay.c **** 	{
  37:SYSTEM/delay/delay.c **** 		delay_us(1000);  //每次循环延时1000微秒（1毫秒）
  94              		.loc 1 37 3 is_stmt 1 view .LVU20
  95 0004 4FF47A70 		mov	r0, #1000
  96 0008 FFF7FEFF 		bl	delay_us
  97              	.LVL4:
  35:SYSTEM/delay/delay.c **** 	while(xms--)
  98              		.loc 1 35 11 is_stmt 0 view .LVU21
  99 000c 2046     		mov	r0, r4
 100              	.LVL5:
 101              	.L4:
  35:SYSTEM/delay/delay.c **** 	while(xms--)
 102              		.loc 1 35 8 is_stmt 1 view .LVU22
  35:SYSTEM/delay/delay.c **** 	while(xms--)
 103              		.loc 1 35 11 is_stmt 0 view .LVU23
 104 000e 441E     		subs	r4, r0, #1
 105              	.LVL6:
  35:SYSTEM/delay/delay.c **** 	while(xms--)
 106              		.loc 1 35 8 view .LVU24
 107 0010 0028     		cmp	r0, #0
 108 0012 F7D1     		bne	.L5
  38:SYSTEM/delay/delay.c **** 	}
  39:SYSTEM/delay/delay.c **** }
 109              		.loc 1 39 1 view .LVU25
 110 0014 10BD     		pop	{r4, pc}
 111              		.loc 1 39 1 view .LVU26
 112              		.cfi_endproc
 113              	.LFE30:
 115              		.section	.text.delay_s,"ax",%progbits
 116              		.align	1
 117              		.global	delay_s
 118              		.syntax unified
 119              		.thumb
 120              		.thumb_func
 122              	delay_s:
 123              	.LVL7:
 124              	.LFB31:
  40:SYSTEM/delay/delay.c ****  
  41:SYSTEM/delay/delay.c **** /**
  42:SYSTEM/delay/delay.c ****   * @brief  秒级延时函数
  43:SYSTEM/delay/delay.c ****   * @param  xs 延时时长，单位：秒，范围：0~4294967295
  44:SYSTEM/delay/delay.c ****   * @retval 无
  45:SYSTEM/delay/delay.c ****   * @note   通过循环调用毫秒延时函数实现
  46:SYSTEM/delay/delay.c ****   */
  47:SYSTEM/delay/delay.c **** void delay_s(uint32_t xs)
  48:SYSTEM/delay/delay.c **** {
ARM GAS  C:\Users\31687\AppData\Local\Temp\ccql3oVN.s 			page 4


 125              		.loc 1 48 1 is_stmt 1 view -0
 126              		.cfi_startproc
 127              		@ args = 0, pretend = 0, frame = 0
 128              		@ frame_needed = 0, uses_anonymous_args = 0
 129              		.loc 1 48 1 is_stmt 0 view .LVU28
 130 0000 10B5     		push	{r4, lr}
 131              	.LCFI1:
 132              		.cfi_def_cfa_offset 8
 133              		.cfi_offset 4, -8
 134              		.cfi_offset 14, -4
  49:SYSTEM/delay/delay.c **** 	while(xs--)
 135              		.loc 1 49 2 is_stmt 1 view .LVU29
 136              		.loc 1 49 7 is_stmt 0 view .LVU30
 137 0002 04E0     		b	.L8
 138              	.LVL8:
 139              	.L9:
  50:SYSTEM/delay/delay.c **** 	{
  51:SYSTEM/delay/delay.c **** 		delay_ms(1000);  //每次循环延时1000毫秒（1秒）
 140              		.loc 1 51 3 is_stmt 1 view .LVU31
 141 0004 4FF47A70 		mov	r0, #1000
 142 0008 FFF7FEFF 		bl	delay_ms
 143              	.LVL9:
  49:SYSTEM/delay/delay.c **** 	while(xs--)
 144              		.loc 1 49 10 is_stmt 0 view .LVU32
 145 000c 2046     		mov	r0, r4
 146              	.LVL10:
 147              	.L8:
  49:SYSTEM/delay/delay.c **** 	while(xs--)
 148              		.loc 1 49 8 is_stmt 1 view .LVU33
  49:SYSTEM/delay/delay.c **** 	while(xs--)
 149              		.loc 1 49 10 is_stmt 0 view .LVU34
 150 000e 441E     		subs	r4, r0, #1
 151              	.LVL11:
  49:SYSTEM/delay/delay.c **** 	while(xs--)
 152              		.loc 1 49 8 view .LVU35
 153 0010 0028     		cmp	r0, #0
 154 0012 F7D1     		bne	.L9
  52:SYSTEM/delay/delay.c **** 	}
  53:SYSTEM/delay/delay.c **** } 
 155              		.loc 1 53 1 view .LVU36
 156 0014 10BD     		pop	{r4, pc}
 157              		.loc 1 53 1 view .LVU37
 158              		.cfi_endproc
 159              	.LFE31:
 161              		.text
 162              	.Letext0:
 163              		.file 2 "D:\\Study\\EmbeddedSystem\\STM32Cube\\STM32CubeCLT_1.20.0\\GNU-tools-for-STM32\\bin/../li
 164              		.file 3 "D:\\Study\\EmbeddedSystem\\STM32Cube\\STM32CubeCLT_1.20.0\\GNU-tools-for-STM32\\bin/../li
 165              		.file 4 "CORE/core_cm3.h"
ARM GAS  C:\Users\31687\AppData\Local\Temp\ccql3oVN.s 			page 5


DEFINED SYMBOLS
                            *ABS*:00000000 delay.c
C:\Users\31687\AppData\Local\Temp\ccql3oVN.s:19     .text.delay_us:00000000 $t
C:\Users\31687\AppData\Local\Temp\ccql3oVN.s:25     .text.delay_us:00000000 delay_us
C:\Users\31687\AppData\Local\Temp\ccql3oVN.s:70     .text.delay_ms:00000000 $t
C:\Users\31687\AppData\Local\Temp\ccql3oVN.s:76     .text.delay_ms:00000000 delay_ms
C:\Users\31687\AppData\Local\Temp\ccql3oVN.s:116    .text.delay_s:00000000 $t
C:\Users\31687\AppData\Local\Temp\ccql3oVN.s:122    .text.delay_s:00000000 delay_s

NO UNDEFINED SYMBOLS
