ARM GAS  C:\Users\31687\AppData\Local\Temp\ccCUx4FH.s 			page 1


   1              		.cpu cortex-m3
   2              		.arch armv7-m
   3              		.fpu softvfp
   4              		.eabi_attribute 20, 1
   5              		.eabi_attribute 21, 1
   6              		.eabi_attribute 23, 3
   7              		.eabi_attribute 24, 1
   8              		.eabi_attribute 25, 1
   9              		.eabi_attribute 26, 1
  10              		.eabi_attribute 30, 1
  11              		.eabi_attribute 34, 1
  12              		.eabi_attribute 18, 4
  13              		.file	"dht11.c"
  14              		.text
  15              	.Ltext0:
  16              		.cfi_sections	.debug_frame
  17              		.file 1 "HARDWARE/DHT11/dht11.c"
  18              		.section	.text.DHT11_Rst,"ax",%progbits
  19              		.align	1
  20              		.global	DHT11_Rst
  21              		.syntax unified
  22              		.thumb
  23              		.thumb_func
  25              	DHT11_Rst:
  26              	.LFB29:
   1:HARDWARE/DHT11/dht11.c **** /**
   2:HARDWARE/DHT11/dht11.c ****  * dht11.c
   3:HARDWARE/DHT11/dht11.c ****  * DHT11温湿度传感器驱动文件
   4:HARDWARE/DHT11/dht11.c ****  * 功能：实现DHT11传感器的初始化和温湿度数据读取
   5:HARDWARE/DHT11/dht11.c ****  * 版本：V1.0
   6:HARDWARE/DHT11/dht11.c ****  * MCU：STM32F103C8T6
   7:HARDWARE/DHT11/dht11.c ****  * 作者：蔬菜恒温库监控系统
   8:HARDWARE/DHT11/dht11.c ****  * 日期：2026-03-07
   9:HARDWARE/DHT11/dht11.c ****  */
  10:HARDWARE/DHT11/dht11.c **** 
  11:HARDWARE/DHT11/dht11.c **** #include "dht11.h"
  12:HARDWARE/DHT11/dht11.c **** 
  13:HARDWARE/DHT11/dht11.c **** /**
  14:HARDWARE/DHT11/dht11.c ****  * 复位DHT11传感器
  15:HARDWARE/DHT11/dht11.c ****  * 功能：发送复位信号，使DHT11进入起始状态
  16:HARDWARE/DHT11/dht11.c ****  * @param 无
  17:HARDWARE/DHT11/dht11.c ****  * @retval 无
  18:HARDWARE/DHT11/dht11.c ****  */
  19:HARDWARE/DHT11/dht11.c **** void DHT11_Rst(void)
  20:HARDWARE/DHT11/dht11.c **** {
  27              		.loc 1 20 1 view -0
  28              		.cfi_startproc
  29              		@ args = 0, pretend = 0, frame = 0
  30              		@ frame_needed = 0, uses_anonymous_args = 0
  31 0000 10B5     		push	{r4, lr}
  32              	.LCFI0:
  33              		.cfi_def_cfa_offset 8
  34              		.cfi_offset 4, -8
  35              		.cfi_offset 14, -4
  21:HARDWARE/DHT11/dht11.c ****     DHT11_IO_OUT();  	// 设置为输出模式
  36              		.loc 1 21 5 view .LVU1
  37 0002 0B4B     		ldr	r3, .L3
ARM GAS  C:\Users\31687\AppData\Local\Temp\ccCUx4FH.s 			page 2


  38 0004 5A68     		ldr	r2, [r3, #4]
  39 0006 22F47022 		bic	r2, r2, #983040
  40 000a 5A60     		str	r2, [r3, #4]
  41              		.loc 1 21 5 view .LVU2
  42 000c 5A68     		ldr	r2, [r3, #4]
  43 000e 42F44032 		orr	r2, r2, #196608
  44 0012 5A60     		str	r2, [r3, #4]
  45              		.loc 1 21 19 view .LVU3
  22:HARDWARE/DHT11/dht11.c ****     DHT11_DQ_OUT = 0;  	// 拉低DQ引脚
  46              		.loc 1 22 5 view .LVU4
  47              		.loc 1 22 18 is_stmt 0 view .LVU5
  48 0014 074C     		ldr	r4, .L3+4
  49 0016 0023     		movs	r3, #0
  50 0018 C4F8B031 		str	r3, [r4, #432]
  23:HARDWARE/DHT11/dht11.c ****     delay_ms(20);     	// 拉低至少18ms
  51              		.loc 1 23 5 is_stmt 1 view .LVU6
  52 001c 1420     		movs	r0, #20
  53 001e FFF7FEFF 		bl	delay_ms
  54              	.LVL0:
  24:HARDWARE/DHT11/dht11.c ****     DHT11_DQ_OUT = 1;  	// 拉高DQ引脚
  55              		.loc 1 24 5 view .LVU7
  56              		.loc 1 24 18 is_stmt 0 view .LVU8
  57 0022 0123     		movs	r3, #1
  58 0024 C4F8B031 		str	r3, [r4, #432]
  25:HARDWARE/DHT11/dht11.c ****     delay_us(30);      	// 主机拉高20~40us
  59              		.loc 1 25 5 is_stmt 1 view .LVU9
  60 0028 1E20     		movs	r0, #30
  61 002a FFF7FEFF 		bl	delay_us
  62              	.LVL1:
  26:HARDWARE/DHT11/dht11.c **** }
  63              		.loc 1 26 1 is_stmt 0 view .LVU10
  64 002e 10BD     		pop	{r4, pc}
  65              	.L4:
  66              		.align	2
  67              	.L3:
  68 0030 000C0140 		.word	1073810432
  69 0034 00802142 		.word	1109491712
  70              		.cfi_endproc
  71              	.LFE29:
  73              		.section	.text.DHT11_Check,"ax",%progbits
  74              		.align	1
  75              		.global	DHT11_Check
  76              		.syntax unified
  77              		.thumb
  78              		.thumb_func
  80              	DHT11_Check:
  81              	.LFB30:
  27:HARDWARE/DHT11/dht11.c **** 
  28:HARDWARE/DHT11/dht11.c **** /**
  29:HARDWARE/DHT11/dht11.c ****  * 等待DHT11的回应
  30:HARDWARE/DHT11/dht11.c ****  * 功能：检测DHT11是否存在并响应
  31:HARDWARE/DHT11/dht11.c ****  * @param 无
  32:HARDWARE/DHT11/dht11.c ****  * @retval 1: 未检测到DHT11的存在
  33:HARDWARE/DHT11/dht11.c ****  * @retval 0: DHT11存在
  34:HARDWARE/DHT11/dht11.c ****  */
  35:HARDWARE/DHT11/dht11.c **** u8 DHT11_Check(void)
  36:HARDWARE/DHT11/dht11.c **** {
ARM GAS  C:\Users\31687\AppData\Local\Temp\ccCUx4FH.s 			page 3


  82              		.loc 1 36 1 is_stmt 1 view -0
  83              		.cfi_startproc
  84              		@ args = 0, pretend = 0, frame = 0
  85              		@ frame_needed = 0, uses_anonymous_args = 0
  86 0000 10B5     		push	{r4, lr}
  87              	.LCFI1:
  88              		.cfi_def_cfa_offset 8
  89              		.cfi_offset 4, -8
  90              		.cfi_offset 14, -4
  37:HARDWARE/DHT11/dht11.c ****     u8 retry = 0;
  91              		.loc 1 37 5 view .LVU12
  92              	.LVL2:
  38:HARDWARE/DHT11/dht11.c ****     DHT11_IO_IN();  // 设置为输入模式
  93              		.loc 1 38 5 view .LVU13
  94 0002 164B     		ldr	r3, .L16
  95 0004 5A68     		ldr	r2, [r3, #4]
  96 0006 22F47022 		bic	r2, r2, #983040
  97 000a 5A60     		str	r2, [r3, #4]
  98              		.loc 1 38 5 view .LVU14
  99 000c 5A68     		ldr	r2, [r3, #4]
 100 000e 42F40022 		orr	r2, r2, #524288
 101 0012 5A60     		str	r2, [r3, #4]
 102              		.loc 1 38 18 view .LVU15
  39:HARDWARE/DHT11/dht11.c ****     
  40:HARDWARE/DHT11/dht11.c ****     // 等待DHT11拉低（40~80us）
  41:HARDWARE/DHT11/dht11.c ****     while (DHT11_DQ_IN && retry < 100)
 103              		.loc 1 41 5 view .LVU16
  37:HARDWARE/DHT11/dht11.c ****     DHT11_IO_IN();  // 设置为输入模式
 104              		.loc 1 37 8 is_stmt 0 view .LVU17
 105 0014 0024     		movs	r4, #0
 106              	.LVL3:
 107              	.L6:
 108              		.loc 1 41 24 is_stmt 1 view .LVU18
 109              		.loc 1 41 12 is_stmt 0 view .LVU19
 110 0016 124B     		ldr	r3, .L16+4
 111 0018 D3F83031 		ldr	r3, [r3, #304]
 112              		.loc 1 41 24 view .LVU20
 113 001c 3BB1     		cbz	r3, .L7
 114              		.loc 1 41 24 discriminator 1 view .LVU21
 115 001e 632C     		cmp	r4, #99
 116 0020 05D8     		bhi	.L7
  42:HARDWARE/DHT11/dht11.c ****     {
  43:HARDWARE/DHT11/dht11.c ****         retry++;
 117              		.loc 1 43 9 is_stmt 1 view .LVU22
 118              		.loc 1 43 14 is_stmt 0 view .LVU23
 119 0022 0134     		adds	r4, r4, #1
 120              	.LVL4:
 121              		.loc 1 43 14 view .LVU24
 122 0024 E4B2     		uxtb	r4, r4
 123              	.LVL5:
  44:HARDWARE/DHT11/dht11.c ****         delay_us(1);
 124              		.loc 1 44 9 is_stmt 1 view .LVU25
 125 0026 0120     		movs	r0, #1
 126 0028 FFF7FEFF 		bl	delay_us
 127              	.LVL6:
 128 002c F3E7     		b	.L6
 129              	.L7:
ARM GAS  C:\Users\31687\AppData\Local\Temp\ccCUx4FH.s 			page 4


  45:HARDWARE/DHT11/dht11.c ****     }
  46:HARDWARE/DHT11/dht11.c ****     
  47:HARDWARE/DHT11/dht11.c ****     if (retry >= 100) return 1;  // 超时，未检测到DHT11
 130              		.loc 1 47 5 view .LVU26
 131              		.loc 1 47 8 is_stmt 0 view .LVU27
 132 002e 632C     		cmp	r4, #99
 133 0030 10D8     		bhi	.L13
  48:HARDWARE/DHT11/dht11.c ****     else retry = 0;
 134              		.loc 1 48 16 view .LVU28
 135 0032 0024     		movs	r4, #0
 136              	.LVL7:
 137              		.loc 1 48 16 view .LVU29
 138 0034 04E0     		b	.L10
 139              	.LVL8:
 140              	.L12:
  49:HARDWARE/DHT11/dht11.c ****     
  50:HARDWARE/DHT11/dht11.c ****     // 等待DHT11拉高（40~80us）
  51:HARDWARE/DHT11/dht11.c ****     while (!DHT11_DQ_IN && retry < 100)
  52:HARDWARE/DHT11/dht11.c ****     {
  53:HARDWARE/DHT11/dht11.c ****         retry++;
 141              		.loc 1 53 9 is_stmt 1 view .LVU30
 142              		.loc 1 53 14 is_stmt 0 view .LVU31
 143 0036 0134     		adds	r4, r4, #1
 144              	.LVL9:
 145              		.loc 1 53 14 view .LVU32
 146 0038 E4B2     		uxtb	r4, r4
 147              	.LVL10:
  54:HARDWARE/DHT11/dht11.c ****         delay_us(1);
 148              		.loc 1 54 9 is_stmt 1 view .LVU33
 149 003a 0120     		movs	r0, #1
 150 003c FFF7FEFF 		bl	delay_us
 151              	.LVL11:
 152              	.L10:
  51:HARDWARE/DHT11/dht11.c ****     {
 153              		.loc 1 51 25 view .LVU34
  51:HARDWARE/DHT11/dht11.c ****     {
 154              		.loc 1 51 13 is_stmt 0 view .LVU35
 155 0040 074B     		ldr	r3, .L16+4
 156 0042 D3F83031 		ldr	r3, [r3, #304]
  51:HARDWARE/DHT11/dht11.c ****     {
 157              		.loc 1 51 25 view .LVU36
 158 0046 0BB9     		cbnz	r3, .L11
  51:HARDWARE/DHT11/dht11.c ****     {
 159              		.loc 1 51 25 discriminator 1 view .LVU37
 160 0048 632C     		cmp	r4, #99
 161 004a F4D9     		bls	.L12
 162              	.L11:
  55:HARDWARE/DHT11/dht11.c ****     }
  56:HARDWARE/DHT11/dht11.c ****     
  57:HARDWARE/DHT11/dht11.c ****     if (retry >= 100) return 1;  // 超时，未检测到DHT11
 163              		.loc 1 57 5 is_stmt 1 view .LVU38
 164              		.loc 1 57 8 is_stmt 0 view .LVU39
 165 004c 632C     		cmp	r4, #99
 166 004e 03D8     		bhi	.L14
  58:HARDWARE/DHT11/dht11.c ****     return 0;  // DHT11存在
 167              		.loc 1 58 12 view .LVU40
 168 0050 0020     		movs	r0, #0
ARM GAS  C:\Users\31687\AppData\Local\Temp\ccCUx4FH.s 			page 5


 169              	.L9:
  59:HARDWARE/DHT11/dht11.c **** }
 170              		.loc 1 59 1 view .LVU41
 171 0052 10BD     		pop	{r4, pc}
 172              	.LVL12:
 173              	.L13:
  47:HARDWARE/DHT11/dht11.c ****     else retry = 0;
 174              		.loc 1 47 30 discriminator 1 view .LVU42
 175 0054 0120     		movs	r0, #1
 176 0056 FCE7     		b	.L9
 177              	.L14:
  57:HARDWARE/DHT11/dht11.c ****     return 0;  // DHT11存在
 178              		.loc 1 57 30 discriminator 1 view .LVU43
 179 0058 0120     		movs	r0, #1
 180 005a FAE7     		b	.L9
 181              	.L17:
 182              		.align	2
 183              	.L16:
 184 005c 000C0140 		.word	1073810432
 185 0060 00802142 		.word	1109491712
 186              		.cfi_endproc
 187              	.LFE30:
 189              		.section	.text.DHT11_Read_Bit,"ax",%progbits
 190              		.align	1
 191              		.global	DHT11_Read_Bit
 192              		.syntax unified
 193              		.thumb
 194              		.thumb_func
 196              	DHT11_Read_Bit:
 197              	.LFB31:
  60:HARDWARE/DHT11/dht11.c **** 
  61:HARDWARE/DHT11/dht11.c **** /**
  62:HARDWARE/DHT11/dht11.c ****  * 从DHT11读取一个位
  63:HARDWARE/DHT11/dht11.c ****  * 功能：读取DHT11发送的单个位数据
  64:HARDWARE/DHT11/dht11.c ****  * @param 无
  65:HARDWARE/DHT11/dht11.c ****  * @retval 1: 读取到逻辑1
  66:HARDWARE/DHT11/dht11.c ****  * @retval 0: 读取到逻辑0
  67:HARDWARE/DHT11/dht11.c ****  */
  68:HARDWARE/DHT11/dht11.c **** u8 DHT11_Read_Bit(void)
  69:HARDWARE/DHT11/dht11.c **** {
 198              		.loc 1 69 1 is_stmt 1 view -0
 199              		.cfi_startproc
 200              		@ args = 0, pretend = 0, frame = 0
 201              		@ frame_needed = 0, uses_anonymous_args = 0
 202 0000 10B5     		push	{r4, lr}
 203              	.LCFI2:
 204              		.cfi_def_cfa_offset 8
 205              		.cfi_offset 4, -8
 206              		.cfi_offset 14, -4
  70:HARDWARE/DHT11/dht11.c ****     u8 retry = 0;
 207              		.loc 1 70 5 view .LVU45
 208              	.LVL13:
  71:HARDWARE/DHT11/dht11.c ****     
  72:HARDWARE/DHT11/dht11.c ****     // 等待变为低电平
  73:HARDWARE/DHT11/dht11.c ****     while (DHT11_DQ_IN && retry < 100)
 209              		.loc 1 73 5 view .LVU46
  70:HARDWARE/DHT11/dht11.c ****     u8 retry = 0;
ARM GAS  C:\Users\31687\AppData\Local\Temp\ccCUx4FH.s 			page 6


 210              		.loc 1 70 8 is_stmt 0 view .LVU47
 211 0002 0024     		movs	r4, #0
 212              		.loc 1 73 11 view .LVU48
 213 0004 04E0     		b	.L19
 214              	.LVL14:
 215              	.L21:
  74:HARDWARE/DHT11/dht11.c ****     {
  75:HARDWARE/DHT11/dht11.c ****         retry++;
 216              		.loc 1 75 9 is_stmt 1 view .LVU49
 217              		.loc 1 75 14 is_stmt 0 view .LVU50
 218 0006 0134     		adds	r4, r4, #1
 219              	.LVL15:
 220              		.loc 1 75 14 view .LVU51
 221 0008 E4B2     		uxtb	r4, r4
 222              	.LVL16:
  76:HARDWARE/DHT11/dht11.c ****         delay_us(1);
 223              		.loc 1 76 9 is_stmt 1 view .LVU52
 224 000a 0120     		movs	r0, #1
 225 000c FFF7FEFF 		bl	delay_us
 226              	.LVL17:
 227              	.L19:
  73:HARDWARE/DHT11/dht11.c ****     {
 228              		.loc 1 73 24 view .LVU53
  73:HARDWARE/DHT11/dht11.c ****     {
 229              		.loc 1 73 12 is_stmt 0 view .LVU54
 230 0010 0F4B     		ldr	r3, .L29
 231 0012 D3F83031 		ldr	r3, [r3, #304]
  73:HARDWARE/DHT11/dht11.c ****     {
 232              		.loc 1 73 24 view .LVU55
 233 0016 BBB1     		cbz	r3, .L26
  73:HARDWARE/DHT11/dht11.c ****     {
 234              		.loc 1 73 24 discriminator 1 view .LVU56
 235 0018 632C     		cmp	r4, #99
 236 001a F4D9     		bls	.L21
 237 001c 0024     		movs	r4, #0
 238              	.LVL18:
  73:HARDWARE/DHT11/dht11.c ****     {
 239              		.loc 1 73 24 discriminator 1 view .LVU57
 240 001e 04E0     		b	.L22
 241              	.LVL19:
 242              	.L24:
  77:HARDWARE/DHT11/dht11.c ****     }
  78:HARDWARE/DHT11/dht11.c ****     
  79:HARDWARE/DHT11/dht11.c ****     retry = 0;
  80:HARDWARE/DHT11/dht11.c ****     
  81:HARDWARE/DHT11/dht11.c ****     // 等待变高电平
  82:HARDWARE/DHT11/dht11.c ****     while (!DHT11_DQ_IN && retry < 100)
  83:HARDWARE/DHT11/dht11.c ****     {
  84:HARDWARE/DHT11/dht11.c ****         retry++;
 243              		.loc 1 84 9 is_stmt 1 view .LVU58
 244              		.loc 1 84 14 is_stmt 0 view .LVU59
 245 0020 0134     		adds	r4, r4, #1
 246              	.LVL20:
 247              		.loc 1 84 14 view .LVU60
 248 0022 E4B2     		uxtb	r4, r4
 249              	.LVL21:
  85:HARDWARE/DHT11/dht11.c ****         delay_us(1);
ARM GAS  C:\Users\31687\AppData\Local\Temp\ccCUx4FH.s 			page 7


 250              		.loc 1 85 9 is_stmt 1 view .LVU61
 251 0024 0120     		movs	r0, #1
 252 0026 FFF7FEFF 		bl	delay_us
 253              	.LVL22:
 254              	.L22:
  82:HARDWARE/DHT11/dht11.c ****     {
 255              		.loc 1 82 25 view .LVU62
  82:HARDWARE/DHT11/dht11.c ****     {
 256              		.loc 1 82 13 is_stmt 0 view .LVU63
 257 002a 094B     		ldr	r3, .L29
 258 002c D3F83031 		ldr	r3, [r3, #304]
  82:HARDWARE/DHT11/dht11.c ****     {
 259              		.loc 1 82 25 view .LVU64
 260 0030 0BB9     		cbnz	r3, .L23
  82:HARDWARE/DHT11/dht11.c ****     {
 261              		.loc 1 82 25 discriminator 1 view .LVU65
 262 0032 632C     		cmp	r4, #99
 263 0034 F4D9     		bls	.L24
 264              	.L23:
  86:HARDWARE/DHT11/dht11.c ****     }
  87:HARDWARE/DHT11/dht11.c ****     
  88:HARDWARE/DHT11/dht11.c ****     delay_us(40);  // 等待40us，判断电平状态
 265              		.loc 1 88 5 is_stmt 1 view .LVU66
 266 0036 2820     		movs	r0, #40
 267 0038 FFF7FEFF 		bl	delay_us
 268              	.LVL23:
  89:HARDWARE/DHT11/dht11.c ****     if (DHT11_DQ_IN) return 1;  // 高电平为1
 269              		.loc 1 89 5 view .LVU67
 270              		.loc 1 89 9 is_stmt 0 view .LVU68
 271 003c 044B     		ldr	r3, .L29
 272 003e D3F83031 		ldr	r3, [r3, #304]
 273              		.loc 1 89 8 view .LVU69
 274 0042 1BB1     		cbz	r3, .L27
 275              		.loc 1 89 29 discriminator 1 view .LVU70
 276 0044 0120     		movs	r0, #1
 277              	.L25:
  90:HARDWARE/DHT11/dht11.c ****     else return 0;               // 低电平为0
  91:HARDWARE/DHT11/dht11.c **** }
 278              		.loc 1 91 1 view .LVU71
 279 0046 10BD     		pop	{r4, pc}
 280              	.LVL24:
 281              	.L26:
 282              		.loc 1 91 1 view .LVU72
 283 0048 0024     		movs	r4, #0
 284              	.LVL25:
 285              		.loc 1 91 1 view .LVU73
 286 004a EEE7     		b	.L22
 287              	.LVL26:
 288              	.L27:
  90:HARDWARE/DHT11/dht11.c ****     else return 0;               // 低电平为0
 289              		.loc 1 90 17 view .LVU74
 290 004c 0020     		movs	r0, #0
 291 004e FAE7     		b	.L25
 292              	.L30:
 293              		.align	2
 294              	.L29:
 295 0050 00802142 		.word	1109491712
ARM GAS  C:\Users\31687\AppData\Local\Temp\ccCUx4FH.s 			page 8


 296              		.cfi_endproc
 297              	.LFE31:
 299              		.section	.text.DHT11_Read_Byte,"ax",%progbits
 300              		.align	1
 301              		.global	DHT11_Read_Byte
 302              		.syntax unified
 303              		.thumb
 304              		.thumb_func
 306              	DHT11_Read_Byte:
 307              	.LFB32:
  92:HARDWARE/DHT11/dht11.c **** 
  93:HARDWARE/DHT11/dht11.c **** /**
  94:HARDWARE/DHT11/dht11.c ****  * 从DHT11读取一个字节
  95:HARDWARE/DHT11/dht11.c ****  * 功能：读取DHT11发送的8位数据
  96:HARDWARE/DHT11/dht11.c ****  * @param 无
  97:HARDWARE/DHT11/dht11.c ****  * @retval u8 读到的数据
  98:HARDWARE/DHT11/dht11.c ****  */
  99:HARDWARE/DHT11/dht11.c **** u8 DHT11_Read_Byte(void)
 100:HARDWARE/DHT11/dht11.c **** {
 308              		.loc 1 100 1 is_stmt 1 view -0
 309              		.cfi_startproc
 310              		@ args = 0, pretend = 0, frame = 0
 311              		@ frame_needed = 0, uses_anonymous_args = 0
 312 0000 38B5     		push	{r3, r4, r5, lr}
 313              	.LCFI3:
 314              		.cfi_def_cfa_offset 16
 315              		.cfi_offset 3, -16
 316              		.cfi_offset 4, -12
 317              		.cfi_offset 5, -8
 318              		.cfi_offset 14, -4
 101:HARDWARE/DHT11/dht11.c ****     u8 i, dat;
 319              		.loc 1 101 5 view .LVU76
 102:HARDWARE/DHT11/dht11.c ****     dat = 0;
 320              		.loc 1 102 5 view .LVU77
 321              	.LVL27:
 103:HARDWARE/DHT11/dht11.c ****     
 104:HARDWARE/DHT11/dht11.c ****     // 读取8位数据，高位先传
 105:HARDWARE/DHT11/dht11.c ****     for (i = 0; i < 8; i++)
 322              		.loc 1 105 5 view .LVU78
 102:HARDWARE/DHT11/dht11.c ****     dat = 0;
 323              		.loc 1 102 9 is_stmt 0 view .LVU79
 324 0002 0020     		movs	r0, #0
 325              		.loc 1 105 12 view .LVU80
 326 0004 0546     		mov	r5, r0
 327              		.loc 1 105 5 view .LVU81
 328 0006 07E0     		b	.L32
 329              	.LVL28:
 330              	.L33:
 106:HARDWARE/DHT11/dht11.c ****     {
 107:HARDWARE/DHT11/dht11.c ****         dat <<= 1;  // 左移一位
 331              		.loc 1 107 9 is_stmt 1 view .LVU82
 332              		.loc 1 107 13 is_stmt 0 view .LVU83
 333 0008 4000     		lsls	r0, r0, #1
 334              	.LVL29:
 335              		.loc 1 107 13 view .LVU84
 336 000a C4B2     		uxtb	r4, r0
 337              	.LVL30:
ARM GAS  C:\Users\31687\AppData\Local\Temp\ccCUx4FH.s 			page 9


 108:HARDWARE/DHT11/dht11.c ****         dat |= DHT11_Read_Bit();  // 读取一位并或运算
 338              		.loc 1 108 9 is_stmt 1 view .LVU85
 339              		.loc 1 108 16 is_stmt 0 view .LVU86
 340 000c FFF7FEFF 		bl	DHT11_Read_Bit
 341              	.LVL31:
 342              		.loc 1 108 13 discriminator 1 view .LVU87
 343 0010 2043     		orrs	r0, r0, r4
 344 0012 C0B2     		uxtb	r0, r0
 345              	.LVL32:
 105:HARDWARE/DHT11/dht11.c ****     {
 346              		.loc 1 105 25 is_stmt 1 discriminator 3 view .LVU88
 347 0014 0135     		adds	r5, r5, #1
 348              	.LVL33:
 105:HARDWARE/DHT11/dht11.c ****     {
 349              		.loc 1 105 25 is_stmt 0 discriminator 3 view .LVU89
 350 0016 EDB2     		uxtb	r5, r5
 351              	.LVL34:
 352              	.L32:
 105:HARDWARE/DHT11/dht11.c ****     {
 353              		.loc 1 105 19 is_stmt 1 discriminator 1 view .LVU90
 354 0018 072D     		cmp	r5, #7
 355 001a F5D9     		bls	.L33
 109:HARDWARE/DHT11/dht11.c ****     }
 110:HARDWARE/DHT11/dht11.c ****     
 111:HARDWARE/DHT11/dht11.c ****     return dat;
 356              		.loc 1 111 5 view .LVU91
 112:HARDWARE/DHT11/dht11.c **** }
 357              		.loc 1 112 1 is_stmt 0 view .LVU92
 358 001c 38BD     		pop	{r3, r4, r5, pc}
 359              		.loc 1 112 1 view .LVU93
 360              		.cfi_endproc
 361              	.LFE32:
 363              		.section	.text.DHT11_Init,"ax",%progbits
 364              		.align	1
 365              		.global	DHT11_Init
 366              		.syntax unified
 367              		.thumb
 368              		.thumb_func
 370              	DHT11_Init:
 371              	.LFB33:
 113:HARDWARE/DHT11/dht11.c **** 
 114:HARDWARE/DHT11/dht11.c **** /**
 115:HARDWARE/DHT11/dht11.c ****  * 初始化DHT11的IO口并检测DHT11的存在
 116:HARDWARE/DHT11/dht11.c ****  * 功能：配置GPIO并检测DHT11是否存在
 117:HARDWARE/DHT11/dht11.c ****  * @param 无
 118:HARDWARE/DHT11/dht11.c ****  * @retval 1: DHT11不存在
 119:HARDWARE/DHT11/dht11.c ****  * @retval 0: DHT11存在
 120:HARDWARE/DHT11/dht11.c ****  */
 121:HARDWARE/DHT11/dht11.c **** u8 DHT11_Init(void)
 122:HARDWARE/DHT11/dht11.c **** {
 372              		.loc 1 122 1 is_stmt 1 view -0
 373              		.cfi_startproc
 374              		@ args = 0, pretend = 0, frame = 8
 375              		@ frame_needed = 0, uses_anonymous_args = 0
 376 0000 30B5     		push	{r4, r5, lr}
 377              	.LCFI4:
 378              		.cfi_def_cfa_offset 12
ARM GAS  C:\Users\31687\AppData\Local\Temp\ccCUx4FH.s 			page 10


 379              		.cfi_offset 4, -12
 380              		.cfi_offset 5, -8
 381              		.cfi_offset 14, -4
 382 0002 83B0     		sub	sp, sp, #12
 383              	.LCFI5:
 384              		.cfi_def_cfa_offset 24
 123:HARDWARE/DHT11/dht11.c ****     GPIO_InitTypeDef GPIO_InitStructure;
 385              		.loc 1 123 5 view .LVU95
 124:HARDWARE/DHT11/dht11.c ****     
 125:HARDWARE/DHT11/dht11.c ****     // 使能GPIOB端口时钟
 126:HARDWARE/DHT11/dht11.c ****     RCC_APB2PeriphClockCmd(RCC_APB2Periph_GPIOB, ENABLE);
 386              		.loc 1 126 5 view .LVU96
 387 0004 0121     		movs	r1, #1
 388 0006 0820     		movs	r0, #8
 389 0008 FFF7FEFF 		bl	RCC_APB2PeriphClockCmd
 390              	.LVL35:
 127:HARDWARE/DHT11/dht11.c ****     
 128:HARDWARE/DHT11/dht11.c ****     // 配置PB12端口
 129:HARDWARE/DHT11/dht11.c ****     GPIO_InitStructure.GPIO_Pin = GPIO_Pin_12;                // PB12
 391              		.loc 1 129 5 view .LVU97
 392              		.loc 1 129 33 is_stmt 0 view .LVU98
 393 000c 4FF48055 		mov	r5, #4096
 394 0010 ADF80450 		strh	r5, [sp, #4]	@ movhi
 130:HARDWARE/DHT11/dht11.c ****     GPIO_InitStructure.GPIO_Mode = GPIO_Mode_Out_PP;          // 推挽输出
 395              		.loc 1 130 5 is_stmt 1 view .LVU99
 396              		.loc 1 130 34 is_stmt 0 view .LVU100
 397 0014 1023     		movs	r3, #16
 398 0016 8DF80730 		strb	r3, [sp, #7]
 131:HARDWARE/DHT11/dht11.c ****     GPIO_InitStructure.GPIO_Speed = GPIO_Speed_50MHz;         // GPIO速度50MHz
 399              		.loc 1 131 5 is_stmt 1 view .LVU101
 400              		.loc 1 131 35 is_stmt 0 view .LVU102
 401 001a 0323     		movs	r3, #3
 402 001c 8DF80630 		strb	r3, [sp, #6]
 132:HARDWARE/DHT11/dht11.c ****     GPIO_Init(GPIOB, &GPIO_InitStructure);                    // 初始化IO口
 403              		.loc 1 132 5 is_stmt 1 view .LVU103
 404 0020 074C     		ldr	r4, .L37
 405 0022 01A9     		add	r1, sp, #4
 406 0024 2046     		mov	r0, r4
 407 0026 FFF7FEFF 		bl	GPIO_Init
 408              	.LVL36:
 133:HARDWARE/DHT11/dht11.c ****     GPIO_SetBits(GPIOB, GPIO_Pin_12);                         // PB12输出高
 409              		.loc 1 133 5 view .LVU104
 410 002a 2946     		mov	r1, r5
 411 002c 2046     		mov	r0, r4
 412 002e FFF7FEFF 		bl	GPIO_SetBits
 413              	.LVL37:
 134:HARDWARE/DHT11/dht11.c ****     
 135:HARDWARE/DHT11/dht11.c ****     DHT11_Rst();  // 复位DHT11
 414              		.loc 1 135 5 view .LVU105
 415 0032 FFF7FEFF 		bl	DHT11_Rst
 416              	.LVL38:
 136:HARDWARE/DHT11/dht11.c ****     return DHT11_Check();  // 等待DHT11的回应
 417              		.loc 1 136 5 view .LVU106
 418              		.loc 1 136 12 is_stmt 0 view .LVU107
 419 0036 FFF7FEFF 		bl	DHT11_Check
 420              	.LVL39:
 137:HARDWARE/DHT11/dht11.c **** }
ARM GAS  C:\Users\31687\AppData\Local\Temp\ccCUx4FH.s 			page 11


 421              		.loc 1 137 1 view .LVU108
 422 003a 03B0     		add	sp, sp, #12
 423              	.LCFI6:
 424              		.cfi_def_cfa_offset 12
 425              		@ sp needed
 426 003c 30BD     		pop	{r4, r5, pc}
 427              	.L38:
 428 003e 00BF     		.align	2
 429              	.L37:
 430 0040 000C0140 		.word	1073810432
 431              		.cfi_endproc
 432              	.LFE33:
 434              		.section	.text.Read_DHT11,"ax",%progbits
 435              		.align	1
 436              		.global	Read_DHT11
 437              		.syntax unified
 438              		.thumb
 439              		.thumb_func
 441              	Read_DHT11:
 442              	.LVL40:
 443              	.LFB34:
 138:HARDWARE/DHT11/dht11.c **** 
 139:HARDWARE/DHT11/dht11.c **** /**
 140:HARDWARE/DHT11/dht11.c ****  * 读取DHT11温湿度数据
 141:HARDWARE/DHT11/dht11.c ****  * 功能：从DHT11读取温湿度数据并存储到结构体中
 142:HARDWARE/DHT11/dht11.c ****  * @param DHT11_Data 温湿度数据结构体指针
 143:HARDWARE/DHT11/dht11.c ****  * @retval SUCCESS: 读取成功
 144:HARDWARE/DHT11/dht11.c ****  * @retval ERROR: 读取失败
 145:HARDWARE/DHT11/dht11.c ****  */
 146:HARDWARE/DHT11/dht11.c **** uint8_t Read_DHT11(DHT11_Data_TypeDef *DHT11_Data)
 147:HARDWARE/DHT11/dht11.c **** {
 444              		.loc 1 147 1 is_stmt 1 view -0
 445              		.cfi_startproc
 446              		@ args = 0, pretend = 0, frame = 8
 447              		@ frame_needed = 0, uses_anonymous_args = 0
 448              		.loc 1 147 1 is_stmt 0 view .LVU110
 449 0000 70B5     		push	{r4, r5, r6, lr}
 450              	.LCFI7:
 451              		.cfi_def_cfa_offset 16
 452              		.cfi_offset 4, -16
 453              		.cfi_offset 5, -12
 454              		.cfi_offset 6, -8
 455              		.cfi_offset 14, -4
 456 0002 82B0     		sub	sp, sp, #8
 457              	.LCFI8:
 458              		.cfi_def_cfa_offset 24
 459 0004 0546     		mov	r5, r0
 148:HARDWARE/DHT11/dht11.c ****     u8 buf[5];
 460              		.loc 1 148 5 is_stmt 1 view .LVU111
 149:HARDWARE/DHT11/dht11.c ****     u8 i;
 461              		.loc 1 149 5 view .LVU112
 150:HARDWARE/DHT11/dht11.c ****     
 151:HARDWARE/DHT11/dht11.c ****     DHT11_Rst();  // 复位DHT11
 462              		.loc 1 151 5 view .LVU113
 463 0006 FFF7FEFF 		bl	DHT11_Rst
 464              	.LVL41:
 152:HARDWARE/DHT11/dht11.c ****     
ARM GAS  C:\Users\31687\AppData\Local\Temp\ccCUx4FH.s 			page 12


 153:HARDWARE/DHT11/dht11.c ****     if (DHT11_Check() == 0)  // DHT11响应
 465              		.loc 1 153 5 view .LVU114
 466              		.loc 1 153 9 is_stmt 0 view .LVU115
 467 000a FFF7FEFF 		bl	DHT11_Check
 468              	.LVL42:
 469              		.loc 1 153 8 discriminator 1 view .LVU116
 470 000e 10B9     		cbnz	r0, .L46
 471 0010 0646     		mov	r6, r0
 154:HARDWARE/DHT11/dht11.c ****     {
 155:HARDWARE/DHT11/dht11.c ****         for (i = 0; i < 5; i++)  // 读取40位数据
 472              		.loc 1 155 16 view .LVU117
 473 0012 0446     		mov	r4, r0
 474 0014 0AE0     		b	.L40
 475              	.L46:
 156:HARDWARE/DHT11/dht11.c ****         {
 157:HARDWARE/DHT11/dht11.c ****             buf[i] = DHT11_Read_Byte();
 158:HARDWARE/DHT11/dht11.c ****         }
 159:HARDWARE/DHT11/dht11.c ****         
 160:HARDWARE/DHT11/dht11.c ****         // 检查校验和
 161:HARDWARE/DHT11/dht11.c ****         if ((buf[0] + buf[1] + buf[2] + buf[3]) == buf[4])
 162:HARDWARE/DHT11/dht11.c ****         {
 163:HARDWARE/DHT11/dht11.c ****             DHT11_Data->humi_int = buf[0];     // 湿度整数部分
 164:HARDWARE/DHT11/dht11.c ****             DHT11_Data->humi_deci = buf[1];    // 湿度小数部分
 165:HARDWARE/DHT11/dht11.c ****             DHT11_Data->temp_int = buf[2];     // 温度整数部分
 166:HARDWARE/DHT11/dht11.c ****             DHT11_Data->temp_deci = buf[3];    // 温度小数部分
 167:HARDWARE/DHT11/dht11.c ****             DHT11_Data->check_sum = buf[4];    // 校验和
 168:HARDWARE/DHT11/dht11.c ****         }
 169:HARDWARE/DHT11/dht11.c ****     } else return 1;  // 未检测到DHT11
 476              		.loc 1 169 19 view .LVU118
 477 0016 0126     		movs	r6, #1
 478 0018 24E0     		b	.L41
 479              	.LVL43:
 480              	.L42:
 157:HARDWARE/DHT11/dht11.c ****         }
 481              		.loc 1 157 13 is_stmt 1 view .LVU119
 157:HARDWARE/DHT11/dht11.c ****         }
 482              		.loc 1 157 22 is_stmt 0 view .LVU120
 483 001a FFF7FEFF 		bl	DHT11_Read_Byte
 484              	.LVL44:
 157:HARDWARE/DHT11/dht11.c ****         }
 485              		.loc 1 157 20 discriminator 1 view .LVU121
 486 001e 04F10803 		add	r3, r4, #8
 487 0022 6B44     		add	r3, sp, r3
 488 0024 03F8080C 		strb	r0, [r3, #-8]
 155:HARDWARE/DHT11/dht11.c ****         {
 489              		.loc 1 155 29 is_stmt 1 discriminator 3 view .LVU122
 490 0028 0134     		adds	r4, r4, #1
 491              	.LVL45:
 155:HARDWARE/DHT11/dht11.c ****         {
 492              		.loc 1 155 29 is_stmt 0 discriminator 3 view .LVU123
 493 002a E4B2     		uxtb	r4, r4
 494              	.LVL46:
 495              	.L40:
 155:HARDWARE/DHT11/dht11.c ****         {
 496              		.loc 1 155 23 is_stmt 1 discriminator 1 view .LVU124
 497 002c 042C     		cmp	r4, #4
 498 002e F4D9     		bls	.L42
ARM GAS  C:\Users\31687\AppData\Local\Temp\ccCUx4FH.s 			page 13


 161:HARDWARE/DHT11/dht11.c ****         {
 499              		.loc 1 161 9 view .LVU125
 161:HARDWARE/DHT11/dht11.c ****         {
 500              		.loc 1 161 17 is_stmt 0 view .LVU126
 501 0030 9DF800C0 		ldrb	ip, [sp]	@ zero_extendqisi2
 161:HARDWARE/DHT11/dht11.c ****         {
 502              		.loc 1 161 26 view .LVU127
 503 0034 9DF80140 		ldrb	r4, [sp, #1]	@ zero_extendqisi2
 504              	.LVL47:
 161:HARDWARE/DHT11/dht11.c ****         {
 505              		.loc 1 161 21 view .LVU128
 506 0038 0CEB0403 		add	r3, ip, r4
 161:HARDWARE/DHT11/dht11.c ****         {
 507              		.loc 1 161 35 view .LVU129
 508 003c 9DF80200 		ldrb	r0, [sp, #2]	@ zero_extendqisi2
 161:HARDWARE/DHT11/dht11.c ****         {
 509              		.loc 1 161 30 view .LVU130
 510 0040 0344     		add	r3, r3, r0
 161:HARDWARE/DHT11/dht11.c ****         {
 511              		.loc 1 161 44 view .LVU131
 512 0042 9DF80310 		ldrb	r1, [sp, #3]	@ zero_extendqisi2
 161:HARDWARE/DHT11/dht11.c ****         {
 513              		.loc 1 161 39 view .LVU132
 514 0046 0B44     		add	r3, r3, r1
 161:HARDWARE/DHT11/dht11.c ****         {
 515              		.loc 1 161 55 view .LVU133
 516 0048 9DF80420 		ldrb	r2, [sp, #4]	@ zero_extendqisi2
 161:HARDWARE/DHT11/dht11.c ****         {
 517              		.loc 1 161 12 view .LVU134
 518 004c 9342     		cmp	r3, r2
 519 004e 0CD0     		beq	.L47
 520              	.L43:
 170:HARDWARE/DHT11/dht11.c ****     
 171:HARDWARE/DHT11/dht11.c ****     /* 检查读取的数据是否正确 */
 172:HARDWARE/DHT11/dht11.c ****     if (DHT11_Data->check_sum == DHT11_Data->humi_int + DHT11_Data->humi_deci + DHT11_Data->temp_in
 521              		.loc 1 172 5 is_stmt 1 view .LVU135
 522              		.loc 1 172 19 is_stmt 0 view .LVU136
 523 0050 2A79     		ldrb	r2, [r5, #4]	@ zero_extendqisi2
 524              		.loc 1 172 44 view .LVU137
 525 0052 2B78     		ldrb	r3, [r5]	@ zero_extendqisi2
 526              		.loc 1 172 67 view .LVU138
 527 0054 6978     		ldrb	r1, [r5, #1]	@ zero_extendqisi2
 528              		.loc 1 172 55 view .LVU139
 529 0056 0B44     		add	r3, r3, r1
 530              		.loc 1 172 91 view .LVU140
 531 0058 A978     		ldrb	r1, [r5, #2]	@ zero_extendqisi2
 532              		.loc 1 172 79 view .LVU141
 533 005a 0B44     		add	r3, r3, r1
 534              		.loc 1 172 114 view .LVU142
 535 005c E978     		ldrb	r1, [r5, #3]	@ zero_extendqisi2
 536              		.loc 1 172 102 view .LVU143
 537 005e 0B44     		add	r3, r3, r1
 538              		.loc 1 172 8 view .LVU144
 539 0060 9A42     		cmp	r2, r3
 540 0062 09D0     		beq	.L48
 541              	.LVL48:
 542              	.L41:
ARM GAS  C:\Users\31687\AppData\Local\Temp\ccCUx4FH.s 			page 14


 173:HARDWARE/DHT11/dht11.c ****         return SUCCESS;  // 校验成功
 174:HARDWARE/DHT11/dht11.c ****     else
 175:HARDWARE/DHT11/dht11.c ****         return ERROR;     // 校验失败
 176:HARDWARE/DHT11/dht11.c **** }
 543              		.loc 1 176 1 view .LVU145
 544 0064 3046     		mov	r0, r6
 545 0066 02B0     		add	sp, sp, #8
 546              	.LCFI9:
 547              		.cfi_remember_state
 548              		.cfi_def_cfa_offset 16
 549              		@ sp needed
 550 0068 70BD     		pop	{r4, r5, r6, pc}
 551              	.LVL49:
 552              	.L47:
 553              	.LCFI10:
 554              		.cfi_restore_state
 163:HARDWARE/DHT11/dht11.c ****             DHT11_Data->humi_deci = buf[1];    // 湿度小数部分
 555              		.loc 1 163 13 is_stmt 1 view .LVU146
 163:HARDWARE/DHT11/dht11.c ****             DHT11_Data->humi_deci = buf[1];    // 湿度小数部分
 556              		.loc 1 163 34 is_stmt 0 view .LVU147
 557 006a 85F800C0 		strb	ip, [r5]
 164:HARDWARE/DHT11/dht11.c ****             DHT11_Data->temp_int = buf[2];     // 温度整数部分
 558              		.loc 1 164 13 is_stmt 1 view .LVU148
 164:HARDWARE/DHT11/dht11.c ****             DHT11_Data->temp_int = buf[2];     // 温度整数部分
 559              		.loc 1 164 35 is_stmt 0 view .LVU149
 560 006e 6C70     		strb	r4, [r5, #1]
 165:HARDWARE/DHT11/dht11.c ****             DHT11_Data->temp_deci = buf[3];    // 温度小数部分
 561              		.loc 1 165 13 is_stmt 1 view .LVU150
 165:HARDWARE/DHT11/dht11.c ****             DHT11_Data->temp_deci = buf[3];    // 温度小数部分
 562              		.loc 1 165 34 is_stmt 0 view .LVU151
 563 0070 A870     		strb	r0, [r5, #2]
 166:HARDWARE/DHT11/dht11.c ****             DHT11_Data->check_sum = buf[4];    // 校验和
 564              		.loc 1 166 13 is_stmt 1 view .LVU152
 166:HARDWARE/DHT11/dht11.c ****             DHT11_Data->check_sum = buf[4];    // 校验和
 565              		.loc 1 166 35 is_stmt 0 view .LVU153
 566 0072 E970     		strb	r1, [r5, #3]
 167:HARDWARE/DHT11/dht11.c ****         }
 567              		.loc 1 167 13 is_stmt 1 view .LVU154
 167:HARDWARE/DHT11/dht11.c ****         }
 568              		.loc 1 167 35 is_stmt 0 view .LVU155
 569 0074 2A71     		strb	r2, [r5, #4]
 570 0076 EBE7     		b	.L43
 571              	.L48:
 173:HARDWARE/DHT11/dht11.c ****     else
 572              		.loc 1 173 16 view .LVU156
 573 0078 0126     		movs	r6, #1
 574 007a F3E7     		b	.L41
 575              		.cfi_endproc
 576              	.LFE34:
 578              		.text
 579              	.Letext0:
 580              		.file 2 "D:\\Study\\EmbeddedSystem\\STM32Cube\\STM32CubeCLT_1.20.0\\GNU-tools-for-STM32\\bin/../li
 581              		.file 3 "D:\\Study\\EmbeddedSystem\\STM32Cube\\STM32CubeCLT_1.20.0\\GNU-tools-for-STM32\\bin/../li
 582              		.file 4 "USER/stm32f10x.h"
 583              		.file 5 "STM32F10x_FWLib/inc/stm32f10x_gpio.h"
 584              		.file 6 "HARDWARE/DHT11/dht11.h"
 585              		.file 7 "STM32F10x_FWLib/inc/stm32f10x_rcc.h"
ARM GAS  C:\Users\31687\AppData\Local\Temp\ccCUx4FH.s 			page 15


 586              		.file 8 "SYSTEM/delay/delay.h"
ARM GAS  C:\Users\31687\AppData\Local\Temp\ccCUx4FH.s 			page 16


DEFINED SYMBOLS
                            *ABS*:00000000 dht11.c
C:\Users\31687\AppData\Local\Temp\ccCUx4FH.s:19     .text.DHT11_Rst:00000000 $t
C:\Users\31687\AppData\Local\Temp\ccCUx4FH.s:25     .text.DHT11_Rst:00000000 DHT11_Rst
C:\Users\31687\AppData\Local\Temp\ccCUx4FH.s:68     .text.DHT11_Rst:00000030 $d
C:\Users\31687\AppData\Local\Temp\ccCUx4FH.s:74     .text.DHT11_Check:00000000 $t
C:\Users\31687\AppData\Local\Temp\ccCUx4FH.s:80     .text.DHT11_Check:00000000 DHT11_Check
C:\Users\31687\AppData\Local\Temp\ccCUx4FH.s:184    .text.DHT11_Check:0000005c $d
C:\Users\31687\AppData\Local\Temp\ccCUx4FH.s:190    .text.DHT11_Read_Bit:00000000 $t
C:\Users\31687\AppData\Local\Temp\ccCUx4FH.s:196    .text.DHT11_Read_Bit:00000000 DHT11_Read_Bit
C:\Users\31687\AppData\Local\Temp\ccCUx4FH.s:295    .text.DHT11_Read_Bit:00000050 $d
C:\Users\31687\AppData\Local\Temp\ccCUx4FH.s:300    .text.DHT11_Read_Byte:00000000 $t
C:\Users\31687\AppData\Local\Temp\ccCUx4FH.s:306    .text.DHT11_Read_Byte:00000000 DHT11_Read_Byte
C:\Users\31687\AppData\Local\Temp\ccCUx4FH.s:364    .text.DHT11_Init:00000000 $t
C:\Users\31687\AppData\Local\Temp\ccCUx4FH.s:370    .text.DHT11_Init:00000000 DHT11_Init
C:\Users\31687\AppData\Local\Temp\ccCUx4FH.s:430    .text.DHT11_Init:00000040 $d
C:\Users\31687\AppData\Local\Temp\ccCUx4FH.s:435    .text.Read_DHT11:00000000 $t
C:\Users\31687\AppData\Local\Temp\ccCUx4FH.s:441    .text.Read_DHT11:00000000 Read_DHT11

UNDEFINED SYMBOLS
delay_ms
delay_us
RCC_APB2PeriphClockCmd
GPIO_Init
GPIO_SetBits
