ARM GAS  C:\Users\31687\AppData\Local\Temp\ccvEV5BH.s 			page 1


   1              		.cpu cortex-m3
   2              		.arch armv7-m
   3              		.fpu softvfp
   4              		.eabi_attribute 20, 1
   5              		.eabi_attribute 21, 1
   6              		.eabi_attribute 23, 3
   7              		.eabi_attribute 24, 1
   8              		.eabi_attribute 25, 1
   9              		.eabi_attribute 26, 1
  10              		.eabi_attribute 30, 1
  11              		.eabi_attribute 34, 1
  12              		.eabi_attribute 18, 4
  13              		.file	"led.c"
  14              		.text
  15              	.Ltext0:
  16              		.cfi_sections	.debug_frame
  17              		.file 1 "HARDWARE/LED/led.c"
  18              		.section	.text.LED_Init,"ax",%progbits
  19              		.align	1
  20              		.global	LED_Init
  21              		.syntax unified
  22              		.thumb
  23              		.thumb_func
  25              	LED_Init:
  26              	.LFB29:
   1:HARDWARE/LED/led.c **** /**
   2:HARDWARE/LED/led.c ****  * led.c
   3:HARDWARE/LED/led.c ****  * LED驱动文件
   4:HARDWARE/LED/led.c ****  * 功能：实现LED、蜂鸣器和水泵的初始化
   5:HARDWARE/LED/led.c ****  * 版本：V1.0
   6:HARDWARE/LED/led.c ****  * MCU：STM32F103C8T6
   7:HARDWARE/LED/led.c ****  * 作者：蔬菜恒温库监控系统
   8:HARDWARE/LED/led.c ****  * 日期：2026-03-08
   9:HARDWARE/LED/led.c ****  */
  10:HARDWARE/LED/led.c **** 
  11:HARDWARE/LED/led.c **** #include "led.h"
  12:HARDWARE/LED/led.c **** 
  13:HARDWARE/LED/led.c **** /**
  14:HARDWARE/LED/led.c ****  * LED初始化函数
  15:HARDWARE/LED/led.c ****  * 功能：初始化LED、蜂鸣器和水泵的GPIO引脚
  16:HARDWARE/LED/led.c ****  * @param 无
  17:HARDWARE/LED/led.c ****  * @retval 无
  18:HARDWARE/LED/led.c ****  * @note 初始化PA8(蜂鸣器)、PB11(水泵)、PB15(补光灯)
  19:HARDWARE/LED/led.c ****  */
  20:HARDWARE/LED/led.c **** void LED_Init(void)
  21:HARDWARE/LED/led.c **** {
  27              		.loc 1 21 1 view -0
  28              		.cfi_startproc
  29              		@ args = 0, pretend = 0, frame = 8
  30              		@ frame_needed = 0, uses_anonymous_args = 0
  31 0000 30B5     		push	{r4, r5, lr}
  32              	.LCFI0:
  33              		.cfi_def_cfa_offset 12
  34              		.cfi_offset 4, -12
  35              		.cfi_offset 5, -8
  36              		.cfi_offset 14, -4
  37 0002 83B0     		sub	sp, sp, #12
ARM GAS  C:\Users\31687\AppData\Local\Temp\ccvEV5BH.s 			page 2


  38              	.LCFI1:
  39              		.cfi_def_cfa_offset 24
  22:HARDWARE/LED/led.c **** 	GPIO_InitTypeDef GPIO_InitStructure;
  40              		.loc 1 22 2 view .LVU1
  23:HARDWARE/LED/led.c ****   
  24:HARDWARE/LED/led.c **** 	// 使能GPIOA、GPIOB、GPIOC和AFIO时钟
  25:HARDWARE/LED/led.c **** 	RCC_APB2PeriphClockCmd(RCC_APB2Periph_GPIOA | RCC_APB2Periph_GPIOB | RCC_APB2Periph_GPIOC | RCC_AP
  41              		.loc 1 25 2 view .LVU2
  42 0004 0121     		movs	r1, #1
  43 0006 1D20     		movs	r0, #29
  44 0008 FFF7FEFF 		bl	RCC_APB2PeriphClockCmd
  45              	.LVL0:
  26:HARDWARE/LED/led.c **** 	
  27:HARDWARE/LED/led.c **** 	// 禁用JTAG功能，释放相关引脚
  28:HARDWARE/LED/led.c **** 	GPIO_PinRemapConfig(GPIO_Remap_SWJ_JTAGDisable, ENABLE);
  46              		.loc 1 28 2 view .LVU3
  47 000c 0121     		movs	r1, #1
  48 000e 0F48     		ldr	r0, .L3
  49 0010 FFF7FEFF 		bl	GPIO_PinRemapConfig
  50              	.LVL1:
  29:HARDWARE/LED/led.c **** 	
  30:HARDWARE/LED/led.c **** 	// 初始化PA8 (蜂鸣器)
  31:HARDWARE/LED/led.c **** 	GPIO_InitStructure.GPIO_Pin = GPIO_Pin_8; 	
  51              		.loc 1 31 2 view .LVU4
  52              		.loc 1 31 30 is_stmt 0 view .LVU5
  53 0014 4FF48073 		mov	r3, #256
  54 0018 ADF80430 		strh	r3, [sp, #4]	@ movhi
  32:HARDWARE/LED/led.c ****   	GPIO_InitStructure.GPIO_Mode = GPIO_Mode_Out_PP; 		 // 推挽输出
  55              		.loc 1 32 4 is_stmt 1 view .LVU6
  56              		.loc 1 32 33 is_stmt 0 view .LVU7
  57 001c 1025     		movs	r5, #16
  58 001e 8DF80750 		strb	r5, [sp, #7]
  33:HARDWARE/LED/led.c **** 	GPIO_InitStructure.GPIO_Speed = GPIO_Speed_50MHz;  // 速度50MHz
  59              		.loc 1 33 2 is_stmt 1 view .LVU8
  60              		.loc 1 33 32 is_stmt 0 view .LVU9
  61 0022 0324     		movs	r4, #3
  62 0024 8DF80640 		strb	r4, [sp, #6]
  34:HARDWARE/LED/led.c ****   	GPIO_Init(GPIOA, &GPIO_InitStructure);	  // 初始化GPIOA
  63              		.loc 1 34 4 is_stmt 1 view .LVU10
  64 0028 01A9     		add	r1, sp, #4
  65 002a 0948     		ldr	r0, .L3+4
  66 002c FFF7FEFF 		bl	GPIO_Init
  67              	.LVL2:
  35:HARDWARE/LED/led.c ****  
  36:HARDWARE/LED/led.c **** 	// 初始化PB11(水泵)和PB15(补光灯)
  37:HARDWARE/LED/led.c **** 	GPIO_InitStructure.GPIO_Pin = GPIO_Pin_11 | GPIO_Pin_15; 	
  68              		.loc 1 37 2 view .LVU11
  69              		.loc 1 37 30 is_stmt 0 view .LVU12
  70 0030 4FF40843 		mov	r3, #34816
  71 0034 ADF80430 		strh	r3, [sp, #4]	@ movhi
  38:HARDWARE/LED/led.c ****   	GPIO_InitStructure.GPIO_Mode = GPIO_Mode_Out_PP; 		 // 推挽输出
  72              		.loc 1 38 4 is_stmt 1 view .LVU13
  73              		.loc 1 38 33 is_stmt 0 view .LVU14
  74 0038 8DF80750 		strb	r5, [sp, #7]
  39:HARDWARE/LED/led.c **** 	GPIO_InitStructure.GPIO_Speed = GPIO_Speed_50MHz;  // 速度50MHz
  75              		.loc 1 39 2 is_stmt 1 view .LVU15
  76              		.loc 1 39 32 is_stmt 0 view .LVU16
ARM GAS  C:\Users\31687\AppData\Local\Temp\ccvEV5BH.s 			page 3


  77 003c 8DF80640 		strb	r4, [sp, #6]
  40:HARDWARE/LED/led.c ****   	GPIO_Init(GPIOB, &GPIO_InitStructure);	  // 初始化GPIOB
  78              		.loc 1 40 4 is_stmt 1 view .LVU17
  79 0040 01A9     		add	r1, sp, #4
  80 0042 0448     		ldr	r0, .L3+8
  81 0044 FFF7FEFF 		bl	GPIO_Init
  82              	.LVL3:
  41:HARDWARE/LED/led.c **** }
  83              		.loc 1 41 1 is_stmt 0 view .LVU18
  84 0048 03B0     		add	sp, sp, #12
  85              	.LCFI2:
  86              		.cfi_def_cfa_offset 12
  87              		@ sp needed
  88 004a 30BD     		pop	{r4, r5, pc}
  89              	.L4:
  90              		.align	2
  91              	.L3:
  92 004c 00023000 		.word	3146240
  93 0050 00080140 		.word	1073809408
  94 0054 000C0140 		.word	1073810432
  95              		.cfi_endproc
  96              	.LFE29:
  98              		.text
  99              	.Letext0:
 100              		.file 2 "D:\\Study\\EmbeddedSystem\\STM32Cube\\STM32CubeCLT_1.20.0\\GNU-tools-for-STM32\\bin/../li
 101              		.file 3 "D:\\Study\\EmbeddedSystem\\STM32Cube\\STM32CubeCLT_1.20.0\\GNU-tools-for-STM32\\bin/../li
 102              		.file 4 "USER/stm32f10x.h"
 103              		.file 5 "STM32F10x_FWLib/inc/stm32f10x_gpio.h"
 104              		.file 6 "STM32F10x_FWLib/inc/stm32f10x_rcc.h"
ARM GAS  C:\Users\31687\AppData\Local\Temp\ccvEV5BH.s 			page 4


DEFINED SYMBOLS
                            *ABS*:00000000 led.c
C:\Users\31687\AppData\Local\Temp\ccvEV5BH.s:19     .text.LED_Init:00000000 $t
C:\Users\31687\AppData\Local\Temp\ccvEV5BH.s:25     .text.LED_Init:00000000 LED_Init
C:\Users\31687\AppData\Local\Temp\ccvEV5BH.s:92     .text.LED_Init:0000004c $d

UNDEFINED SYMBOLS
RCC_APB2PeriphClockCmd
GPIO_PinRemapConfig
GPIO_Init
