ARM GAS  C:\Users\31687\AppData\Local\Temp\ccfCOtxC.s 			page 1


   1              		.cpu cortex-m3
   2              		.arch armv7-m
   3              		.fpu softvfp
   4              		.eabi_attribute 20, 1
   5              		.eabi_attribute 21, 1
   6              		.eabi_attribute 23, 3
   7              		.eabi_attribute 24, 1
   8              		.eabi_attribute 25, 1
   9              		.eabi_attribute 26, 1
  10              		.eabi_attribute 30, 1
  11              		.eabi_attribute 34, 1
  12              		.eabi_attribute 18, 4
  13              		.file	"mq135.c"
  14              		.text
  15              	.Ltext0:
  16              		.cfi_sections	.debug_frame
  17              		.file 1 "HARDWARE/MQ-135/mq135.c"
  18              		.section	.text.MQ135_Init,"ax",%progbits
  19              		.align	1
  20              		.global	MQ135_Init
  21              		.syntax unified
  22              		.thumb
  23              		.thumb_func
  25              	MQ135_Init:
  26              	.LFB29:
   1:HARDWARE/MQ-135/mq135.c **** /**
   2:HARDWARE/MQ-135/mq135.c ****  * mq135.c
   3:HARDWARE/MQ-135/mq135.c ****  * MQ-135空气质量传感器驱动文件
   4:HARDWARE/MQ-135/mq135.c ****  * 功能：实现MQ-135传感器的初始化和数据读取
   5:HARDWARE/MQ-135/mq135.c ****  * 版本：V1.0
   6:HARDWARE/MQ-135/mq135.c ****  * MCU：STM32F103C8T6
   7:HARDWARE/MQ-135/mq135.c ****  * 作者：辰哥单片机设计
   8:HARDWARE/MQ-135/mq135.c ****  * 日期：2024.8.23
   9:HARDWARE/MQ-135/mq135.c ****  * 项目：蔬菜恒温库监控系统
  10:HARDWARE/MQ-135/mq135.c ****  */
  11:HARDWARE/MQ-135/mq135.c **** 
  12:HARDWARE/MQ-135/mq135.c **** #include "mq135.h"
  13:HARDWARE/MQ-135/mq135.c **** 
  14:HARDWARE/MQ-135/mq135.c **** /**
  15:HARDWARE/MQ-135/mq135.c ****  * MQ135传感器初始化函数
  16:HARDWARE/MQ-135/mq135.c ****  * 功能：根据工作模式初始化相应的硬件接口
  17:HARDWARE/MQ-135/mq135.c ****  * @param 无
  18:HARDWARE/MQ-135/mq135.c ****  * @retval 无
  19:HARDWARE/MQ-135/mq135.c ****  * @note 根据MODE宏定义选择初始化方式：
  20:HARDWARE/MQ-135/mq135.c ****  *       MODE=1: 初始化模拟输出引脚（AO）和ADC
  21:HARDWARE/MQ-135/mq135.c ****  *       MODE=0: 初始化数字输出引脚（DO）
  22:HARDWARE/MQ-135/mq135.c ****  */
  23:HARDWARE/MQ-135/mq135.c **** void MQ135_Init(void)
  24:HARDWARE/MQ-135/mq135.c **** {
  27              		.loc 1 24 1 view -0
  28              		.cfi_startproc
  29              		@ args = 0, pretend = 0, frame = 8
  30              		@ frame_needed = 0, uses_anonymous_args = 0
  31 0000 00B5     		push	{lr}
  32              	.LCFI0:
  33              		.cfi_def_cfa_offset 4
  34              		.cfi_offset 14, -4
ARM GAS  C:\Users\31687\AppData\Local\Temp\ccfCOtxC.s 			page 2


  35 0002 83B0     		sub	sp, sp, #12
  36              	.LCFI1:
  37              		.cfi_def_cfa_offset 16
  38              	.LBB2:
  25:HARDWARE/MQ-135/mq135.c **** 	#if MODE
  26:HARDWARE/MQ-135/mq135.c **** 	{
  27:HARDWARE/MQ-135/mq135.c **** 		GPIO_InitTypeDef GPIO_InitStructure;
  39              		.loc 1 27 3 view .LVU1
  28:HARDWARE/MQ-135/mq135.c **** 		
  29:HARDWARE/MQ-135/mq135.c **** 		// 打开ADC IO端口时钟
  30:HARDWARE/MQ-135/mq135.c **** 		RCC_APB2PeriphClockCmd(MQ135_AO_GPIO_CLK, ENABLE);
  40              		.loc 1 30 3 view .LVU2
  41 0004 0121     		movs	r1, #1
  42 0006 0420     		movs	r0, #4
  43 0008 FFF7FEFF 		bl	RCC_APB2PeriphClockCmd
  44              	.LVL0:
  31:HARDWARE/MQ-135/mq135.c **** 		
  32:HARDWARE/MQ-135/mq135.c **** 		// 配置ADC IO引脚模式
  33:HARDWARE/MQ-135/mq135.c **** 		GPIO_InitStructure.GPIO_Pin = MQ135_AO_GPIO_PIN;
  45              		.loc 1 33 3 view .LVU3
  46              		.loc 1 33 31 is_stmt 0 view .LVU4
  47 000c 1023     		movs	r3, #16
  48 000e ADF80430 		strh	r3, [sp, #4]	@ movhi
  34:HARDWARE/MQ-135/mq135.c **** 		GPIO_InitStructure.GPIO_Mode = GPIO_Mode_AIN; // 设置为模拟输入
  49              		.loc 1 34 3 is_stmt 1 view .LVU5
  50              		.loc 1 34 32 is_stmt 0 view .LVU6
  51 0012 0023     		movs	r3, #0
  52 0014 8DF80730 		strb	r3, [sp, #7]
  35:HARDWARE/MQ-135/mq135.c **** 		
  36:HARDWARE/MQ-135/mq135.c **** 		// 初始化ADC IO
  37:HARDWARE/MQ-135/mq135.c **** 		GPIO_Init(MQ135_AO_GPIO_PORT, &GPIO_InitStructure);
  53              		.loc 1 37 3 is_stmt 1 view .LVU7
  54 0018 01A9     		add	r1, sp, #4
  55 001a 0448     		ldr	r0, .L3
  56 001c FFF7FEFF 		bl	GPIO_Init
  57              	.LVL1:
  38:HARDWARE/MQ-135/mq135.c **** 
  39:HARDWARE/MQ-135/mq135.c **** 		// 初始化ADC
  40:HARDWARE/MQ-135/mq135.c **** 		ADCx_Init();
  58              		.loc 1 40 3 view .LVU8
  59 0020 FFF7FEFF 		bl	ADCx_Init
  60              	.LVL2:
  61              	.LBE2:
  41:HARDWARE/MQ-135/mq135.c **** 	}
  42:HARDWARE/MQ-135/mq135.c **** 	#else
  43:HARDWARE/MQ-135/mq135.c **** 	{
  44:HARDWARE/MQ-135/mq135.c **** 		GPIO_InitTypeDef GPIO_InitStructure;
  45:HARDWARE/MQ-135/mq135.c **** 		
  46:HARDWARE/MQ-135/mq135.c **** 		// 打开连接传感器DO的单片机引脚端口时钟
  47:HARDWARE/MQ-135/mq135.c **** 		RCC_APB2PeriphClockCmd(MQ135_DO_GPIO_CLK, ENABLE);
  48:HARDWARE/MQ-135/mq135.c **** 		
  49:HARDWARE/MQ-135/mq135.c **** 		// 配置连接传感器DO的单片机引脚模式
  50:HARDWARE/MQ-135/mq135.c **** 		GPIO_InitStructure.GPIO_Pin = MQ135_DO_GPIO_PIN;
  51:HARDWARE/MQ-135/mq135.c **** 		GPIO_InitStructure.GPIO_Mode = GPIO_Mode_IPU; // 设置为上拉输入
  52:HARDWARE/MQ-135/mq135.c **** 		
  53:HARDWARE/MQ-135/mq135.c **** 		// 初始化GPIO
  54:HARDWARE/MQ-135/mq135.c **** 		GPIO_Init(MQ135_DO_GPIO_PORT, &GPIO_InitStructure);
ARM GAS  C:\Users\31687\AppData\Local\Temp\ccfCOtxC.s 			page 3


  55:HARDWARE/MQ-135/mq135.c **** 	}
  56:HARDWARE/MQ-135/mq135.c **** 	#endif
  57:HARDWARE/MQ-135/mq135.c **** }
  62              		.loc 1 57 1 is_stmt 0 view .LVU9
  63 0024 03B0     		add	sp, sp, #12
  64              	.LCFI2:
  65              		.cfi_def_cfa_offset 4
  66              		@ sp needed
  67 0026 5DF804FB 		ldr	pc, [sp], #4
  68              	.L4:
  69 002a 00BF     		.align	2
  70              	.L3:
  71 002c 00080140 		.word	1073809408
  72              		.cfi_endproc
  73              	.LFE29:
  75              		.section	.text.MQ135_ADC_Read,"ax",%progbits
  76              		.align	1
  77              		.global	MQ135_ADC_Read
  78              		.syntax unified
  79              		.thumb
  80              		.thumb_func
  82              	MQ135_ADC_Read:
  83              	.LFB30:
  58:HARDWARE/MQ-135/mq135.c **** 
  59:HARDWARE/MQ-135/mq135.c **** #if MODE
  60:HARDWARE/MQ-135/mq135.c **** /**
  61:HARDWARE/MQ-135/mq135.c ****  * MQ135 ADC读取函数
  62:HARDWARE/MQ-135/mq135.c ****  * 功能：读取MQ135传感器的ADC值
  63:HARDWARE/MQ-135/mq135.c ****  * @param 无
  64:HARDWARE/MQ-135/mq135.c ****  * @retval uint16_t ADC转换值
  65:HARDWARE/MQ-135/mq135.c ****  */
  66:HARDWARE/MQ-135/mq135.c **** uint16_t MQ135_ADC_Read(void)
  67:HARDWARE/MQ-135/mq135.c **** {
  84              		.loc 1 67 1 is_stmt 1 view -0
  85              		.cfi_startproc
  86              		@ args = 0, pretend = 0, frame = 0
  87              		@ frame_needed = 0, uses_anonymous_args = 0
  88 0000 08B5     		push	{r3, lr}
  89              	.LCFI3:
  90              		.cfi_def_cfa_offset 8
  91              		.cfi_offset 3, -8
  92              		.cfi_offset 14, -4
  68:HARDWARE/MQ-135/mq135.c **** 	// 设置指定ADC的规则组通道，采样时间
  69:HARDWARE/MQ-135/mq135.c **** 	return ADC_GetValue(ADC_CHANNEL, ADC_SampleTime_55Cycles5);
  93              		.loc 1 69 2 view .LVU11
  94              		.loc 1 69 9 is_stmt 0 view .LVU12
  95 0002 0521     		movs	r1, #5
  96 0004 0420     		movs	r0, #4
  97 0006 FFF7FEFF 		bl	ADC_GetValue
  98              	.LVL3:
  70:HARDWARE/MQ-135/mq135.c **** }
  99              		.loc 1 70 1 view .LVU13
 100 000a 08BD     		pop	{r3, pc}
 101              		.cfi_endproc
 102              	.LFE30:
 104              		.section	.text.MQ135_GetData,"ax",%progbits
 105              		.align	1
ARM GAS  C:\Users\31687\AppData\Local\Temp\ccfCOtxC.s 			page 4


 106              		.global	MQ135_GetData
 107              		.syntax unified
 108              		.thumb
 109              		.thumb_func
 111              	MQ135_GetData:
 112              	.LFB31:
  71:HARDWARE/MQ-135/mq135.c **** #endif
  72:HARDWARE/MQ-135/mq135.c **** 
  73:HARDWARE/MQ-135/mq135.c **** /**
  74:HARDWARE/MQ-135/mq135.c ****  * 获取MQ135传感器数据
  75:HARDWARE/MQ-135/mq135.c ****  * 功能：读取MQ135传感器的原始数据
  76:HARDWARE/MQ-135/mq135.c ****  * @param 无
  77:HARDWARE/MQ-135/mq135.c ****  * @retval uint16_t 传感器原始数据
  78:HARDWARE/MQ-135/mq135.c ****  * @note 根据MODE宏定义选择读取方式：
  79:HARDWARE/MQ-135/mq135.c ****  *       MODE=1: 读取ADC值并取平均值
  80:HARDWARE/MQ-135/mq135.c ****  *       MODE=0: 读取数字引脚状态
  81:HARDWARE/MQ-135/mq135.c ****  */
  82:HARDWARE/MQ-135/mq135.c **** uint16_t MQ135_GetData(void)
  83:HARDWARE/MQ-135/mq135.c **** {
 113              		.loc 1 83 1 is_stmt 1 view -0
 114              		.cfi_startproc
 115              		@ args = 0, pretend = 0, frame = 0
 116              		@ frame_needed = 0, uses_anonymous_args = 0
 117 0000 38B5     		push	{r3, r4, r5, lr}
 118              	.LCFI4:
 119              		.cfi_def_cfa_offset 16
 120              		.cfi_offset 3, -16
 121              		.cfi_offset 4, -12
 122              		.cfi_offset 5, -8
 123              		.cfi_offset 14, -4
  84:HARDWARE/MQ-135/mq135.c **** 	#if MODE
  85:HARDWARE/MQ-135/mq135.c **** 	uint32_t tempData = 0;
 124              		.loc 1 85 2 view .LVU15
 125              	.LVL4:
  86:HARDWARE/MQ-135/mq135.c **** 	
  87:HARDWARE/MQ-135/mq135.c **** 	// 多次采样取平均值以提高精度
  88:HARDWARE/MQ-135/mq135.c **** 	for (uint8_t i = 0; i < MQ135_READ_TIMES; i++)
 126              		.loc 1 88 2 view .LVU16
 127              	.LBB3:
 128              		.loc 1 88 7 view .LVU17
 129              		.loc 1 88 15 is_stmt 0 view .LVU18
 130 0002 0024     		movs	r4, #0
 131              	.LBE3:
  85:HARDWARE/MQ-135/mq135.c **** 	
 132              		.loc 1 85 11 view .LVU19
 133 0004 2546     		mov	r5, r4
 134              	.LBB4:
 135              		.loc 1 88 2 view .LVU20
 136 0006 07E0     		b	.L8
 137              	.LVL5:
 138              	.L9:
  89:HARDWARE/MQ-135/mq135.c **** 	{
  90:HARDWARE/MQ-135/mq135.c **** 		tempData += MQ135_ADC_Read();
 139              		.loc 1 90 3 is_stmt 1 view .LVU21
 140              		.loc 1 90 15 is_stmt 0 view .LVU22
 141 0008 FFF7FEFF 		bl	MQ135_ADC_Read
 142              	.LVL6:
ARM GAS  C:\Users\31687\AppData\Local\Temp\ccfCOtxC.s 			page 5


 143              		.loc 1 90 12 discriminator 1 view .LVU23
 144 000c 0544     		add	r5, r5, r0
 145              	.LVL7:
  91:HARDWARE/MQ-135/mq135.c **** 		delay_ms(5); // 短暂延时
 146              		.loc 1 91 3 is_stmt 1 view .LVU24
 147 000e 0520     		movs	r0, #5
 148 0010 FFF7FEFF 		bl	delay_ms
 149              	.LVL8:
  88:HARDWARE/MQ-135/mq135.c **** 	{
 150              		.loc 1 88 45 discriminator 3 view .LVU25
 151 0014 0134     		adds	r4, r4, #1
 152              	.LVL9:
  88:HARDWARE/MQ-135/mq135.c **** 	{
 153              		.loc 1 88 45 is_stmt 0 discriminator 3 view .LVU26
 154 0016 E4B2     		uxtb	r4, r4
 155              	.LVL10:
 156              	.L8:
  88:HARDWARE/MQ-135/mq135.c **** 	{
 157              		.loc 1 88 24 is_stmt 1 discriminator 1 view .LVU27
 158 0018 092C     		cmp	r4, #9
 159 001a F5D9     		bls	.L9
 160              	.LBE4:
  92:HARDWARE/MQ-135/mq135.c **** 	}
  93:HARDWARE/MQ-135/mq135.c **** 
  94:HARDWARE/MQ-135/mq135.c **** 	tempData /= MQ135_READ_TIMES; // 计算平均值
 161              		.loc 1 94 2 view .LVU28
 162              		.loc 1 94 11 is_stmt 0 view .LVU29
 163 001c 024B     		ldr	r3, .L11
 164 001e A3FB0530 		umull	r3, r0, r3, r5
 165              	.LVL11:
  95:HARDWARE/MQ-135/mq135.c **** 	return tempData;
 166              		.loc 1 95 2 is_stmt 1 view .LVU30
  96:HARDWARE/MQ-135/mq135.c **** 	
  97:HARDWARE/MQ-135/mq135.c **** 	#else
  98:HARDWARE/MQ-135/mq135.c **** 	// 读取数字输出引脚状态
  99:HARDWARE/MQ-135/mq135.c **** 	uint16_t tempData;
 100:HARDWARE/MQ-135/mq135.c **** 	tempData = !GPIO_ReadInputDataBit(MQ135_DO_GPIO_PORT, MQ135_DO_GPIO_PIN);
 101:HARDWARE/MQ-135/mq135.c **** 	return tempData;
 102:HARDWARE/MQ-135/mq135.c **** 	#endif
 103:HARDWARE/MQ-135/mq135.c **** }
 167              		.loc 1 103 1 is_stmt 0 view .LVU31
 168 0022 C0F3CF00 		ubfx	r0, r0, #3, #16
 169              	.LVL12:
 170              		.loc 1 103 1 view .LVU32
 171 0026 38BD     		pop	{r3, r4, r5, pc}
 172              	.LVL13:
 173              	.L12:
 174              		.loc 1 103 1 view .LVU33
 175              		.align	2
 176              	.L11:
 177 0028 CDCCCCCC 		.word	-858993459
 178              		.cfi_endproc
 179              	.LFE31:
 181              		.global	__aeabi_i2f
 182              		.global	__aeabi_fadd
 183              		.global	__aeabi_fdiv
 184              		.global	__aeabi_f2d
ARM GAS  C:\Users\31687\AppData\Local\Temp\ccfCOtxC.s 			page 6


 185              		.global	__aeabi_dmul
 186              		.global	__aeabi_d2f
 187              		.global	__aeabi_dsub
 188              		.global	__aeabi_ddiv
 189              		.section	.text.MQ135_GetData_PPM,"ax",%progbits
 190              		.align	1
 191              		.global	MQ135_GetData_PPM
 192              		.syntax unified
 193              		.thumb
 194              		.thumb_func
 196              	MQ135_GetData_PPM:
 197              	.LFB32:
 104:HARDWARE/MQ-135/mq135.c **** 
 105:HARDWARE/MQ-135/mq135.c **** /**
 106:HARDWARE/MQ-135/mq135.c ****  * 获取MQ135传感器PPM值
 107:HARDWARE/MQ-135/mq135.c ****  * 功能：将传感器原始数据转换为PPM浓度值
 108:HARDWARE/MQ-135/mq135.c ****  * @param 无
 109:HARDWARE/MQ-135/mq135.c ****  * @retval float PPM浓度值
 110:HARDWARE/MQ-135/mq135.c ****  * @note 仅在MODE=1时有效
 111:HARDWARE/MQ-135/mq135.c ****  */
 112:HARDWARE/MQ-135/mq135.c **** float MQ135_GetData_PPM(void)
 113:HARDWARE/MQ-135/mq135.c **** {
 198              		.loc 1 113 1 is_stmt 1 view -0
 199              		.cfi_startproc
 200              		@ args = 0, pretend = 0, frame = 0
 201              		@ frame_needed = 0, uses_anonymous_args = 0
 202 0000 F8B5     		push	{r3, r4, r5, r6, r7, lr}
 203              	.LCFI5:
 204              		.cfi_def_cfa_offset 24
 205              		.cfi_offset 3, -24
 206              		.cfi_offset 4, -20
 207              		.cfi_offset 5, -16
 208              		.cfi_offset 6, -12
 209              		.cfi_offset 7, -8
 210              		.cfi_offset 14, -4
 114:HARDWARE/MQ-135/mq135.c **** 	#if MODE
 115:HARDWARE/MQ-135/mq135.c **** 	float tempData = 0;
 211              		.loc 1 115 2 view .LVU35
 212              	.LVL14:
 116:HARDWARE/MQ-135/mq135.c **** 	
 117:HARDWARE/MQ-135/mq135.c **** 	// 多次采样取平均值以提高精度
 118:HARDWARE/MQ-135/mq135.c **** 	for (uint8_t i = 0; i < MQ135_READ_TIMES; i++)
 213              		.loc 1 118 2 view .LVU36
 214              	.LBB5:
 215              		.loc 1 118 7 view .LVU37
 216              		.loc 1 118 15 is_stmt 0 view .LVU38
 217 0002 0024     		movs	r4, #0
 218              	.LBE5:
 115:HARDWARE/MQ-135/mq135.c **** 	
 219              		.loc 1 115 8 view .LVU39
 220 0004 0025     		movs	r5, #0
 221              	.LBB6:
 222              		.loc 1 118 2 view .LVU40
 223 0006 0DE0     		b	.L14
 224              	.LVL15:
 225              	.L15:
 119:HARDWARE/MQ-135/mq135.c **** 	{
ARM GAS  C:\Users\31687\AppData\Local\Temp\ccfCOtxC.s 			page 7


 120:HARDWARE/MQ-135/mq135.c **** 		tempData += MQ135_ADC_Read();
 226              		.loc 1 120 3 is_stmt 1 view .LVU41
 227              		.loc 1 120 15 is_stmt 0 view .LVU42
 228 0008 FFF7FEFF 		bl	MQ135_ADC_Read
 229              	.LVL16:
 230              		.loc 1 120 12 discriminator 1 view .LVU43
 231 000c FFF7FEFF 		bl	__aeabi_i2f
 232              	.LVL17:
 233 0010 0146     		mov	r1, r0
 234 0012 2846     		mov	r0, r5
 235 0014 FFF7FEFF 		bl	__aeabi_fadd
 236              	.LVL18:
 237 0018 0546     		mov	r5, r0
 238              	.LVL19:
 121:HARDWARE/MQ-135/mq135.c **** 		delay_ms(5); // 短暂延时
 239              		.loc 1 121 3 is_stmt 1 view .LVU44
 240 001a 0520     		movs	r0, #5
 241              	.LVL20:
 242              		.loc 1 121 3 is_stmt 0 view .LVU45
 243 001c FFF7FEFF 		bl	delay_ms
 244              	.LVL21:
 118:HARDWARE/MQ-135/mq135.c **** 	{
 245              		.loc 1 118 45 is_stmt 1 discriminator 3 view .LVU46
 246 0020 0134     		adds	r4, r4, #1
 247              	.LVL22:
 118:HARDWARE/MQ-135/mq135.c **** 	{
 248              		.loc 1 118 45 is_stmt 0 discriminator 3 view .LVU47
 249 0022 E4B2     		uxtb	r4, r4
 250              	.LVL23:
 251              	.L14:
 118:HARDWARE/MQ-135/mq135.c **** 	{
 252              		.loc 1 118 24 is_stmt 1 discriminator 1 view .LVU48
 253 0024 092C     		cmp	r4, #9
 254 0026 EFD9     		bls	.L15
 255              	.LBE6:
 122:HARDWARE/MQ-135/mq135.c **** 	}
 123:HARDWARE/MQ-135/mq135.c **** 	tempData /= MQ135_READ_TIMES; // 计算平均值
 256              		.loc 1 123 2 view .LVU49
 257              		.loc 1 123 11 is_stmt 0 view .LVU50
 258 0028 2149     		ldr	r1, .L17+16
 259 002a 2846     		mov	r0, r5
 260 002c FFF7FEFF 		bl	__aeabi_fdiv
 261              	.LVL24:
 124:HARDWARE/MQ-135/mq135.c **** 	
 125:HARDWARE/MQ-135/mq135.c **** 	// 计算电压值（假设参考电压为5V）
 126:HARDWARE/MQ-135/mq135.c **** 	float Vol = (tempData * 5.0) / 4096.0;
 262              		.loc 1 126 2 is_stmt 1 view .LVU51
 263              		.loc 1 126 24 is_stmt 0 view .LVU52
 264 0030 FFF7FEFF 		bl	__aeabi_f2d
 265              	.LVL25:
 266              		.loc 1 126 24 view .LVU53
 267 0034 0022     		movs	r2, #0
 268 0036 1F4B     		ldr	r3, .L17+20
 269 0038 FFF7FEFF 		bl	__aeabi_dmul
 270              	.LVL26:
 271              		.loc 1 126 31 view .LVU54
 272 003c 0022     		movs	r2, #0
ARM GAS  C:\Users\31687\AppData\Local\Temp\ccfCOtxC.s 			page 8


 273 003e 1E4B     		ldr	r3, .L17+24
 274 0040 FFF7FEFF 		bl	__aeabi_dmul
 275              	.LVL27:
 276              		.loc 1 126 8 view .LVU55
 277 0044 FFF7FEFF 		bl	__aeabi_d2f
 278              	.LVL28:
 127:HARDWARE/MQ-135/mq135.c **** 	
 128:HARDWARE/MQ-135/mq135.c **** 	// 计算传感器电阻值
 129:HARDWARE/MQ-135/mq135.c **** 	// RS = (Vc - Vout) / (Vout * RL)
 130:HARDWARE/MQ-135/mq135.c **** 	// 其中RL为负载电阻，这里假设为0.5KΩ
 131:HARDWARE/MQ-135/mq135.c **** 	float RS = (5.0 - Vol) / (Vol * 0.5);
 279              		.loc 1 131 2 is_stmt 1 view .LVU56
 280              		.loc 1 131 18 is_stmt 0 view .LVU57
 281 0048 FFF7FEFF 		bl	__aeabi_f2d
 282              	.LVL29:
 283              		.loc 1 131 18 view .LVU58
 284 004c 0446     		mov	r4, r0
 285              	.LVL30:
 286              		.loc 1 131 18 view .LVU59
 287 004e 0D46     		mov	r5, r1
 288 0050 0246     		mov	r2, r0
 289 0052 0B46     		mov	r3, r1
 290 0054 0020     		movs	r0, #0
 291 0056 1749     		ldr	r1, .L17+20
 292 0058 FFF7FEFF 		bl	__aeabi_dsub
 293              	.LVL31:
 294 005c 0646     		mov	r6, r0
 295 005e 0F46     		mov	r7, r1
 296              		.loc 1 131 32 view .LVU60
 297 0060 0022     		movs	r2, #0
 298 0062 164B     		ldr	r3, .L17+28
 299 0064 2046     		mov	r0, r4
 300 0066 2946     		mov	r1, r5
 301 0068 FFF7FEFF 		bl	__aeabi_dmul
 302              	.LVL32:
 303 006c 0246     		mov	r2, r0
 304 006e 0B46     		mov	r3, r1
 305              		.loc 1 131 25 view .LVU61
 306 0070 3046     		mov	r0, r6
 307 0072 3946     		mov	r1, r7
 308 0074 FFF7FEFF 		bl	__aeabi_ddiv
 309              	.LVL33:
 310              		.loc 1 131 8 view .LVU62
 311 0078 FFF7FEFF 		bl	__aeabi_d2f
 312              	.LVL34:
 132:HARDWARE/MQ-135/mq135.c **** 	
 133:HARDWARE/MQ-135/mq135.c **** 	// 传感器在洁净空气中的电阻值（需要校准）
 134:HARDWARE/MQ-135/mq135.c **** 	float R0 = 6.64;
 313              		.loc 1 134 2 is_stmt 1 view .LVU63
 135:HARDWARE/MQ-135/mq135.c **** 	
 136:HARDWARE/MQ-135/mq135.c **** 	// 根据MQ-135传感器特性曲线计算PPM值
 137:HARDWARE/MQ-135/mq135.c **** 	// ppm = pow((R0/RS) * 11.5428, 0.6549)
 138:HARDWARE/MQ-135/mq135.c **** 	float ppm = pow(11.5428 * R0 / RS, 0.6549f);
 314              		.loc 1 138 2 view .LVU64
 315              		.loc 1 138 14 is_stmt 0 view .LVU65
 316 007c FFF7FEFF 		bl	__aeabi_f2d
 317              	.LVL35:
ARM GAS  C:\Users\31687\AppData\Local\Temp\ccfCOtxC.s 			page 9


 318              		.loc 1 138 14 view .LVU66
 319 0080 0246     		mov	r2, r0
 320 0082 0B46     		mov	r3, r1
 321 0084 06A1     		adr	r1, .L17
 322 0086 D1E90001 		ldrd	r0, [r1]
 323 008a FFF7FEFF 		bl	__aeabi_ddiv
 324              	.LVL36:
 325 008e 06A3     		adr	r3, .L17+8
 326 0090 D3E90023 		ldrd	r2, [r3]
 327 0094 FFF7FEFF 		bl	pow
 328              	.LVL37:
 329              		.loc 1 138 8 discriminator 1 view .LVU67
 330 0098 FFF7FEFF 		bl	__aeabi_d2f
 331              	.LVL38:
 139:HARDWARE/MQ-135/mq135.c **** 	
 140:HARDWARE/MQ-135/mq135.c **** 	return ppm;
 332              		.loc 1 140 2 is_stmt 1 view .LVU68
 141:HARDWARE/MQ-135/mq135.c **** 	#endif
 142:HARDWARE/MQ-135/mq135.c **** }
 333              		.loc 1 142 1 is_stmt 0 view .LVU69
 334 009c F8BD     		pop	{r3, r4, r5, r6, r7, pc}
 335              	.L18:
 336 009e 00BF     		.align	3
 337              	.L17:
 338 00a0 764F9E6A 		.word	1788759926
 339 00a4 3A295340 		.word	1079191866
 340 00a8 000000E0 		.word	-536870912
 341 00ac F0F4E43F 		.word	1071969520
 342 00b0 00002041 		.word	1092616192
 343 00b4 00001440 		.word	1075052544
 344 00b8 0000303F 		.word	1060110336
 345 00bc 0000E03F 		.word	1071644672
 346              		.cfi_endproc
 347              	.LFE32:
 349              		.text
 350              	.Letext0:
 351              		.file 2 "D:\\Study\\EmbeddedSystem\\STM32Cube\\STM32CubeCLT_1.20.0\\GNU-tools-for-STM32\\bin/../li
 352              		.file 3 "D:\\Study\\EmbeddedSystem\\STM32Cube\\STM32CubeCLT_1.20.0\\GNU-tools-for-STM32\\bin/../li
 353              		.file 4 "USER/stm32f10x.h"
 354              		.file 5 "STM32F10x_FWLib/inc/stm32f10x_gpio.h"
 355              		.file 6 "SYSTEM/delay/delay.h"
 356              		.file 7 "STM32F10x_FWLib/inc/stm32f10x_rcc.h"
 357              		.file 8 "D:\\Study\\EmbeddedSystem\\STM32Cube\\STM32CubeCLT_1.20.0\\GNU-tools-for-STM32\\bin/../li
 358              		.file 9 "SYSTEM/adc/adcx.h"
ARM GAS  C:\Users\31687\AppData\Local\Temp\ccfCOtxC.s 			page 10


DEFINED SYMBOLS
                            *ABS*:00000000 mq135.c
C:\Users\31687\AppData\Local\Temp\ccfCOtxC.s:19     .text.MQ135_Init:00000000 $t
C:\Users\31687\AppData\Local\Temp\ccfCOtxC.s:25     .text.MQ135_Init:00000000 MQ135_Init
C:\Users\31687\AppData\Local\Temp\ccfCOtxC.s:71     .text.MQ135_Init:0000002c $d
C:\Users\31687\AppData\Local\Temp\ccfCOtxC.s:76     .text.MQ135_ADC_Read:00000000 $t
C:\Users\31687\AppData\Local\Temp\ccfCOtxC.s:82     .text.MQ135_ADC_Read:00000000 MQ135_ADC_Read
C:\Users\31687\AppData\Local\Temp\ccfCOtxC.s:105    .text.MQ135_GetData:00000000 $t
C:\Users\31687\AppData\Local\Temp\ccfCOtxC.s:111    .text.MQ135_GetData:00000000 MQ135_GetData
C:\Users\31687\AppData\Local\Temp\ccfCOtxC.s:177    .text.MQ135_GetData:00000028 $d
C:\Users\31687\AppData\Local\Temp\ccfCOtxC.s:190    .text.MQ135_GetData_PPM:00000000 $t
C:\Users\31687\AppData\Local\Temp\ccfCOtxC.s:196    .text.MQ135_GetData_PPM:00000000 MQ135_GetData_PPM
C:\Users\31687\AppData\Local\Temp\ccfCOtxC.s:338    .text.MQ135_GetData_PPM:000000a0 $d

UNDEFINED SYMBOLS
RCC_APB2PeriphClockCmd
GPIO_Init
ADCx_Init
ADC_GetValue
delay_ms
__aeabi_i2f
__aeabi_fadd
__aeabi_fdiv
__aeabi_f2d
__aeabi_dmul
__aeabi_d2f
__aeabi_dsub
__aeabi_ddiv
pow
