ARM GAS  C:\Users\31687\AppData\Local\Temp\ccd0oD0j.s 			page 1


   1              		.cpu cortex-m3
   2              		.arch armv7-m
   3              		.fpu softvfp
   4              		.eabi_attribute 20, 1
   5              		.eabi_attribute 21, 1
   6              		.eabi_attribute 23, 3
   7              		.eabi_attribute 24, 1
   8              		.eabi_attribute 25, 1
   9              		.eabi_attribute 26, 1
  10              		.eabi_attribute 30, 1
  11              		.eabi_attribute 34, 1
  12              		.eabi_attribute 18, 4
  13              		.file	"PWM.c"
  14              		.text
  15              	.Ltext0:
  16              		.cfi_sections	.debug_frame
  17              		.file 1 "HARDWARE/PWM/PWM.c"
  18              		.section	.text.PWM_Init,"ax",%progbits
  19              		.align	1
  20              		.global	PWM_Init
  21              		.syntax unified
  22              		.thumb
  23              		.thumb_func
  25              	PWM_Init:
  26              	.LFB29:
   1:HARDWARE/PWM/PWM.c **** /**
   2:HARDWARE/PWM/PWM.c ****  * PWM.c
   3:HARDWARE/PWM/PWM.c ****  * PWM驱动实现文件
   4:HARDWARE/PWM/PWM.c ****  * 功能：实现PWM初始化和占空比设置函数
   5:HARDWARE/PWM/PWM.c ****  * 版本：V1.0
   6:HARDWARE/PWM/PWM.c ****  * 测试硬件：STM32F103RCT6
   7:HARDWARE/PWM/PWM.c ****  * 作者：蔬菜恒温库监控系统开发团队
   8:HARDWARE/PWM/PWM.c ****  * 创建日期：2026-03-08
   9:HARDWARE/PWM/PWM.c ****  * 项目：蔬菜恒温库监控系统
  10:HARDWARE/PWM/PWM.c ****  */
  11:HARDWARE/PWM/PWM.c **** 
  12:HARDWARE/PWM/PWM.c **** #include "PWM.h" 
  13:HARDWARE/PWM/PWM.c **** 
  14:HARDWARE/PWM/PWM.c **** /**
  15:HARDWARE/PWM/PWM.c ****  * @brief 初始化PWM
  16:HARDWARE/PWM/PWM.c ****  * @param 无
  17:HARDWARE/PWM/PWM.c ****  * @return 无
  18:HARDWARE/PWM/PWM.c ****  * @note 使用TIM3的通道1和通道2，对应PA6和PA7引脚
  19:HARDWARE/PWM/PWM.c ****  *       PWM频率：72MHz / 720 / 100 = 1kHz
  20:HARDWARE/PWM/PWM.c ****  */
  21:HARDWARE/PWM/PWM.c **** void PWM_Init(void)
  22:HARDWARE/PWM/PWM.c **** {
  27              		.loc 1 22 1 view -0
  28              		.cfi_startproc
  29              		@ args = 0, pretend = 0, frame = 32
  30              		@ frame_needed = 0, uses_anonymous_args = 0
  31 0000 70B5     		push	{r4, r5, r6, lr}
  32              	.LCFI0:
  33              		.cfi_def_cfa_offset 16
  34              		.cfi_offset 4, -16
  35              		.cfi_offset 5, -12
  36              		.cfi_offset 6, -8
ARM GAS  C:\Users\31687\AppData\Local\Temp\ccd0oD0j.s 			page 2


  37              		.cfi_offset 14, -4
  38 0002 88B0     		sub	sp, sp, #32
  39              	.LCFI1:
  40              		.cfi_def_cfa_offset 48
  23:HARDWARE/PWM/PWM.c **** 	// 使能TIM3时钟
  24:HARDWARE/PWM/PWM.c **** 	RCC_APB1PeriphClockCmd(RCC_APB1Periph_TIM3, ENABLE);
  41              		.loc 1 24 2 view .LVU1
  42 0004 0121     		movs	r1, #1
  43 0006 0220     		movs	r0, #2
  44 0008 FFF7FEFF 		bl	RCC_APB1PeriphClockCmd
  45              	.LVL0:
  25:HARDWARE/PWM/PWM.c **** 	// 使能GPIOA时钟
  26:HARDWARE/PWM/PWM.c **** 	RCC_APB2PeriphClockCmd(RCC_APB2Periph_GPIOA, ENABLE);
  46              		.loc 1 26 2 view .LVU2
  47 000c 0121     		movs	r1, #1
  48 000e 0420     		movs	r0, #4
  49 0010 FFF7FEFF 		bl	RCC_APB2PeriphClockCmd
  50              	.LVL1:
  27:HARDWARE/PWM/PWM.c **** 	
  28:HARDWARE/PWM/PWM.c **** 	// 以下为引脚重映射代码，当前未使用
  29:HARDWARE/PWM/PWM.c **** 	// RCC_APB2PeriphClockCmd(RCC_APB2Periph_AFIO, ENABLE);
  30:HARDWARE/PWM/PWM.c **** 	// GPIO_PinRemapConfig(GPIO_PartialRemap1_TIM3, ENABLE);
  31:HARDWARE/PWM/PWM.c **** 	// GPIO_PinRemapConfig(GPIO_Remap_SWJ_JTAGDisable, ENABLE);
  32:HARDWARE/PWM/PWM.c **** 	
  33:HARDWARE/PWM/PWM.c **** 	// 配置PA6和PA7为复用推挽输出
  34:HARDWARE/PWM/PWM.c **** 	GPIO_InitTypeDef GPIO_InitStructure;
  51              		.loc 1 34 2 view .LVU3
  35:HARDWARE/PWM/PWM.c **** 	GPIO_InitStructure.GPIO_Mode = GPIO_Mode_AF_PP;      // 复用推挽输出
  52              		.loc 1 35 2 view .LVU4
  53              		.loc 1 35 31 is_stmt 0 view .LVU5
  54 0014 1823     		movs	r3, #24
  55 0016 8DF81F30 		strb	r3, [sp, #31]
  36:HARDWARE/PWM/PWM.c **** 	GPIO_InitStructure.GPIO_Pin = GPIO_Pin_6 | GPIO_Pin_7;    // PA6和PA7
  56              		.loc 1 36 2 is_stmt 1 view .LVU6
  57              		.loc 1 36 30 is_stmt 0 view .LVU7
  58 001a C023     		movs	r3, #192
  59 001c ADF81C30 		strh	r3, [sp, #28]	@ movhi
  37:HARDWARE/PWM/PWM.c **** 	GPIO_InitStructure.GPIO_Speed = GPIO_Speed_50MHz;    // 速度50MHz
  60              		.loc 1 37 2 is_stmt 1 view .LVU8
  61              		.loc 1 37 32 is_stmt 0 view .LVU9
  62 0020 0323     		movs	r3, #3
  63 0022 8DF81E30 		strb	r3, [sp, #30]
  38:HARDWARE/PWM/PWM.c **** 	GPIO_Init(GPIOA, &GPIO_InitStructure);
  64              		.loc 1 38 2 is_stmt 1 view .LVU10
  65 0026 07A9     		add	r1, sp, #28
  66 0028 1948     		ldr	r0, .L3
  67 002a FFF7FEFF 		bl	GPIO_Init
  68              	.LVL2:
  39:HARDWARE/PWM/PWM.c **** 	
  40:HARDWARE/PWM/PWM.c **** 	// 使用TIM3内部时钟
  41:HARDWARE/PWM/PWM.c **** 	TIM_InternalClockConfig(TIM3);
  69              		.loc 1 41 2 view .LVU11
  70 002e 194C     		ldr	r4, .L3+4
  71 0030 2046     		mov	r0, r4
  72 0032 FFF7FEFF 		bl	TIM_InternalClockConfig
  73              	.LVL3:
  42:HARDWARE/PWM/PWM.c **** 	
ARM GAS  C:\Users\31687\AppData\Local\Temp\ccd0oD0j.s 			page 3


  43:HARDWARE/PWM/PWM.c **** 	// 初始化TIM3时基
  44:HARDWARE/PWM/PWM.c **** 	TIM_TimeBaseInitTypeDef TIM_TimeBaseInitStructure;
  74              		.loc 1 44 2 view .LVU12
  45:HARDWARE/PWM/PWM.c **** 	TIM_TimeBaseInitStructure.TIM_ClockDivision = TIM_CKD_DIV1;   // 时钟分频
  75              		.loc 1 45 2 view .LVU13
  76              		.loc 1 45 46 is_stmt 0 view .LVU14
  77 0036 0025     		movs	r5, #0
  78 0038 ADF81650 		strh	r5, [sp, #22]	@ movhi
  46:HARDWARE/PWM/PWM.c **** 	TIM_TimeBaseInitStructure.TIM_CounterMode = TIM_CounterMode_Up;  // 向上计数模式
  79              		.loc 1 46 2 is_stmt 1 view .LVU15
  80              		.loc 1 46 44 is_stmt 0 view .LVU16
  81 003c ADF81250 		strh	r5, [sp, #18]	@ movhi
  47:HARDWARE/PWM/PWM.c **** 	TIM_TimeBaseInitStructure.TIM_Period = 100 - 1;           // 自动重装载值(ARR)
  82              		.loc 1 47 2 is_stmt 1 view .LVU17
  83              		.loc 1 47 39 is_stmt 0 view .LVU18
  84 0040 6323     		movs	r3, #99
  85 0042 ADF81430 		strh	r3, [sp, #20]	@ movhi
  48:HARDWARE/PWM/PWM.c **** 	TIM_TimeBaseInitStructure.TIM_Prescaler = 720 - 1;         // 预分频器(PSC)
  86              		.loc 1 48 2 is_stmt 1 view .LVU19
  87              		.loc 1 48 42 is_stmt 0 view .LVU20
  88 0046 40F2CF23 		movw	r3, #719
  89 004a ADF81030 		strh	r3, [sp, #16]	@ movhi
  49:HARDWARE/PWM/PWM.c **** 	TIM_TimeBaseInitStructure.TIM_RepetitionCounter = 0;       // 重复计数器
  90              		.loc 1 49 2 is_stmt 1 view .LVU21
  91              		.loc 1 49 50 is_stmt 0 view .LVU22
  92 004e 8DF81850 		strb	r5, [sp, #24]
  50:HARDWARE/PWM/PWM.c **** 	TIM_TimeBaseInit(TIM3, &TIM_TimeBaseInitStructure);
  93              		.loc 1 50 2 is_stmt 1 view .LVU23
  94 0052 04A9     		add	r1, sp, #16
  95 0054 2046     		mov	r0, r4
  96 0056 FFF7FEFF 		bl	TIM_TimeBaseInit
  97              	.LVL4:
  51:HARDWARE/PWM/PWM.c **** 	
  52:HARDWARE/PWM/PWM.c **** 	// 初始化TIM3输出比较
  53:HARDWARE/PWM/PWM.c **** 	TIM_OCInitTypeDef TIM_OCInitStructure;
  98              		.loc 1 53 2 view .LVU24
  54:HARDWARE/PWM/PWM.c **** 	TIM_OCStructInit(&TIM_OCInitStructure);                  // 初始化结构体
  99              		.loc 1 54 2 view .LVU25
 100 005a 6846     		mov	r0, sp
 101 005c FFF7FEFF 		bl	TIM_OCStructInit
 102              	.LVL5:
  55:HARDWARE/PWM/PWM.c **** 	TIM_OCInitStructure.TIM_OCMode = TIM_OCMode_PWM1;        // PWM模式1
 103              		.loc 1 55 2 view .LVU26
 104              		.loc 1 55 33 is_stmt 0 view .LVU27
 105 0060 6023     		movs	r3, #96
 106 0062 ADF80030 		strh	r3, [sp]	@ movhi
  56:HARDWARE/PWM/PWM.c **** 	TIM_OCInitStructure.TIM_OCPolarity = TIM_OCPolarity_High; // 输出极性高
 107              		.loc 1 56 2 is_stmt 1 view .LVU28
 108              		.loc 1 56 37 is_stmt 0 view .LVU29
 109 0066 ADF80850 		strh	r5, [sp, #8]	@ movhi
  57:HARDWARE/PWM/PWM.c **** 	TIM_OCInitStructure.TIM_OutputState = TIM_OutputState_Enable; // 输出使能
 110              		.loc 1 57 2 is_stmt 1 view .LVU30
 111              		.loc 1 57 38 is_stmt 0 view .LVU31
 112 006a 0126     		movs	r6, #1
 113 006c ADF80260 		strh	r6, [sp, #2]	@ movhi
  58:HARDWARE/PWM/PWM.c **** 	TIM_OCInitStructure.TIM_Pulse = 0;                       // 初始比较值(CCR)
 114              		.loc 1 58 2 is_stmt 1 view .LVU32
ARM GAS  C:\Users\31687\AppData\Local\Temp\ccd0oD0j.s 			page 4


 115              		.loc 1 58 32 is_stmt 0 view .LVU33
 116 0070 ADF80650 		strh	r5, [sp, #6]	@ movhi
  59:HARDWARE/PWM/PWM.c ****     
  60:HARDWARE/PWM/PWM.c **** 	// 初始化通道1
  61:HARDWARE/PWM/PWM.c **** 	TIM_OC1Init(TIM3, &TIM_OCInitStructure);
 117              		.loc 1 61 2 is_stmt 1 view .LVU34
 118 0074 6946     		mov	r1, sp
 119 0076 2046     		mov	r0, r4
 120 0078 FFF7FEFF 		bl	TIM_OC1Init
 121              	.LVL6:
  62:HARDWARE/PWM/PWM.c **** 	// 初始化通道2
  63:HARDWARE/PWM/PWM.c **** 	TIM_OC2Init(TIM3, &TIM_OCInitStructure);
 122              		.loc 1 63 2 view .LVU35
 123 007c 6946     		mov	r1, sp
 124 007e 2046     		mov	r0, r4
 125 0080 FFF7FEFF 		bl	TIM_OC2Init
 126              	.LVL7:
  64:HARDWARE/PWM/PWM.c **** 	
  65:HARDWARE/PWM/PWM.c **** 	// 使能TIM3
  66:HARDWARE/PWM/PWM.c **** 	TIM_Cmd(TIM3, ENABLE);
 127              		.loc 1 66 2 view .LVU36
 128 0084 3146     		mov	r1, r6
 129 0086 2046     		mov	r0, r4
 130 0088 FFF7FEFF 		bl	TIM_Cmd
 131              	.LVL8:
  67:HARDWARE/PWM/PWM.c **** }
 132              		.loc 1 67 1 is_stmt 0 view .LVU37
 133 008c 08B0     		add	sp, sp, #32
 134              	.LCFI2:
 135              		.cfi_def_cfa_offset 16
 136              		@ sp needed
 137 008e 70BD     		pop	{r4, r5, r6, pc}
 138              	.L4:
 139              		.align	2
 140              	.L3:
 141 0090 00080140 		.word	1073809408
 142 0094 00040040 		.word	1073742848
 143              		.cfi_endproc
 144              	.LFE29:
 146              		.section	.text.PWM_SetCompare1,"ax",%progbits
 147              		.align	1
 148              		.global	PWM_SetCompare1
 149              		.syntax unified
 150              		.thumb
 151              		.thumb_func
 153              	PWM_SetCompare1:
 154              	.LVL9:
 155              	.LFB30:
  68:HARDWARE/PWM/PWM.c **** 
  69:HARDWARE/PWM/PWM.c **** /**
  70:HARDWARE/PWM/PWM.c ****  * @brief 设置TIM3通道1的比较值（占空比）
  71:HARDWARE/PWM/PWM.c ****  * @param Compare: 比较值，范围0-99
  72:HARDWARE/PWM/PWM.c ****  * @return 无
  73:HARDWARE/PWM/PWM.c ****  * @note 占空比 = Compare / 100
  74:HARDWARE/PWM/PWM.c ****  */
  75:HARDWARE/PWM/PWM.c **** void PWM_SetCompare1(uint16_t Compare)
  76:HARDWARE/PWM/PWM.c **** {
ARM GAS  C:\Users\31687\AppData\Local\Temp\ccd0oD0j.s 			page 5


 156              		.loc 1 76 1 is_stmt 1 view -0
 157              		.cfi_startproc
 158              		@ args = 0, pretend = 0, frame = 0
 159              		@ frame_needed = 0, uses_anonymous_args = 0
 160              		.loc 1 76 1 is_stmt 0 view .LVU39
 161 0000 08B5     		push	{r3, lr}
 162              	.LCFI3:
 163              		.cfi_def_cfa_offset 8
 164              		.cfi_offset 3, -8
 165              		.cfi_offset 14, -4
 166 0002 0146     		mov	r1, r0
  77:HARDWARE/PWM/PWM.c **** 	// 设置通道1的比较值
  78:HARDWARE/PWM/PWM.c **** 	TIM_SetCompare1(TIM3, Compare);
 167              		.loc 1 78 2 is_stmt 1 view .LVU40
 168 0004 0148     		ldr	r0, .L7
 169              	.LVL10:
 170              		.loc 1 78 2 is_stmt 0 view .LVU41
 171 0006 FFF7FEFF 		bl	TIM_SetCompare1
 172              	.LVL11:
  79:HARDWARE/PWM/PWM.c **** }
 173              		.loc 1 79 1 view .LVU42
 174 000a 08BD     		pop	{r3, pc}
 175              	.L8:
 176              		.align	2
 177              	.L7:
 178 000c 00040040 		.word	1073742848
 179              		.cfi_endproc
 180              	.LFE30:
 182              		.section	.text.PWM_SetCompare2,"ax",%progbits
 183              		.align	1
 184              		.global	PWM_SetCompare2
 185              		.syntax unified
 186              		.thumb
 187              		.thumb_func
 189              	PWM_SetCompare2:
 190              	.LVL12:
 191              	.LFB31:
  80:HARDWARE/PWM/PWM.c **** 
  81:HARDWARE/PWM/PWM.c **** /**
  82:HARDWARE/PWM/PWM.c ****  * @brief 设置TIM3通道2的比较值（占空比）
  83:HARDWARE/PWM/PWM.c ****  * @param Compare: 比较值，范围0-99
  84:HARDWARE/PWM/PWM.c ****  * @return 无
  85:HARDWARE/PWM/PWM.c ****  * @note 占空比 = Compare / 100
  86:HARDWARE/PWM/PWM.c ****  */
  87:HARDWARE/PWM/PWM.c **** void PWM_SetCompare2(uint16_t Compare)
  88:HARDWARE/PWM/PWM.c **** {
 192              		.loc 1 88 1 is_stmt 1 view -0
 193              		.cfi_startproc
 194              		@ args = 0, pretend = 0, frame = 0
 195              		@ frame_needed = 0, uses_anonymous_args = 0
 196              		.loc 1 88 1 is_stmt 0 view .LVU44
 197 0000 08B5     		push	{r3, lr}
 198              	.LCFI4:
 199              		.cfi_def_cfa_offset 8
 200              		.cfi_offset 3, -8
 201              		.cfi_offset 14, -4
 202 0002 0146     		mov	r1, r0
ARM GAS  C:\Users\31687\AppData\Local\Temp\ccd0oD0j.s 			page 6


  89:HARDWARE/PWM/PWM.c **** 	// 设置通道2的比较值
  90:HARDWARE/PWM/PWM.c **** 	TIM_SetCompare2(TIM3, Compare);
 203              		.loc 1 90 2 is_stmt 1 view .LVU45
 204 0004 0148     		ldr	r0, .L11
 205              	.LVL13:
 206              		.loc 1 90 2 is_stmt 0 view .LVU46
 207 0006 FFF7FEFF 		bl	TIM_SetCompare2
 208              	.LVL14:
  91:HARDWARE/PWM/PWM.c **** }
 209              		.loc 1 91 1 view .LVU47
 210 000a 08BD     		pop	{r3, pc}
 211              	.L12:
 212              		.align	2
 213              	.L11:
 214 000c 00040040 		.word	1073742848
 215              		.cfi_endproc
 216              	.LFE31:
 218              		.text
 219              	.Letext0:
 220              		.file 2 "D:\\Study\\EmbeddedSystem\\STM32Cube\\STM32CubeCLT_1.20.0\\GNU-tools-for-STM32\\bin/../li
 221              		.file 3 "D:\\Study\\EmbeddedSystem\\STM32Cube\\STM32CubeCLT_1.20.0\\GNU-tools-for-STM32\\bin/../li
 222              		.file 4 "USER/stm32f10x.h"
 223              		.file 5 "STM32F10x_FWLib/inc/stm32f10x_gpio.h"
 224              		.file 6 "STM32F10x_FWLib/inc/stm32f10x_tim.h"
 225              		.file 7 "STM32F10x_FWLib/inc/stm32f10x_rcc.h"
ARM GAS  C:\Users\31687\AppData\Local\Temp\ccd0oD0j.s 			page 7


DEFINED SYMBOLS
                            *ABS*:00000000 PWM.c
C:\Users\31687\AppData\Local\Temp\ccd0oD0j.s:19     .text.PWM_Init:00000000 $t
C:\Users\31687\AppData\Local\Temp\ccd0oD0j.s:25     .text.PWM_Init:00000000 PWM_Init
C:\Users\31687\AppData\Local\Temp\ccd0oD0j.s:141    .text.PWM_Init:00000090 $d
C:\Users\31687\AppData\Local\Temp\ccd0oD0j.s:147    .text.PWM_SetCompare1:00000000 $t
C:\Users\31687\AppData\Local\Temp\ccd0oD0j.s:153    .text.PWM_SetCompare1:00000000 PWM_SetCompare1
C:\Users\31687\AppData\Local\Temp\ccd0oD0j.s:178    .text.PWM_SetCompare1:0000000c $d
C:\Users\31687\AppData\Local\Temp\ccd0oD0j.s:183    .text.PWM_SetCompare2:00000000 $t
C:\Users\31687\AppData\Local\Temp\ccd0oD0j.s:189    .text.PWM_SetCompare2:00000000 PWM_SetCompare2
C:\Users\31687\AppData\Local\Temp\ccd0oD0j.s:214    .text.PWM_SetCompare2:0000000c $d

UNDEFINED SYMBOLS
RCC_APB1PeriphClockCmd
RCC_APB2PeriphClockCmd
GPIO_Init
TIM_InternalClockConfig
TIM_TimeBaseInit
TIM_OCStructInit
TIM_OC1Init
TIM_OC2Init
TIM_Cmd
TIM_SetCompare1
TIM_SetCompare2
