ARM GAS  C:\Users\31687\AppData\Local\Temp\ccu5V1Vv.s 			page 1


   1              		.cpu cortex-m3
   2              		.arch armv7-m
   3              		.fpu softvfp
   4              		.eabi_attribute 20, 1
   5              		.eabi_attribute 21, 1
   6              		.eabi_attribute 23, 3
   7              		.eabi_attribute 24, 1
   8              		.eabi_attribute 25, 1
   9              		.eabi_attribute 26, 1
  10              		.eabi_attribute 30, 1
  11              		.eabi_attribute 34, 1
  12              		.eabi_attribute 18, 4
  13              		.file	"sys.c"
  14              		.text
  15              	.Ltext0:
  16              		.cfi_sections	.debug_frame
  17              		.file 1 "SYSTEM/sys/sys.c"
  18              		.section	.text.NVIC_Configuration,"ax",%progbits
  19              		.align	1
  20              		.global	NVIC_Configuration
  21              		.syntax unified
  22              		.thumb
  23              		.thumb_func
  25              	NVIC_Configuration:
  26              	.LFB29:
   1:SYSTEM/sys/sys.c **** #include "sys.h"
   2:SYSTEM/sys/sys.c **** 
   3:SYSTEM/sys/sys.c **** /**
   4:SYSTEM/sys/sys.c ****  * NVIC中断优先级配置函数
   5:SYSTEM/sys/sys.c ****  * 功能：配置NVIC中断优先级分组
   6:SYSTEM/sys/sys.c ****  * 说明：设置为分组2，即2位抢占优先级，2位响应优先级
   7:SYSTEM/sys/sys.c ****  * 抢占优先级：决定是否能打断其他中断
   8:SYSTEM/sys/sys.c ****  * 响应优先级：决定同时发生时的执行顺序
   9:SYSTEM/sys/sys.c ****  */
  10:SYSTEM/sys/sys.c **** void NVIC_Configuration(void)
  11:SYSTEM/sys/sys.c **** {
  27              		.loc 1 11 1 view -0
  28              		.cfi_startproc
  29              		@ args = 0, pretend = 0, frame = 0
  30              		@ frame_needed = 0, uses_anonymous_args = 0
  31 0000 08B5     		push	{r3, lr}
  32              	.LCFI0:
  33              		.cfi_def_cfa_offset 8
  34              		.cfi_offset 3, -8
  35              		.cfi_offset 14, -4
  12:SYSTEM/sys/sys.c ****     //配置NVIC中断分组2:2位抢占优先级，2位响应优先级
  13:SYSTEM/sys/sys.c ****     NVIC_PriorityGroupConfig(NVIC_PriorityGroup_2);
  36              		.loc 1 13 5 view .LVU1
  37 0002 4FF4A060 		mov	r0, #1280
  38 0006 FFF7FEFF 		bl	NVIC_PriorityGroupConfig
  39              	.LVL0:
  14:SYSTEM/sys/sys.c **** 
  15:SYSTEM/sys/sys.c **** }
  40              		.loc 1 15 1 is_stmt 0 view .LVU2
  41 000a 08BD     		pop	{r3, pc}
  42              		.cfi_endproc
  43              	.LFE29:
ARM GAS  C:\Users\31687\AppData\Local\Temp\ccu5V1Vv.s 			page 2


  45              		.text
  46              	.Letext0:
  47              		.file 2 "D:\\Study\\EmbeddedSystem\\STM32Cube\\STM32CubeCLT_1.20.0\\GNU-tools-for-STM32\\bin/../li
  48              		.file 3 "D:\\Study\\EmbeddedSystem\\STM32Cube\\STM32CubeCLT_1.20.0\\GNU-tools-for-STM32\\bin/../li
  49              		.file 4 "STM32F10x_FWLib/inc/misc.h"
ARM GAS  C:\Users\31687\AppData\Local\Temp\ccu5V1Vv.s 			page 3


DEFINED SYMBOLS
                            *ABS*:00000000 sys.c
C:\Users\31687\AppData\Local\Temp\ccu5V1Vv.s:19     .text.NVIC_Configuration:00000000 $t
C:\Users\31687\AppData\Local\Temp\ccu5V1Vv.s:25     .text.NVIC_Configuration:00000000 NVIC_Configuration

UNDEFINED SYMBOLS
NVIC_PriorityGroupConfig
