<html>
<body>
<pre>
<h1>�Vision Build Log</h1>
<h2>Tool Versions:</h2>
IDE-Version: ��Vision V5.41.0.0
Copyright (C) 2024 ARM Ltd and ARM Germany GmbH. All rights reserved.
License Information: 457 Boc, zzu, LIC=VGXG8-36H63-MM39I-T7HHB-0LQ2P-SCCZ8
 
Tool Versions:
Toolchain:       MDK-ARM Plus  Version: 5.41.0.0
Toolchain Path:  D:\Study\EmbeddedSystem\Keil_v5MDK\ARM\ARM_Compiler_5.06u7\Bin
C Compiler:      Armcc.exe V5.06 update 7 (build 960)
Assembler:       Armasm.exe V5.06 update 7 (build 960)
Linker/Locator:  ArmLink.exe V5.06 update 7 (build 960)
Library Manager: ArmAr.exe V5.06 update 7 (build 960)
Hex Converter:   FromElf.exe V5.06 update 7 (build 960)
CPU DLL:         SARMCM3.DLL V5.41.0.0
Dialog DLL:      DCM.DLL V1.17.5.0
Target DLL:      STLink\ST-LINKIII-KEIL_SWO.dll V3.3.0.0
Dialog DLL:      TCM.DLL V1.56.4.0
 
<h2>Project:</h2>
D:\Study\EmbeddedSystem\Projects\�߲˺��¿���ϵͳ\project\USER\LCD.uvprojx
Project File Date:  03/13/2026

<h2>Output:</h2>
*** Using Compiler 'V5.06 update 7 (build 960)', folder: 'D:\Study\EmbeddedSystem\Keil_v5MDK\ARM\ARM_Compiler_5.06u7\Bin'
Rebuild target 'Target 1'
compiling stm32f10x_it.c...
compiling Key.c...
..\SYSTEM\delay\delay.h(36): warning:  #1-D: last line of file ends without a newline
  /***************************** 结束 *****************************/
..\HARDWARE\KEY\Key.c: 1 warning, 0 errors
compiling main.c...
..\SYSTEM\delay\delay.h(36): warning:  #1-D: last line of file ends without a newline
  /***************************** 结束 *****************************/
..\HARDWARE\OLED\OLED.h(238): warning:  #1-D: last line of file ends without a newline
  #endif
..\HARDWARE\DHT22\dht22.h(57): warning:  #1-D: last line of file ends without a newline
  #endif
..\HARDWARE\ESP8266\esp8266.h(105): warning:  #1-D: last line of file ends without a newline
  #endif // _ESP8266_H_
..\HARDWARE\AD\AD.h(31): warning:  #1-D: last line of file ends without a newline
  #endif
..\HARDWARE\Usart\Usart.h(105): warning:  #1-D: last line of file ends without a newline
  /***************************** 结束 *****************************/
main.c(225): warning:  #870-D: invalid multibyte character sequence
                  Serial_Printf("读取成功: 温度=%d.%d�?, 湿度=%d.%d%%\n\r",  
main.c(235): warning:  #870-D: invalid multibyte character sequence
                      Serial_Printf("读取失败，使用上次有效数�?: 温度=%d.%d�?, 湿度=%d.%d%%\n\r",  
main.c(235): warning:  #870-D: invalid multibyte character sequence
                      Serial_Printf("读取失败，使用上次有效数�?: 温度=%d.%d�?, 湿度=%d.%d%%\n\r",  
main.c(720): warning:  #111-D: statement is unreachable
      return NULL;
main.c(783): warning:  #1-D: last line of file ends without a newline
  }
main.c: 11 warnings, 0 errors
compiling system_stm32f10x.c...
compiling control.c...
..\SYSTEM\delay\delay.h(36): warning:  #1-D: last line of file ends without a newline
  /***************************** 结束 *****************************/
..\HARDWARE\control\control.c: 1 warning, 0 errors
compiling oled.c...
..\HARDWARE\OLED\oled.h(238): warning:  #1-D: last line of file ends without a newline
  #endif
..\SYSTEM\delay\delay.h(36): warning:  #1-D: last line of file ends without a newline
  /***************************** 结束 *****************************/
..\HARDWARE\OLED\oled.c(410): warning:  #1-D: last line of file ends without a newline
  }
..\HARDWARE\OLED\oled.c: 3 warnings, 0 errors
compiling Light.c...
..\SYSTEM\delay\delay.h(36): warning:  #1-D: last line of file ends without a newline
  /***************************** 结束 *****************************/
..\HARDWARE\Light\Light.c: 1 warning, 0 errors
compiling dht11.c...
..\SYSTEM\delay\delay.h(36): warning:  #1-D: last line of file ends without a newline
  /***************************** 结束 *****************************/
..\HARDWARE\DHT11\dht11.h(107): warning:  #1-D: last line of file ends without a newline
  #endif /* __DHT11_H */
..\HARDWARE\DHT11\dht11.c: 2 warnings, 0 errors
compiling Timer.c...
..\HARDWARE\Timer\Timer.c(78): warning:  #1-D: last line of file ends without a newline
  /***************************** 结束 *****************************/
..\HARDWARE\Timer\Timer.c: 1 warning, 0 errors
compiling stmflash.c...
..\SYSTEM\delay\delay.h(36): warning:  #1-D: last line of file ends without a newline
  /***************************** 结束 *****************************/
..\HARDWARE\STMFLASH\stmflash.c: 1 warning, 0 errors
compiling Usart.c...
..\HARDWARE\Usart\Usart.h(105): warning:  #1-D: last line of file ends without a newline
  /***************************** 结束 *****************************/
..\HARDWARE\OLED\OLED.h(238): warning:  #1-D: last line of file ends without a newline
  #endif
..\HARDWARE\Usart\Usart.c(482): warning:  #1-D: last line of file ends without a newline
  /***************************** 结束 *****************************/
..\HARDWARE\Usart\Usart.c: 3 warnings, 0 errors
compiling esp8266.c...
..\HARDWARE\ESP8266\esp8266.h(105): warning:  #1-D: last line of file ends without a newline
  #endif // _ESP8266_H_
..\SYSTEM\delay\delay.h(36): warning:  #1-D: last line of file ends without a newline
  /***************************** 结束 *****************************/
..\HARDWARE\OLED\OLED.h(238): warning:  #1-D: last line of file ends without a newline
  #endif
..\HARDWARE\ESP8266\esp8266.c(583): warning:  #1-D: last line of file ends without a newline
  }
..\HARDWARE\ESP8266\esp8266.c: 4 warnings, 0 errors
compiling DS1302.c...
..\HARDWARE\OLED\OLED.h(238): warning:  #1-D: last line of file ends without a newline
  #endif
..\SYSTEM\delay\delay.h(36): warning:  #1-D: last line of file ends without a newline
  /***************************** 结束 *****************************/
..\HARDWARE\DS1302\DS1302.c(322): warning:  #1-D: last line of file ends without a newline
  }
..\HARDWARE\DS1302\DS1302.c: 3 warnings, 0 errors
assembling startup_stm32f10x_md.s...
compiling AD.c...
..\HARDWARE\AD\AD.c(74): warning:  #1-D: last line of file ends without a newline
  }
..\HARDWARE\AD\AD.c: 1 warning, 0 errors
compiling dht22.c...
..\SYSTEM\delay\delay.h(36): warning:  #1-D: last line of file ends without a newline
  /***************************** 结束 *****************************/
..\HARDWARE\DHT22\dht22.h(57): warning:  #1-D: last line of file ends without a newline
  #endif
..\HARDWARE\DHT22\dht22.c(211): warning:  #1-D: last line of file ends without a newline
  }
..\HARDWARE\DHT22\dht22.c: 3 warnings, 0 errors
compiling core_cm3.c...
compiling misc.c...
compiling stm32f10x_adc.c...
compiling stm32f10x_bkp.c...
compiling stm32f10x_crc.c...
compiling stm32f10x_cec.c...
compiling stm32f10x_can.c...
compiling stm32f10x_dac.c...
compiling stm32f10x_dbgmcu.c...
compiling stm32f10x_dma.c...
compiling stm32f10x_exti.c...
compiling stm32f10x_flash.c...
compiling stm32f10x_fsmc.c...
compiling stm32f10x_gpio.c...
compiling stm32f10x_iwdg.c...
compiling stm32f10x_i2c.c...
compiling stm32f10x_rtc.c...
compiling stm32f10x_pwr.c...
compiling stm32f10x_sdio.c...
compiling stm32f10x_rcc.c...
compiling stm32f10x_spi.c...
compiling delay.c...
..\SYSTEM\delay\delay.h(36): warning:  #1-D: last line of file ends without a newline
  /***************************** 结束 *****************************/
..\SYSTEM\delay\delay.c: 1 warning, 0 errors
compiling stm32f10x_wwdg.c...
compiling stm32f10x_usart.c...
compiling stm32f10x_tim.c...
compiling adcx.c...
..\SYSTEM\adc\adcx.c(60): warning:  #1-D: last line of file ends without a newline
  /***************************** 结束 *****************************/
..\SYSTEM\adc\adcx.c: 1 warning, 0 errors
compiling sys.c...
linking...
Program Size: Code=21018 RO-data=3042 RW-data=8340 ZI-data=2596  
FromELF: creating hex file...
"..\OBJ\LCD.axf" - 0 Error(s), 37 Warning(s).

<h2>Software Packages used:</h2>

Package Vendor: Keil
                https://www.keil.com/pack/Keil.STM32F1xx_DFP.2.4.1.pack
                Keil::STM32F1xx_DFP@2.4.1
                STMicroelectronics STM32F1 Series Device Support, Drivers and Examples

<h2>Collection of Component include folders:</h2>
  D:/Study/EmbeddedSystem/Arm/PacksMDK/Keil/STM32F1xx_DFP/2.4.1/Device/Include

<h2>Collection of Component Files used:</h2>
Build Time Elapsed:  00:00:04
</pre>
</body>
</html>
